../Core/Src/main.c:95:5:main	8	static
../Core/Src/main.c:212:6:SystemClock_Config	88	static
../Core/Src/main.c:254:6:HAL_CAN_RxFifo0MsgPendingCallback	16	static
../Core/Src/main.c:269:6:HAL_CAN_RxFifo1MsgPendingCallback	16	static
../Core/Src/main.c:275:6:HAL_GPIO_EXTI_Callback	16	static
../Core/Src/main.c:284:6:HAL_TIM_PeriodElapsedCallback	16	static
../Core/Src/main.c:313:6:HAL_UART_TxCpltCallback	16	static
../Core/Src/main.c:321:6:HAL_UART_TxHalfCpltCallback	16	static
../Core/Src/main.c:331:6:Error_Handler	4	static,ignoring_inline_asm
