../Core/Src/main.c:95:5:main	8	static
../Core/Src/main.c:208:6:SystemClock_Config	88	static
../Core/Src/main.c:247:6:HAL_CAN_RxFifo0MsgPendingCallback	16	static
../Core/Src/main.c:262:6:HAL_CAN_RxFifo1MsgPendingCallback	16	static
../Core/Src/main.c:268:6:HAL_GPIO_EXTI_Callback	16	static
../Core/Src/main.c:277:6:HAL_TIM_PeriodElapsedCallback	16	static
../Core/Src/main.c:306:6:HAL_UART_TxCpltCallback	16	static
../Core/Src/main.c:310:6:HAL_UART_TxHalfCpltCallback	16	static
../Core/Src/main.c:319:6:Error_Handler	4	static,ignoring_inline_asm
