../Core/Src/transmit.c:823:6:transmitPageHandler	16	static
../Core/Src/transmit.c:828:6:fireModePage	8	static
../Core/Src/transmit.c:833:6:fireData	4	static
../Core/Src/transmit.c:837:6:transmit	8	static
../Core/Src/transmit.c:946:6:drivePageSetter	16	static
../Core/Src/transmit.c:1066:6:vehicleInfo_UI	16	static
../Core/Src/transmit.c:1082:6:charging_UI	16	static
../Core/Src/transmit.c:1102:6:settings_UI	16	static
../Core/Src/transmit.c:1167:6:selection_UI	16	static
../Core/Src/transmit.c:1188:6:resetThings	8	static
../Core/Src/transmit.c:1193:6:timeStampSend	8	static
../Core/Src/transmit.c:1207:6:timeStampReceive	16	static
../Core/Src/transmit.c:1213:6:errorIcon	8	static
../Core/Src/transmit.c:1242:6:errorPopup	8	static
../Core/Src/transmit.c:1251:6:errorCode	8	static
../Core/Src/transmit.c:1286:6:modeSelection	16	static
../Core/Src/transmit.c:1345:6:popUpHandler	8	static
../Core/Src/transmit.c:1384:6:startupModeChange	8	static
../Core/Src/transmit.c:1389:6:sideMenuPopup	8	static
../Core/Src/transmit.c:1429:6:startingUp	8	static
../Core/Src/transmit.c:1505:6:realTimeData	8	static
../Core/Src/transmit.c:1992:6:oneTimeData	8	static
../Core/Src/transmit.c:2215:6:gearUpdate	8	static
../Core/Src/transmit.c:2234:6:bootAnimation	8	static
../Core/Src/transmit.c:2328:6:indicators	8	static
