../Core/Src/transmit.c:997:6:transmitPageHandler	16	static
../Core/Src/transmit.c:1002:6:fireModePage	8	static
../Core/Src/transmit.c:1007:6:fireData	4	static
../Core/Src/transmit.c:1011:6:transmit	8	static
../Core/Src/transmit.c:1122:6:startingUp	8	static
../Core/Src/transmit.c:1206:6:drivePageSetter	16	static
../Core/Src/transmit.c:1330:6:realTimeData	8	static
../Core/Src/transmit.c:1445:6:oneTimeData	8	static
../Core/Src/transmit.c:1789:6:vehicleInfo_UI	16	static
../Core/Src/transmit.c:1805:6:charging_UI	16	static
../Core/Src/transmit.c:1825:6:settings_UI	16	static
../Core/Src/transmit.c:1890:6:selection_UI	16	static
../Core/Src/transmit.c:1911:6:resetThings	8	static
../Core/Src/transmit.c:1916:6:timeStampSend	8	static
../Core/Src/transmit.c:1930:6:timeStampReceive	16	static
../Core/Src/transmit.c:1936:6:errorIcon	8	static
../Core/Src/transmit.c:1965:6:errorPopup	8	static
../Core/Src/transmit.c:1974:6:errorCode	8	static
../Core/Src/transmit.c:2008:6:modeSelection	16	static
../Core/Src/transmit.c:2067:6:popUpHandler	8	static
../Core/Src/transmit.c:2124:6:sideMenuPopup	8	static
../Core/Src/transmit.c:2165:6:batteryBar	4	static
../Core/Src/transmit.c:2398:6:batteryBarQueue	8	static
../Core/Src/transmit.c:2505:6:powerMeter	4	static
../Core/Src/transmit.c:2670:6:powerMeterQueue	8	static
../Core/Src/transmit.c:2739:6:gearUpdate	8	static
../Core/Src/transmit.c:2758:6:bootAnimation	8	static
../Core/Src/transmit.c:2853:6:indicators	8	static
