../Core/Src/transmit.c:808:6:transmitPageHandler	16	static
../Core/Src/transmit.c:813:6:fireModePage	8	static
../Core/Src/transmit.c:818:6:fireData	4	static
../Core/Src/transmit.c:822:6:transmit	8	static
../Core/Src/transmit.c:914:6:drivePageSetter	16	static
../Core/Src/transmit.c:1034:6:vehicleInfo_UI	16	static
../Core/Src/transmit.c:1050:6:charging_UI	16	static
../Core/Src/transmit.c:1070:6:settings_UI	16	static
../Core/Src/transmit.c:1135:6:selection_UI	16	static
../Core/Src/transmit.c:1156:6:resetThings	8	static
../Core/Src/transmit.c:1161:6:timeStampSend	8	static
../Core/Src/transmit.c:1175:6:timeStampReceive	16	static
../Core/Src/transmit.c:1181:6:errorIcon	8	static
../Core/Src/transmit.c:1210:6:errorPopup	8	static
../Core/Src/transmit.c:1219:6:errorCode	8	static
../Core/Src/transmit.c:1254:6:modeSelection	16	static
../Core/Src/transmit.c:1333:6:startupModeChange	8	static
../Core/Src/transmit.c:1338:6:sideMenuPopup	8	static
../Core/Src/transmit.c:1378:6:startingUp	8	static
../Core/Src/transmit.c:1454:6:realTimeData	8	static
../Core/Src/transmit.c:1941:6:oneTimeData	8	static
../Core/Src/transmit.c:2079:6:gearUpdate	8	static
../Core/Src/transmit.c:2098:6:bootAnimation	8	static
../Core/Src/transmit.c:2192:6:indicators	8	static
