../Core/Src/transmit.c:823:6:transmitPageHandler	16	static
../Core/Src/transmit.c:828:6:fireModePage	8	static
../Core/Src/transmit.c:833:6:fireData	4	static
../Core/Src/transmit.c:837:6:transmit	8	static
../Core/Src/transmit.c:943:6:startingUp	8	static
../Core/Src/transmit.c:1019:6:drivePageSetter	16	static
../Core/Src/transmit.c:1140:6:realTimeData	8	static
../Core/Src/transmit.c:1217:6:oneTimeData	8	static
../Core/Src/transmit.c:1484:6:vehicleInfo_UI	16	static
../Core/Src/transmit.c:1500:6:charging_UI	16	static
../Core/Src/transmit.c:1520:6:settings_UI	16	static
../Core/Src/transmit.c:1585:6:selection_UI	16	static
../Core/Src/transmit.c:1606:6:resetThings	8	static
../Core/Src/transmit.c:1611:6:timeStampSend	8	static
../Core/Src/transmit.c:1625:6:timeStampReceive	16	static
../Core/Src/transmit.c:1631:6:errorIcon	8	static
../Core/Src/transmit.c:1660:6:errorPopup	8	static
../Core/Src/transmit.c:1669:6:errorCode	8	static
../Core/Src/transmit.c:1703:6:modeSelection	16	static
../Core/Src/transmit.c:1762:6:popUpHandler	8	static
../Core/Src/transmit.c:1801:6:startupModeChange	8	static
../Core/Src/transmit.c:1806:6:sideMenuPopup	8	static
../Core/Src/transmit.c:1847:6:batteryBar	8	static
../Core/Src/transmit.c:2079:6:powerMeter	8	static
../Core/Src/transmit.c:2246:6:gearUpdate	8	static
../Core/Src/transmit.c:2265:6:bootAnimation	8	static
../Core/Src/transmit.c:2359:6:indicators	8	static
