../Core/Src/transmit.c:805:6:transmitPageHandler	16	static
../Core/Src/transmit.c:810:6:fireModePage	8	static
../Core/Src/transmit.c:815:6:fireData	4	static
../Core/Src/transmit.c:819:6:transmit	8	static
../Core/Src/transmit.c:911:6:drivePageSetter	16	static
../Core/Src/transmit.c:1030:6:vehicleInfo_UI	16	static
../Core/Src/transmit.c:1046:6:charging_UI	16	static
../Core/Src/transmit.c:1066:6:settings_UI	16	static
../Core/Src/transmit.c:1116:6:selection_UI	16	static
../Core/Src/transmit.c:1137:6:resetThings	8	static
../Core/Src/transmit.c:1142:6:timeStampSend	8	static
../Core/Src/transmit.c:1156:6:timeStampReceive	16	static
../Core/Src/transmit.c:1162:6:errorIcon	8	static
../Core/Src/transmit.c:1191:6:errorPopup	8	static
../Core/Src/transmit.c:1200:6:errorCode	8	static
../Core/Src/transmit.c:1235:6:modeSelection	16	static
../Core/Src/transmit.c:1314:6:startupModeChange	8	static
../Core/Src/transmit.c:1319:6:sideMenuPopup	8	static
../Core/Src/transmit.c:1359:6:startingUp	8	static
../Core/Src/transmit.c:1439:6:realTimeData	8	static
../Core/Src/transmit.c:1926:6:oneTimeData	8	static
../Core/Src/transmit.c:2062:6:gearUpdate	8	static
../Core/Src/transmit.c:2081:6:bootAnimation	8	static
../Core/Src/transmit.c:2175:6:indicators	8	static
