../Core/Src/transmit.c:997:6:transmitPageHandler	16	static
../Core/Src/transmit.c:1002:6:fireModePage	8	static
../Core/Src/transmit.c:1007:6:fireData	4	static
../Core/Src/transmit.c:1011:6:transmit	8	static
../Core/Src/transmit.c:1117:6:startingUp	8	static
../Core/Src/transmit.c:1197:6:drivePageSetter	16	static
../Core/Src/transmit.c:1318:6:realTimeData	8	static
../Core/Src/transmit.c:1428:6:oneTimeData	8	static
../Core/Src/transmit.c:1767:6:vehicleInfo_UI	16	static
../Core/Src/transmit.c:1783:6:charging_UI	16	static
../Core/Src/transmit.c:1803:6:settings_UI	16	static
../Core/Src/transmit.c:1868:6:selection_UI	16	static
../Core/Src/transmit.c:1889:6:resetThings	8	static
../Core/Src/transmit.c:1894:6:timeStampSend	8	static
../Core/Src/transmit.c:1908:6:timeStampReceive	16	static
../Core/Src/transmit.c:1914:6:errorIcon	8	static
../Core/Src/transmit.c:1943:6:errorPopup	8	static
../Core/Src/transmit.c:1952:6:errorCode	8	static
../Core/Src/transmit.c:1986:6:modeSelection	16	static
../Core/Src/transmit.c:2045:6:popUpHandler	8	static
../Core/Src/transmit.c:2084:6:startupModeChange	8	static
../Core/Src/transmit.c:2089:6:sideMenuPopup	8	static
../Core/Src/transmit.c:2130:6:batteryBar	4	static
../Core/Src/transmit.c:2362:6:powerMeter	4	static
../Core/Src/transmit.c:2529:6:gearUpdate	8	static
../Core/Src/transmit.c:2548:6:bootAnimation	8	static
../Core/Src/transmit.c:2642:6:indicators	8	static
