../Core/Src/transmit.c:823:6:transmitPageHandler	16	static
../Core/Src/transmit.c:828:6:fireModePage	8	static
../Core/Src/transmit.c:833:6:fireData	4	static
../Core/Src/transmit.c:837:6:transmit	8	static
../Core/Src/transmit.c:950:6:drivePageSetter	16	static
../Core/Src/transmit.c:1070:6:vehicleInfo_UI	16	static
../Core/Src/transmit.c:1086:6:charging_UI	16	static
../Core/Src/transmit.c:1106:6:settings_UI	16	static
../Core/Src/transmit.c:1171:6:selection_UI	16	static
../Core/Src/transmit.c:1192:6:resetThings	8	static
../Core/Src/transmit.c:1197:6:timeStampSend	8	static
../Core/Src/transmit.c:1211:6:timeStampReceive	16	static
../Core/Src/transmit.c:1217:6:errorIcon	8	static
../Core/Src/transmit.c:1246:6:errorPopup	8	static
../Core/Src/transmit.c:1255:6:errorCode	8	static
../Core/Src/transmit.c:1290:6:modeSelection	16	static
../Core/Src/transmit.c:1349:6:popUpHandler	8	static
../Core/Src/transmit.c:1388:6:startupModeChange	8	static
../Core/Src/transmit.c:1393:6:sideMenuPopup	8	static
../Core/Src/transmit.c:1433:6:startingUp	8	static
../Core/Src/transmit.c:1509:6:realTimeData	8	static
../Core/Src/transmit.c:1996:6:oneTimeData	8	static
../Core/Src/transmit.c:2219:6:gearUpdate	8	static
../Core/Src/transmit.c:2238:6:bootAnimation	8	static
../Core/Src/transmit.c:2332:6:indicators	8	static
