../Core/Src/transmit.c:792:6:transmitPageHandler	16	static
../Core/Src/transmit.c:797:6:fireModePage	8	static
../Core/Src/transmit.c:802:6:fireData	4	static
../Core/Src/transmit.c:806:6:transmit	8	static
../Core/Src/transmit.c:898:6:drivePageSetter	16	static
../Core/Src/transmit.c:1017:6:vehicleInfo_UI	16	static
../Core/Src/transmit.c:1033:6:charging_UI	16	static
../Core/Src/transmit.c:1053:6:settings_UI	16	static
../Core/Src/transmit.c:1084:6:selection_UI	16	static
../Core/Src/transmit.c:1105:6:resetThings	8	static
../Core/Src/transmit.c:1110:6:timeStampSend	8	static
../Core/Src/transmit.c:1124:6:timeStampReceive	16	static
../Core/Src/transmit.c:1130:6:errorIcon	8	static
../Core/Src/transmit.c:1159:6:errorPopup	8	static
../Core/Src/transmit.c:1168:6:errorCode	8	static
../Core/Src/transmit.c:1203:6:modeSelection	16	static
../Core/Src/transmit.c:1282:6:startupModeChange	8	static
../Core/Src/transmit.c:1287:6:sideMenuPopup	8	static
../Core/Src/transmit.c:1327:6:startingUp	8	static
../Core/Src/transmit.c:1407:6:realTimeData	8	static
../Core/Src/transmit.c:1894:6:oneTimeData	8	static
../Core/Src/transmit.c:2030:6:gearUpdate	8	static
../Core/Src/transmit.c:2049:6:bootAnimation	8	static
../Core/Src/transmit.c:2143:6:indicators	8	static
