Archive member included to satisfy reference by file (symbol)

c:/st/stm32cubeide_1.10.1/stm32cubeide/plugins/com.st.stm32cube.ide.mcu.externaltools.gnu-tools-for-stm32.10.3-2021.10.win32_1.0.0.202111181127/tools/bin/../lib/gcc/arm-none-eabi/10.3.1/../../../../arm-none-eabi/lib/thumb/v7-m/nofp\libc_nano.a(lib_a-errno.o)
                              ./Core/Src/syscalls.o (__errno)
c:/st/stm32cubeide_1.10.1/stm32cubeide/plugins/com.st.stm32cube.ide.mcu.externaltools.gnu-tools-for-stm32.10.3-2021.10.win32_1.0.0.202111181127/tools/bin/../lib/gcc/arm-none-eabi/10.3.1/../../../../arm-none-eabi/lib/thumb/v7-m/nofp\libc_nano.a(lib_a-exit.o)
                              c:/st/stm32cubeide_1.10.1/stm32cubeide/plugins/com.st.stm32cube.ide.mcu.externaltools.gnu-tools-for-stm32.10.3-2021.10.win32_1.0.0.202111181127/tools/bin/../lib/gcc/arm-none-eabi/10.3.1/../../../../arm-none-eabi/lib/thumb/v7-m/nofp/crt0.o (exit)
c:/st/stm32cubeide_1.10.1/stm32cubeide/plugins/com.st.stm32cube.ide.mcu.externaltools.gnu-tools-for-stm32.10.3-2021.10.win32_1.0.0.202111181127/tools/bin/../lib/gcc/arm-none-eabi/10.3.1/../../../../arm-none-eabi/lib/thumb/v7-m/nofp\libc_nano.a(lib_a-impure.o)
                              c:/st/stm32cubeide_1.10.1/stm32cubeide/plugins/com.st.stm32cube.ide.mcu.externaltools.gnu-tools-for-stm32.10.3-2021.10.win32_1.0.0.202111181127/tools/bin/../lib/gcc/arm-none-eabi/10.3.1/../../../../arm-none-eabi/lib/thumb/v7-m/nofp\libc_nano.a(lib_a-exit.o) (_global_impure_ptr)
c:/st/stm32cubeide_1.10.1/stm32cubeide/plugins/com.st.stm32cube.ide.mcu.externaltools.gnu-tools-for-stm32.10.3-2021.10.win32_1.0.0.202111181127/tools/bin/../lib/gcc/arm-none-eabi/10.3.1/../../../../arm-none-eabi/lib/thumb/v7-m/nofp\libc_nano.a(lib_a-init.o)
                              c:/st/stm32cubeide_1.10.1/stm32cubeide/plugins/com.st.stm32cube.ide.mcu.externaltools.gnu-tools-for-stm32.10.3-2021.10.win32_1.0.0.202111181127/tools/bin/../lib/gcc/arm-none-eabi/10.3.1/../../../../arm-none-eabi/lib/thumb/v7-m/nofp/crt0.o (__libc_init_array)
c:/st/stm32cubeide_1.10.1/stm32cubeide/plugins/com.st.stm32cube.ide.mcu.externaltools.gnu-tools-for-stm32.10.3-2021.10.win32_1.0.0.202111181127/tools/bin/../lib/gcc/arm-none-eabi/10.3.1/../../../../arm-none-eabi/lib/thumb/v7-m/nofp\libc_nano.a(lib_a-lcltime.o)
                              ./Core/Src/transmit.o (localtime)
c:/st/stm32cubeide_1.10.1/stm32cubeide/plugins/com.st.stm32cube.ide.mcu.externaltools.gnu-tools-for-stm32.10.3-2021.10.win32_1.0.0.202111181127/tools/bin/../lib/gcc/arm-none-eabi/10.3.1/../../../../arm-none-eabi/lib/thumb/v7-m/nofp\libc_nano.a(lib_a-lcltime_r.o)
                              c:/st/stm32cubeide_1.10.1/stm32cubeide/plugins/com.st.stm32cube.ide.mcu.externaltools.gnu-tools-for-stm32.10.3-2021.10.win32_1.0.0.202111181127/tools/bin/../lib/gcc/arm-none-eabi/10.3.1/../../../../arm-none-eabi/lib/thumb/v7-m/nofp\libc_nano.a(lib_a-lcltime.o) (localtime_r)
c:/st/stm32cubeide_1.10.1/stm32cubeide/plugins/com.st.stm32cube.ide.mcu.externaltools.gnu-tools-for-stm32.10.3-2021.10.win32_1.0.0.202111181127/tools/bin/../lib/gcc/arm-none-eabi/10.3.1/../../../../arm-none-eabi/lib/thumb/v7-m/nofp\libc_nano.a(lib_a-malloc.o)
                              c:/st/stm32cubeide_1.10.1/stm32cubeide/plugins/com.st.stm32cube.ide.mcu.externaltools.gnu-tools-for-stm32.10.3-2021.10.win32_1.0.0.202111181127/tools/bin/../lib/gcc/arm-none-eabi/10.3.1/../../../../arm-none-eabi/lib/thumb/v7-m/nofp\libc_nano.a(lib_a-lcltime.o) (malloc)
c:/st/stm32cubeide_1.10.1/stm32cubeide/plugins/com.st.stm32cube.ide.mcu.externaltools.gnu-tools-for-stm32.10.3-2021.10.win32_1.0.0.202111181127/tools/bin/../lib/gcc/arm-none-eabi/10.3.1/../../../../arm-none-eabi/lib/thumb/v7-m/nofp\libc_nano.a(lib_a-memset.o)
                              c:/st/stm32cubeide_1.10.1/stm32cubeide/plugins/com.st.stm32cube.ide.mcu.externaltools.gnu-tools-for-stm32.10.3-2021.10.win32_1.0.0.202111181127/tools/bin/../lib/gcc/arm-none-eabi/10.3.1/../../../../arm-none-eabi/lib/thumb/v7-m/nofp/crt0.o (memset)
c:/st/stm32cubeide_1.10.1/stm32cubeide/plugins/com.st.stm32cube.ide.mcu.externaltools.gnu-tools-for-stm32.10.3-2021.10.win32_1.0.0.202111181127/tools/bin/../lib/gcc/arm-none-eabi/10.3.1/../../../../arm-none-eabi/lib/thumb/v7-m/nofp\libc_nano.a(lib_a-mktime.o)
                              ./Core/Src/transmit.o (mktime)
c:/st/stm32cubeide_1.10.1/stm32cubeide/plugins/com.st.stm32cube.ide.mcu.externaltools.gnu-tools-for-stm32.10.3-2021.10.win32_1.0.0.202111181127/tools/bin/../lib/gcc/arm-none-eabi/10.3.1/../../../../arm-none-eabi/lib/thumb/v7-m/nofp\libc_nano.a(lib_a-month_lengths.o)
                              c:/st/stm32cubeide_1.10.1/stm32cubeide/plugins/com.st.stm32cube.ide.mcu.externaltools.gnu-tools-for-stm32.10.3-2021.10.win32_1.0.0.202111181127/tools/bin/../lib/gcc/arm-none-eabi/10.3.1/../../../../arm-none-eabi/lib/thumb/v7-m/nofp\libc_nano.a(lib_a-lcltime_r.o) (__month_lengths)
[...]
Memory Configuration

Name             Origin             Length             Attributes
RAM              0x0000000020000000 0x0000000000010000 xrw
FLASH            0x0000000008000000 0x0000000000020000 xr
*default*        0x0000000000000000 0xffffffffffffffff

Linker script and memory map

LOAD c:/st/stm32cubeide_1.10.1/stm32cubeide/plugins/com.st.stm32cube.ide.mcu.externaltools.gnu-tools-for-stm32.10.3-2021.10.win32_1.0.0.202111181127/tools/bin/../lib/gcc/arm-none-eabi/10.3.1/thumb/v7-m/nofp/crti.o
LOAD c:/st/stm32cubeide_1.10.1/stm32cubeide/plugins/com.st.stm32cube.ide.mcu.externaltools.gnu-tools-for-stm32.10.3-2021.10.win32_1.0.0.202111181127/tools/bin/../lib/gcc/arm-none-eabi/10.3.1/thumb/v7-m/nofp/crtbegin.o
LOAD c:/st/stm32cubeide_1.10.1/stm32cubeide/plugins/com.st.stm32cube.ide.mcu.externaltools.gnu-tools-for-stm32.10.3-2021.10.win32_1.0.0.202111181127/tools/bin/../lib/gcc/arm-none-eabi/10.3.1/../../../../arm-none-eabi/lib/thumb/v7-m/nofp/crt0.o
LOAD ./Core/Src/can.o
LOAD ./Core/Src/can_matrix.o
LOAD ./Core/Src/data_structures.o
LOAD ./Core/Src/dma.o
LOAD ./Core/Src/errLogging.o
LOAD ./Core/Src/gpio.o
LOAD ./Core/Src/main.o
LOAD ./Core/Src/menu.o
LOAD ./Core/Src/state_machine.o
LOAD ./Core/Src/stm32f1xx_hal_msp.o
LOAD ./Core/Src/stm32f1xx_it.o
LOAD ./Core/Src/syscalls.o
LOAD ./Core/Src/sysmem.o
LOAD ./Core/Src/system_stm32f1xx.o
LOAD ./Core/Src/test_functions.o
LOAD ./Core/Src/tim.o
LOAD ./Core/Src/timer.o
LOAD ./Core/Src/transmit.o
LOAD ./Core/Src/transmitDefinitions.o
LOAD ./Core/Src/usart.o
LOAD ./Core/Src/vehicleControl.o
LOAD ./Core/Startup/startup_stm32f105rbtx.o
LOAD ./Drivers/STM32F1xx_HAL_Driver/Src/stm32f1xx_hal.o
LOAD ./Drivers/STM32F1xx_HAL_Driver/Src/stm32f1xx_hal_can.o
LOAD ./Drivers/STM32F1xx_HAL_Driver/Src/stm32f1xx_hal_cortex.o
LOAD ./Drivers/STM32F1xx_HAL_Driver/Src/stm32f1xx_hal_dma.o
LOAD ./Drivers/STM32F1xx_HAL_Driver/Src/stm32f1xx_hal_exti.o
LOAD ./Drivers/STM32F1xx_HAL_Driver/Src/stm32f1xx_hal_flash.o
LOAD ./Drivers/STM32F1xx_HAL_Driver/Src/stm32f1xx_hal_flash_ex.o
LOAD ./Drivers/STM32F1xx_HAL_Driver/Src/stm32f1xx_hal_gpio.o
LOAD ./Drivers/STM32F1xx_HAL_Driver/Src/stm32f1xx_hal_gpio_ex.o
LOAD ./Drivers/STM32F1xx_HAL_Driver/Src/stm32f1xx_hal_pwr.o
LOAD ./Drivers/STM32F1xx_HAL_Driver/Src/stm32f1xx_hal_rcc.o
LOAD ./Drivers/STM32F1xx_HAL_Driver/Src/stm32f1xx_hal_rcc_ex.o
LOAD ./Drivers/STM32F1xx_HAL_Driver/Src/stm32f1xx_hal_tim.o
LOAD ./Drivers/STM32F1xx_HAL_Driver/Src/stm32f1xx_hal_tim_ex.o
LOAD ./Drivers/STM32F1xx_HAL_Driver/Src/stm32f1xx_hal_uart.o
START GROUP
LOAD c:/st/stm32cubeide_1.10.1/stm32cubeide/plugins/com.st.stm32cube.ide.mcu.externaltools.gnu-tools-for-stm32.10.3-2021.10.win32_1.0.0.202111181127/tools/bin/../lib/gcc/arm-none-eabi/10.3.1/../../../../arm-none-eabi/lib/thumb/v7-m/nofp\libc_nano.a
LOAD c:/st/stm32cubeide_1.10.1/stm32cubeide/plugins/com.st.stm32cube.ide.mcu.externaltools.gnu-tools-for-stm32.10.3-2021.10.win32_1.0.0.202111181127/tools/bin/../lib/gcc/arm-none-eabi/10.3.1/../../../../arm-none-eabi/lib/thumb/v7-m/nofp\libm.a
END GROUP
START GROUP
LOAD c:/st/stm32cubeide_1.10.1/stm32cubeide/plugins/com.st.stm32cube.ide.mcu.externaltools.gnu-tools-for-stm32.10.3-2021.10.win32_1.0.0.202111181127/tools/bin/../lib/gcc/arm-none-eabi/10.3.1/thumb/v7-m/nofp\libgcc.a
LOAD c:/st/stm32cubeide_1.10.1/stm32cubeide/plugins/com.st.stm32cube.ide.mcu.externaltools.gnu-tools-for-stm32.10.3-2021.10.win32_1.0.0.202111181127/tools/bin/../lib/gcc/arm-none-eabi/10.3.1/../../../../arm-none-eabi/lib/thumb/v7-m/nofp\libc_nano.a
END GROUP
START GROUP
LOAD c:/st/stm32cubeide_1.10.1/stm32cubeide/plugins/com.st.stm32cube.ide.mcu.externaltools.gnu-tools-for-stm32.10.3-2021.10.win32_1.0.0.202111181127/tools/bin/../lib/gcc/arm-none-eabi/10.3.1/thumb/v7-m/nofp\libgcc.a
LOAD c:/st/stm32cubeide_1.10.1/stm32cubeide/plugins/com.st.stm32cube.ide.mcu.externaltools.gnu-tools-for-stm32.10.3-2021.10.win32_1.0.0.202111181127/tools/bin/../lib/gcc/arm-none-eabi/10.3.1/../../../../arm-none-eabi/lib/thumb/v7-m/nofp\libc_nano.a
LOAD c:/st/stm32cubeide_1.10.1/stm32cubeide/plugins/com.st.stm32cube.ide.mcu.externaltools.gnu-tools-for-stm32.10.3-2021.10.win32_1.0.0.202111181127/tools/bin/../lib/gcc/arm-none-eabi/10.3.1/../../../../arm-none-eabi/lib/thumb/v7-m/nofp\libnosys.a
END GROUP
START GROUP
LOAD c:/st/stm32cubeide_1.10.1/stm32cubeide/plugins/com.st.stm32cube.ide.mcu.externaltools.gnu-tools-for-stm32.10.3-2021.10.win32_1.0.0.202111181127/tools/bin/../lib/gcc/arm-none-eabi/10.3.1/thumb/v7-m/nofp\libgcc.a
LOAD c:/st/stm32cubeide_1.10.1/stm32cubeide/plugins/com.st.stm32cube.ide.mcu.externaltools.gnu-tools-for-stm32.10.3-2021.10.win32_1.0.0.202111181127/tools/bin/../lib/gcc/arm-none-eabi/10.3.1/../../../../arm-none-eabi/lib/thumb/v7-m/nofp\libc_nano.a
LOAD c:/st/stm32cubeide_1.10.1/stm32cubeide/plugins/com.st.stm32cube.ide.mcu.externaltools.gnu-tools-for-stm32.10.3-2021.10.win32_1.0.0.202111181127/tools/bin/../lib/gcc/arm-none-eabi/10.3.1/../../../../arm-none-eabi/lib/thumb/v7-m/nofp\libnosys.a
END GROUP
LOAD c:/st/stm32cubeide_1.10.1/stm32cubeide/plugins/com.st.stm32cube.ide.mcu.externaltools.gnu-tools-for-stm32.10.3-2021.10.win32_1.0.0.202111181127/tools/bin/../lib/gcc/arm-none-eabi/10.3.1/thumb/v7-m/nofp/crtend.o
LOAD c:/st/stm32cubeide_1.10.1/stm32cubeide/plugins/com.st.stm32cube.ide.mcu.externaltools.gnu-tools-for-stm32.10.3-2021.10.win32_1.0.0.202111181127/tools/bin/../lib/gcc/arm-none-eabi/10.3.1/thumb/v7-m/nofp/crtn.o
                0x0000000020010000                _estack = (ORIGIN (RAM) + LENGTH (RAM))
                0x0000000000000200                _Min_Heap_Size = 0x200
                0x0000000000000400                _Min_Stack_Size = 0x400

.isr_vector     0x0000000008000000      0x1e4
                0x0000000008000000                . = ALIGN (0x4)
 *(.isr_vector)
 .isr_vector    0x0000000008000000      0x1e4 ./Core/Startup/startup_stm32f105rbtx.o
                0x0000000008000000                g_pfnVectors
                0x00000000080001e4                . = ALIGN (0x4)

.text           0x00000000080001e4     0x7dc8
                0x00000000080001e4                . = ALIGN (0x4)
 *(.text)
 .text          0x00000000080001e4       0x40 c:/st/stm32cubeide_1.10.1/stm32cubeide/plugins/com.st.stm32cube.ide.mcu.externaltools.gnu-tools-for-stm32.10.3-2021.10.win32_1.0.0.202111181127/tools/bin/../lib/gcc/arm-none-eabi/10.3.1/thumb/v7-m/nofp/crtbegin.o
 .text          0x0000000008000224       0x30 c:/st/stm32cubeide_1.10.1/stm32cubeide/plugins/com.st.stm32cube.ide.mcu.externaltools.gnu-tools-for-stm32.10.3-2021.10.win32_1.0.0.202111181127/tools/bin/../lib/gcc/arm-none-eabi/10.3.1/thumb/v7-m/nofp\libgcc.a(_aeabi_uldivmod.o)
                0x0000000008000224                __aeabi_uldivmod
 .text          0x0000000008000254      0x2d4 c:/st/stm32cubeide_1.10.1/stm32cubeide/plugins/com.st.stm32cube.ide.mcu.externaltools.gnu-tools-for-stm32.10.3-2021.10.win32_1.0.0.202111181127/tools/bin/../lib/gcc/arm-none-eabi/10.3.1/thumb/v7-m/nofp\libgcc.a(_udivmoddi4.o)
                0x0000000008000254                __udivmoddi4
 .text          0x0000000008000528        0x4 c:/st/stm32cubeide_1.10.1/stm32cubeide/plugins/com.st.stm32cube.ide.mcu.externaltools.gnu-tools-for-stm32.10.3-2021.10.win32_1.0.0.202111181127/tools/bin/../lib/gcc/arm-none-eabi/10.3.1/thumb/v7-m/nofp\libgcc.a(_dvmd_tls.o)
                0x0000000008000528                __aeabi_idiv0
                0x0000000008000528                __aeabi_ldiv0
 *(.text*)
 .text.MX_CAN1_Init
                0x000000000800052c       0xa4 ./Core/Src/can.o
                0x000000000800052c                MX_CAN1_Init
 .text.HAL_CAN_MspInit
                0x00000000080005d0       0xc8 ./Core/Src/can.o
                0x00000000080005d0                HAL_CAN_MspInit
 .text.EVCU_setData_write
                0x0000000008000698       0x8c ./Core/Src/can_matrix.o
                0x0000000008000698                EVCU_setData_write
 .text.EVCU_getData_read_40
                0x0000000008000724      0x160 ./Core/Src/can_matrix.o
                0x0000000008000724                EVCU_getData_read_40
 .text.EVCU_getData_read_41
                0x0000000008000884      0x264 ./Core/Src/can_matrix.o
                0x0000000008000884                EVCU_getData_read_41
 .text.EVCU_getData_read_43
                0x0000000008000ae8       0xc8 ./Core/Src/can_matrix.o
                0x0000000008000ae8                EVCU_getData_read_43
 .text.MX_DMA_Init
                0x0000000008000bb0       0x3c ./Core/Src/dma.o
                0x0000000008000bb0                MX_DMA_Init
 .text.setError
                0x0000000008000bec      0x230 ./Core/Src/errLogging.o
                0x0000000008000bec                setError
 .text.MX_GPIO_Init
                0x0000000008000e1c      0x12c ./Core/Src/gpio.o
                0x0000000008000e1c                MX_GPIO_Init
 .text.getInputs
                0x0000000008000f48      0x160 ./Core/Src/gpio.o
                0x0000000008000f48                getInputs
 .text.setInputs
                0x00000000080010a8      0x148 ./Core/Src/gpio.o
                0x00000000080010a8                setInputs
 .text.buttonOkay
                0x00000000080011f0       0x68 ./Core/Src/gpio.o
                0x00000000080011f0                buttonOkay
 .text.main     0x0000000008001258      0x15c ./Core/Src/main.o
                0x0000000008001258                main
 .text.SystemClock_Config
                0x00000000080013b4       0x9c ./Core/Src/main.o
                0x00000000080013b4                SystemClock_Config
 .text.HAL_CAN_RxFifo0MsgPendingCallback
                0x0000000008001450       0x84 ./Core/Src/main.o
                0x0000000008001450                HAL_CAN_RxFifo0MsgPendingCallback
 .text.HAL_CAN_RxFifo1MsgPendingCallback
                0x00000000080014d4       0x44 ./Core/Src/main.o
                0x00000000080014d4                HAL_CAN_RxFifo1MsgPendingCallback
 .text.HAL_GPIO_EXTI_Callback
                0x0000000008001518       0x28 ./Core/Src/main.o
                0x0000000008001518                HAL_GPIO_EXTI_Callback
 .text.HAL_TIM_PeriodElapsedCallback
                0x0000000008001540       0x5c ./Core/Src/main.o
                0x0000000008001540                HAL_TIM_PeriodElapsedCallback
 .text.HAL_UART_TxCpltCallback
                0x000000000800159c       0x12 ./Core/Src/main.o
                0x000000000800159c                HAL_UART_TxCpltCallback
 .text.HAL_UART_TxHalfCpltCallback
                0x00000000080015ae       0x12 ./Core/Src/main.o
                0x00000000080015ae                HAL_UART_TxHalfCpltCallback
 .text.Error_Handler
                0x00000000080015c0        0xa ./Core/Src/main.o
                0x00000000080015c0                Error_Handler
 *fill*         0x00000000080015ca        0x2 
 .text.navigation
                0x00000000080015cc      0x2bc ./Core/Src/menu.o
                0x00000000080015cc                navigation
 .text.front_mainPage
                0x0000000008001888       0xb4 ./Core/Src/menu.o
                0x0000000008001888                front_mainPage
 .text.trip_mainPage
                0x000000000800193c       0xac ./Core/Src/menu.o
                0x000000000800193c                trip_mainPage
 .text.after_charge_mainPage
                0x00000000080019e8       0x90 ./Core/Src/menu.o
                0x00000000080019e8                after_charge_mainPage
 .text.info_mainPage
                0x0000000008001a78      0x2c4 ./Core/Src/menu.o
                0x0000000008001a78                info_mainPage
 .text.settings_mainPage
                0x0000000008001d3c      0x368 ./Core/Src/menu.o
                0x0000000008001d3c                settings_mainPage
 .text.vehicle_page
                0x00000000080020a4       0x98 ./Core/Src/menu.o
                0x00000000080020a4                vehicle_page
 .text.system_page
                0x000000000800213c      0x2fc ./Core/Src/menu.o
                0x000000000800213c                system_page
 .text.bluetooth_page
                0x0000000008002438       0x98 ./Core/Src/menu.o
                0x0000000008002438                bluetooth_page
 .text.errors_page
                0x00000000080024d0       0x98 ./Core/Src/menu.o
                0x00000000080024d0                errors_page
 .text.mainStateMachine
                0x0000000008002568       0x48 ./Core/Src/state_machine.o
                0x0000000008002568                mainStateMachine
 .text.startUpState
                0x00000000080025b0      0x1ac ./Core/Src/state_machine.o
                0x00000000080025b0                startUpState
 .text.driveState
                0x000000000800275c      0x144 ./Core/Src/state_machine.o
                0x000000000800275c                driveState
 .text.chargeState
                0x00000000080028a0       0xfc ./Core/Src/state_machine.o
                0x00000000080028a0                chargeState
 .text.errorState
                0x000000000800299c      0x1ec ./Core/Src/state_machine.o
                0x000000000800299c                errorState
 .text.HAL_MspInit
                0x0000000008002b88       0x64 ./Core/Src/stm32f1xx_hal_msp.o
                0x0000000008002b88                HAL_MspInit
 .text.NMI_Handler
                0x0000000008002bec        0x6 ./Core/Src/stm32f1xx_it.o
                0x0000000008002bec                NMI_Handler
 .text.HardFault_Handler
                0x0000000008002bf2        0x6 ./Core/Src/stm32f1xx_it.o
                0x0000000008002bf2                HardFault_Handler
 .text.MemManage_Handler
                0x0000000008002bf8        0x6 ./Core/Src/stm32f1xx_it.o
                0x0000000008002bf8                MemManage_Handler
 .text.BusFault_Handler
                0x0000000008002bfe        0x6 ./Core/Src/stm32f1xx_it.o
                0x0000000008002bfe                BusFault_Handler
 .text.UsageFault_Handler
                0x0000000008002c04        0x6 ./Core/Src/stm32f1xx_it.o
                0x0000000008002c04                UsageFault_Handler
 .text.SVC_Handler
                0x0000000008002c0a        0xc ./Core/Src/stm32f1xx_it.o
                0x0000000008002c0a                SVC_Handler
 .text.DebugMon_Handler
                0x0000000008002c16        0xc ./Core/Src/stm32f1xx_it.o
                0x0000000008002c16                DebugMon_Handler
 .text.PendSV_Handler
                0x0000000008002c22        0xc ./Core/Src/stm32f1xx_it.o
                0x0000000008002c22                PendSV_Handler
 .text.SysTick_Handler
                0x0000000008002c2e        0xc ./Core/Src/stm32f1xx_it.o
                0x0000000008002c2e                SysTick_Handler
 *fill*         0x0000000008002c3a        0x2 
 .text.DMA1_Channel2_IRQHandler
                0x0000000008002c3c       0x14 ./Core/Src/stm32f1xx_it.o
                0x0000000008002c3c                DMA1_Channel2_IRQHandler
 .text.CAN1_RX0_IRQHandler
                0x0000000008002c50       0x14 ./Core/Src/stm32f1xx_it.o
                0x0000000008002c50                CAN1_RX0_IRQHandler
 .text.CAN1_RX1_IRQHandler
                0x0000000008002c64       0x14 ./Core/Src/stm32f1xx_it.o
                0x0000000008002c64                CAN1_RX1_IRQHandler
 .text.CAN1_SCE_IRQHandler
                0x0000000008002c78       0x14 ./Core/Src/stm32f1xx_it.o
                0x0000000008002c78                CAN1_SCE_IRQHandler
 .text.EXTI9_5_IRQHandler
                0x0000000008002c8c       0x14 ./Core/Src/stm32f1xx_it.o
                0x0000000008002c8c                EXTI9_5_IRQHandler
 .text.TIM2_IRQHandler
                0x0000000008002ca0       0x14 ./Core/Src/stm32f1xx_it.o
                0x0000000008002ca0                TIM2_IRQHandler
 .text.USART3_IRQHandler
                0x0000000008002cb4       0x14 ./Core/Src/stm32f1xx_it.o
                0x0000000008002cb4                USART3_IRQHandler
 .text.SystemInit
                0x0000000008002cc8        0xc ./Core/Src/system_stm32f1xx.o
                0x0000000008002cc8                SystemInit
 .text.MX_TIM2_Init
                0x0000000008002cd4       0x98 ./Core/Src/tim.o
                0x0000000008002cd4                MX_TIM2_Init
 .text.HAL_TIM_Base_MspInit
                0x0000000008002d6c       0x48 ./Core/Src/tim.o
                0x0000000008002d6c                HAL_TIM_Base_MspInit
 .text.tick_count
                0x0000000008002db4       0xdc ./Core/Src/timer.o
                0x0000000008002db4                tick_count
 .text.transmit
                0x0000000008002e90      0x204 ./Core/Src/transmit.o
                0x0000000008002e90                transmit
 .text.startingUp
                0x0000000008003094      0x1a4 ./Core/Src/transmit.o
                0x0000000008003094                startingUp
 .text.drivePageSetter
                0x0000000008003238      0x29c ./Core/Src/transmit.o
                0x0000000008003238                drivePageSetter
 .text.realTimeData
                0x00000000080034d4      0x1dc ./Core/Src/transmit.o
                0x00000000080034d4                realTimeData
 .text.vehicleInfo_UI
                0x00000000080036b0       0x68 ./Core/Src/transmit.o
                0x00000000080036b0                vehicleInfo_UI
 .text.charging_UI
                0x0000000008003718       0x8c ./Core/Src/transmit.o
                0x0000000008003718                charging_UI
 .text.settings_UI
                0x00000000080037a4      0x194 ./Core/Src/transmit.o
                0x00000000080037a4                settings_UI
 .text.selection_UI
                0x0000000008003938       0xac ./Core/Src/transmit.o
                0x0000000008003938                selection_UI
 .text.errorIcon
                0x00000000080039e4      0x108 ./Core/Src/transmit.o
                0x00000000080039e4                errorIcon
 .text.errorPopup
                0x0000000008003aec       0x40 ./Core/Src/transmit.o
                0x0000000008003aec                errorPopup
 .text.errorCode
                0x0000000008003b2c       0xe4 ./Core/Src/transmit.o
                0x0000000008003b2c                errorCode
 .text.modeSelection
                0x0000000008003c10      0x100 ./Core/Src/transmit.o
                0x0000000008003c10                modeSelection
 .text.popUpHandler
                0x0000000008003d10       0xb8 ./Core/Src/transmit.o
                0x0000000008003d10                popUpHandler
 .text.powerMeter
                0x0000000008003dc8      0x294 ./Core/Src/transmit.o
                0x0000000008003dc8                powerMeter
 .text.gearUpdate
                0x000000000800405c       0x8c ./Core/Src/transmit.o
                0x000000000800405c                gearUpdate
 .text.MX_USART3_UART_Init
                0x00000000080040e8       0x54 ./Core/Src/usart.o
                0x00000000080040e8                MX_USART3_UART_Init
 .text.HAL_UART_MspInit
                0x000000000800413c      0x100 ./Core/Src/usart.o
                0x000000000800413c                HAL_UART_MspInit
 .text.check_ack
                0x000000000800423c       0x38 ./Core/Src/vehicleControl.o
                0x000000000800423c                check_ack
 .text.evcuMode
                0x0000000008004274      0x140 ./Core/Src/vehicleControl.o
                0x0000000008004274                evcuMode
 .text.trip_reset
                0x00000000080043b4       0x24 ./Core/Src/vehicleControl.o
                0x00000000080043b4                trip_reset
 .text.Reset_Handler
                0x00000000080043d8       0x48 ./Core/Startup/startup_stm32f105rbtx.o
                0x00000000080043d8                Reset_Handler
 .text.Default_Handler
                0x0000000008004420        0x2 ./Core/Startup/startup_stm32f105rbtx.o
                0x0000000008004420                RTC_Alarm_IRQHandler
                0x0000000008004420                EXTI2_IRQHandler
                0x0000000008004420                TIM1_CC_IRQHandler
                0x0000000008004420                TIM6_IRQHandler
                0x0000000008004420                PVD_IRQHandler
                0x0000000008004420                CAN2_RX1_IRQHandler
                0x0000000008004420                EXTI3_IRQHandler
                0x0000000008004420                EXTI0_IRQHandler
                0x0000000008004420                I2C2_EV_IRQHandler
                0x0000000008004420                CAN2_SCE_IRQHandler
                0x0000000008004420                ADC1_2_IRQHandler
                0x0000000008004420                SPI1_IRQHandler
                0x0000000008004420                TAMPER_IRQHandler
                0x0000000008004420                CAN2_RX0_IRQHandler
                0x0000000008004420                DMA2_Channel2_IRQHandler
                0x0000000008004420                DMA1_Channel4_IRQHandler
                0x0000000008004420                RTC_IRQHandler
                0x0000000008004420                DMA1_Channel7_IRQHandler
                0x0000000008004420                UART5_IRQHandler
                0x0000000008004420                TIM4_IRQHandler
                0x0000000008004420                DMA2_Channel1_IRQHandler
                0x0000000008004420                I2C1_EV_IRQHandler
                0x0000000008004420                DMA1_Channel6_IRQHandler
                0x0000000008004420                UART4_IRQHandler
                0x0000000008004420                DMA2_Channel4_IRQHandler
                0x0000000008004420                TIM3_IRQHandler
                0x0000000008004420                RCC_IRQHandler
                0x0000000008004420                TIM1_TRG_COM_IRQHandler
                0x0000000008004420                DMA1_Channel1_IRQHandler
                0x0000000008004420                Default_Handler
                0x0000000008004420                EXTI15_10_IRQHandler
                0x0000000008004420                TIM7_IRQHandler
                0x0000000008004420                CAN2_TX_IRQHandler
                0x0000000008004420                TIM5_IRQHandler
                0x0000000008004420                SPI2_IRQHandler
                0x0000000008004420                CAN1_TX_IRQHandler
                0x0000000008004420                DMA2_Channel5_IRQHandler
                0x0000000008004420                DMA1_Channel5_IRQHandler
                0x0000000008004420                EXTI4_IRQHandler
                0x0000000008004420                DMA1_Channel3_IRQHandler
                0x0000000008004420                TIM1_UP_IRQHandler
                0x0000000008004420                WWDG_IRQHandler
                0x0000000008004420                OTG_FS_WKUP_IRQHandler
                0x0000000008004420                TIM1_BRK_IRQHandler
                0x0000000008004420                EXTI1_IRQHandler
                0x0000000008004420                USART2_IRQHandler
                0x0000000008004420                I2C2_ER_IRQHandler
                0x0000000008004420                FLASH_IRQHandler
                0x0000000008004420                USART1_IRQHandler
                0x0000000008004420                OTG_FS_IRQHandler
                0x0000000008004420                SPI3_IRQHandler
                0x0000000008004420                I2C1_ER_IRQHandler
                0x0000000008004420                DMA2_Channel3_IRQHandler
 *fill*         0x0000000008004422        0x2 
 .text.HAL_Init
                0x0000000008004424       0x2c ./Drivers/STM32F1xx_HAL_Driver/Src/stm32f1xx_hal.o
                0x0000000008004424                HAL_Init
 .text.HAL_InitTick
                0x0000000008004450       0x60 ./Drivers/STM32F1xx_HAL_Driver/Src/stm32f1xx_hal.o
                0x0000000008004450                HAL_InitTick
 .text.HAL_IncTick
                0x00000000080044b0       0x24 ./Drivers/STM32F1xx_HAL_Driver/Src/stm32f1xx_hal.o
                0x00000000080044b0                HAL_IncTick
 .text.HAL_GetTick
                0x00000000080044d4       0x14 ./Drivers/STM32F1xx_HAL_Driver/Src/stm32f1xx_hal.o
                0x00000000080044d4                HAL_GetTick
 .text.HAL_Delay
                0x00000000080044e8       0x48 ./Drivers/STM32F1xx_HAL_Driver/Src/stm32f1xx_hal.o
                0x00000000080044e8                HAL_Delay
 .text.HAL_CAN_Init
                0x0000000008004530      0x1f6 ./Drivers/STM32F1xx_HAL_Driver/Src/stm32f1xx_hal_can.o
                0x0000000008004530                HAL_CAN_Init
 *fill*         0x0000000008004726        0x2 
 .text.HAL_CAN_ConfigFilter
                0x0000000008004728      0x1c0 ./Drivers/STM32F1xx_HAL_Driver/Src/stm32f1xx_hal_can.o
                0x0000000008004728                HAL_CAN_ConfigFilter
 .text.HAL_CAN_Start
                0x00000000080048e8       0x88 ./Drivers/STM32F1xx_HAL_Driver/Src/stm32f1xx_hal_can.o
                0x00000000080048e8                HAL_CAN_Start
 .text.HAL_CAN_AddTxMessage
                0x0000000008004970      0x1b4 ./Drivers/STM32F1xx_HAL_Driver/Src/stm32f1xx_hal_can.o
                0x0000000008004970                HAL_CAN_AddTxMessage
 .text.HAL_CAN_GetRxMessage
                0x0000000008004b24      0x222 ./Drivers/STM32F1xx_HAL_Driver/Src/stm32f1xx_hal_can.o
                0x0000000008004b24                HAL_CAN_GetRxMessage
 .text.HAL_CAN_ActivateNotification
                0x0000000008004d46       0x4a ./Drivers/STM32F1xx_HAL_Driver/Src/stm32f1xx_hal_can.o
                0x0000000008004d46                HAL_CAN_ActivateNotification
 .text.HAL_CAN_IRQHandler
                0x0000000008004d90      0x36e ./Drivers/STM32F1xx_HAL_Driver/Src/stm32f1xx_hal_can.o
                0x0000000008004d90                HAL_CAN_IRQHandler
 .text.HAL_CAN_TxMailbox0CompleteCallback
                0x00000000080050fe       0x12 ./Drivers/STM32F1xx_HAL_Driver/Src/stm32f1xx_hal_can.o
                0x00000000080050fe                HAL_CAN_TxMailbox0CompleteCallback
 .text.HAL_CAN_TxMailbox1CompleteCallback
                0x0000000008005110       0x12 ./Drivers/STM32F1xx_HAL_Driver/Src/stm32f1xx_hal_can.o
                0x0000000008005110                HAL_CAN_TxMailbox1CompleteCallback
 .text.HAL_CAN_TxMailbox2CompleteCallback
                0x0000000008005122       0x12 ./Drivers/STM32F1xx_HAL_Driver/Src/stm32f1xx_hal_can.o
                0x0000000008005122                HAL_CAN_TxMailbox2CompleteCallback
 .text.HAL_CAN_TxMailbox0AbortCallback
                0x0000000008005134       0x12 ./Drivers/STM32F1xx_HAL_Driver/Src/stm32f1xx_hal_can.o
                0x0000000008005134                HAL_CAN_TxMailbox0AbortCallback
 .text.HAL_CAN_TxMailbox1AbortCallback
                0x0000000008005146       0x12 ./Drivers/STM32F1xx_HAL_Driver/Src/stm32f1xx_hal_can.o
                0x0000000008005146                HAL_CAN_TxMailbox1AbortCallback
 .text.HAL_CAN_TxMailbox2AbortCallback
                0x0000000008005158       0x12 ./Drivers/STM32F1xx_HAL_Driver/Src/stm32f1xx_hal_can.o
                0x0000000008005158                HAL_CAN_TxMailbox2AbortCallback
 .text.HAL_CAN_RxFifo0FullCallback
                0x000000000800516a       0x12 ./Drivers/STM32F1xx_HAL_Driver/Src/stm32f1xx_hal_can.o
                0x000000000800516a                HAL_CAN_RxFifo0FullCallback
 .text.HAL_CAN_RxFifo1FullCallback
                0x000000000800517c       0x12 ./Drivers/STM32F1xx_HAL_Driver/Src/stm32f1xx_hal_can.o
                0x000000000800517c                HAL_CAN_RxFifo1FullCallback
 .text.HAL_CAN_SleepCallback
                0x000000000800518e       0x12 ./Drivers/STM32F1xx_HAL_Driver/Src/stm32f1xx_hal_can.o
                0x000000000800518e                HAL_CAN_SleepCallback
 .text.HAL_CAN_WakeUpFromRxMsgCallback
                0x00000000080051a0       0x12 ./Drivers/STM32F1xx_HAL_Driver/Src/stm32f1xx_hal_can.o
                0x00000000080051a0                HAL_CAN_WakeUpFromRxMsgCallback
 .text.HAL_CAN_ErrorCallback
                0x00000000080051b2       0x12 ./Drivers/STM32F1xx_HAL_Driver/Src/stm32f1xx_hal_can.o
                0x00000000080051b2                HAL_CAN_ErrorCallback
 .text.__NVIC_SetPriorityGrouping
                0x00000000080051c4       0x48 ./Drivers/STM32F1xx_HAL_Driver/Src/stm32f1xx_hal_cortex.o
 .text.__NVIC_GetPriorityGrouping
                0x000000000800520c       0x1c ./Drivers/STM32F1xx_HAL_Driver/Src/stm32f1xx_hal_cortex.o
 .text.__NVIC_EnableIRQ
                0x0000000008005228       0x38 ./Drivers/STM32F1xx_HAL_Driver/Src/stm32f1xx_hal_cortex.o
 .text.__NVIC_SetPriority
                0x0000000008005260       0x54 ./Drivers/STM32F1xx_HAL_Driver/Src/stm32f1xx_hal_cortex.o
 .text.NVIC_EncodePriority
                0x00000000080052b4       0x64 ./Drivers/STM32F1xx_HAL_Driver/Src/stm32f1xx_hal_cortex.o
 .text.SysTick_Config
                0x0000000008005318       0x44 ./Drivers/STM32F1xx_HAL_Driver/Src/stm32f1xx_hal_cortex.o
 .text.HAL_NVIC_SetPriorityGrouping
                0x000000000800535c       0x16 ./Drivers/STM32F1xx_HAL_Driver/Src/stm32f1xx_hal_cortex.o
                0x000000000800535c                HAL_NVIC_SetPriorityGrouping
 .text.HAL_NVIC_SetPriority
                0x0000000008005372       0x38 ./Drivers/STM32F1xx_HAL_Driver/Src/stm32f1xx_hal_cortex.o
                0x0000000008005372                HAL_NVIC_SetPriority
 .text.HAL_NVIC_EnableIRQ
                0x00000000080053aa       0x1c ./Drivers/STM32F1xx_HAL_Driver/Src/stm32f1xx_hal_cortex.o
                0x00000000080053aa                HAL_NVIC_EnableIRQ
 .text.HAL_SYSTICK_Config
                0x00000000080053c6       0x18 ./Drivers/STM32F1xx_HAL_Driver/Src/stm32f1xx_hal_cortex.o
                0x00000000080053c6                HAL_SYSTICK_Config
 *fill*         0x00000000080053de        0x2 
 .text.HAL_DMA_Init
                0x00000000080053e0       0xec ./Drivers/STM32F1xx_HAL_Driver/Src/stm32f1xx_hal_dma.o
                0x00000000080053e0                HAL_DMA_Init
 .text.HAL_DMA_Start_IT
                0x00000000080054cc       0xbe ./Drivers/STM32F1xx_HAL_Driver/Src/stm32f1xx_hal_dma.o
                0x00000000080054cc                HAL_DMA_Start_IT
 .text.HAL_DMA_Abort
                0x000000000800558a       0x74 ./Drivers/STM32F1xx_HAL_Driver/Src/stm32f1xx_hal_dma.o
                0x000000000800558a                HAL_DMA_Abort
 *fill*         0x00000000080055fe        0x2 
 .text.HAL_DMA_Abort_IT
                0x0000000008005600      0x210 ./Drivers/STM32F1xx_HAL_Driver/Src/stm32f1xx_hal_dma.o
                0x0000000008005600                HAL_DMA_Abort_IT
 .text.HAL_DMA_IRQHandler
                0x0000000008005810      0x478 ./Drivers/STM32F1xx_HAL_Driver/Src/stm32f1xx_hal_dma.o
                0x0000000008005810                HAL_DMA_IRQHandler
 .text.DMA_SetConfig
                0x0000000008005c88       0x5a ./Drivers/STM32F1xx_HAL_Driver/Src/stm32f1xx_hal_dma.o
 *fill*         0x0000000008005ce2        0x2 
 .text.HAL_GPIO_Init
                0x0000000008005ce4      0x308 ./Drivers/STM32F1xx_HAL_Driver/Src/stm32f1xx_hal_gpio.o
                0x0000000008005ce4                HAL_GPIO_Init
 .text.HAL_GPIO_ReadPin
                0x0000000008005fec       0x2e ./Drivers/STM32F1xx_HAL_Driver/Src/stm32f1xx_hal_gpio.o
                0x0000000008005fec                HAL_GPIO_ReadPin
 .text.HAL_GPIO_WritePin
                0x000000000800601a       0x30 ./Drivers/STM32F1xx_HAL_Driver/Src/stm32f1xx_hal_gpio.o
                0x000000000800601a                HAL_GPIO_WritePin
 .text.HAL_GPIO_TogglePin
                0x000000000800604a       0x32 ./Drivers/STM32F1xx_HAL_Driver/Src/stm32f1xx_hal_gpio.o
                0x000000000800604a                HAL_GPIO_TogglePin
 .text.HAL_GPIO_EXTI_IRQHandler
                0x000000000800607c       0x30 ./Drivers/STM32F1xx_HAL_Driver/Src/stm32f1xx_hal_gpio.o
                0x000000000800607c                HAL_GPIO_EXTI_IRQHandler
 .text.HAL_RCC_OscConfig
                0x00000000080060ac      0x62c ./Drivers/STM32F1xx_HAL_Driver/Src/stm32f1xx_hal_rcc.o
                0x00000000080060ac                HAL_RCC_OscConfig
 .text.HAL_RCC_ClockConfig
                0x00000000080066d8      0x1d4 ./Drivers/STM32F1xx_HAL_Driver/Src/stm32f1xx_hal_rcc.o
                0x00000000080066d8                HAL_RCC_ClockConfig
 .text.HAL_RCC_GetSysClockFreq
                0x00000000080068ac      0x224 ./Drivers/STM32F1xx_HAL_Driver/Src/stm32f1xx_hal_rcc.o
                0x00000000080068ac                HAL_RCC_GetSysClockFreq
 .text.HAL_RCC_GetHCLKFreq
                0x0000000008006ad0       0x14 ./Drivers/STM32F1xx_HAL_Driver/Src/stm32f1xx_hal_rcc.o
                0x0000000008006ad0                HAL_RCC_GetHCLKFreq
 .text.HAL_RCC_GetPCLK1Freq
                0x0000000008006ae4       0x28 ./Drivers/STM32F1xx_HAL_Driver/Src/stm32f1xx_hal_rcc.o
                0x0000000008006ae4                HAL_RCC_GetPCLK1Freq
 .text.HAL_RCC_GetPCLK2Freq
                0x0000000008006b0c       0x28 ./Drivers/STM32F1xx_HAL_Driver/Src/stm32f1xx_hal_rcc.o
                0x0000000008006b0c                HAL_RCC_GetPCLK2Freq
 .text.RCC_Delay
                0x0000000008006b34       0x3c ./Drivers/STM32F1xx_HAL_Driver/Src/stm32f1xx_hal_rcc.o
 .text.HAL_TIM_Base_Init
                0x0000000008006b70       0x9e ./Drivers/STM32F1xx_HAL_Driver/Src/stm32f1xx_hal_tim.o
                0x0000000008006b70                HAL_TIM_Base_Init
 *fill*         0x0000000008006c0e        0x2 
 .text.HAL_TIM_Base_Start_IT
                0x0000000008006c10       0xb4 ./Drivers/STM32F1xx_HAL_Driver/Src/stm32f1xx_hal_tim.o
                0x0000000008006c10                HAL_TIM_Base_Start_IT
 .text.HAL_TIM_IRQHandler
                0x0000000008006cc4      0x210 ./Drivers/STM32F1xx_HAL_Driver/Src/stm32f1xx_hal_tim.o
                0x0000000008006cc4                HAL_TIM_IRQHandler
 .text.HAL_TIM_ConfigClockSource
                0x0000000008006ed4      0x188 ./Drivers/STM32F1xx_HAL_Driver/Src/stm32f1xx_hal_tim.o
                0x0000000008006ed4                HAL_TIM_ConfigClockSource
 .text.HAL_TIM_OC_DelayElapsedCallback
                0x000000000800705c       0x12 ./Drivers/STM32F1xx_HAL_Driver/Src/stm32f1xx_hal_tim.o
                0x000000000800705c                HAL_TIM_OC_DelayElapsedCallback
 .text.HAL_TIM_IC_CaptureCallback
                0x000000000800706e       0x12 ./Drivers/STM32F1xx_HAL_Driver/Src/stm32f1xx_hal_tim.o
                0x000000000800706e                HAL_TIM_IC_CaptureCallback
 .text.HAL_TIM_PWM_PulseFinishedCallback
                0x0000000008007080       0x12 ./Drivers/STM32F1xx_HAL_Driver/Src/stm32f1xx_hal_tim.o
                0x0000000008007080                HAL_TIM_PWM_PulseFinishedCallback
 .text.HAL_TIM_TriggerCallback
                0x0000000008007092       0x12 ./Drivers/STM32F1xx_HAL_Driver/Src/stm32f1xx_hal_tim.o
                0x0000000008007092                HAL_TIM_TriggerCallback
 .text.TIM_Base_SetConfig
                0x00000000080070a4       0xd8 ./Drivers/STM32F1xx_HAL_Driver/Src/stm32f1xx_hal_tim.o
                0x00000000080070a4                TIM_Base_SetConfig
 .text.TIM_TI1_ConfigInputStage
                0x000000000800717c       0x5c ./Drivers/STM32F1xx_HAL_Driver/Src/stm32f1xx_hal_tim.o
 .text.TIM_TI2_ConfigInputStage
                0x00000000080071d8       0x5e ./Drivers/STM32F1xx_HAL_Driver/Src/stm32f1xx_hal_tim.o
 .text.TIM_ITRx_SetConfig
                0x0000000008007236       0x34 ./Drivers/STM32F1xx_HAL_Driver/Src/stm32f1xx_hal_tim.o
 .text.TIM_ETR_SetConfig
                0x000000000800726a       0x3e ./Drivers/STM32F1xx_HAL_Driver/Src/stm32f1xx_hal_tim.o
                0x000000000800726a                TIM_ETR_SetConfig
 .text.HAL_TIMEx_MasterConfigSynchronization
                0x00000000080072a8       0xcc ./Drivers/STM32F1xx_HAL_Driver/Src/stm32f1xx_hal_tim_ex.o
                0x00000000080072a8                HAL_TIMEx_MasterConfigSynchronization
 .text.HAL_TIMEx_CommutCallback
                0x0000000008007374       0x12 ./Drivers/STM32F1xx_HAL_Driver/Src/stm32f1xx_hal_tim_ex.o
                0x0000000008007374                HAL_TIMEx_CommutCallback
 .text.HAL_TIMEx_BreakCallback
                0x0000000008007386       0x12 ./Drivers/STM32F1xx_HAL_Driver/Src/stm32f1xx_hal_tim_ex.o
                0x0000000008007386                HAL_TIMEx_BreakCallback
 .text.HAL_UART_Init
                0x0000000008007398       0x9a ./Drivers/STM32F1xx_HAL_Driver/Src/stm32f1xx_hal_uart.o
                0x0000000008007398                HAL_UART_Init
 .text.HAL_UART_Transmit
                0x0000000008007432      0x124 ./Drivers/STM32F1xx_HAL_Driver/Src/stm32f1xx_hal_uart.o
                0x0000000008007432                HAL_UART_Transmit
 *fill*         0x0000000008007556        0x2 
 .text.HAL_UART_Transmit_DMA
                0x0000000008007558       0xd8 ./Drivers/STM32F1xx_HAL_Driver/Src/stm32f1xx_hal_uart.o
                0x0000000008007558                HAL_UART_Transmit_DMA
 .text.HAL_UART_IRQHandler
                0x0000000008007630      0x354 ./Drivers/STM32F1xx_HAL_Driver/Src/stm32f1xx_hal_uart.o
                0x0000000008007630                HAL_UART_IRQHandler
 .text.HAL_UART_RxCpltCallback
                0x0000000008007984       0x12 ./Drivers/STM32F1xx_HAL_Driver/Src/stm32f1xx_hal_uart.o
                0x0000000008007984                HAL_UART_RxCpltCallback
 .text.HAL_UART_ErrorCallback
                0x0000000008007996       0x12 ./Drivers/STM32F1xx_HAL_Driver/Src/stm32f1xx_hal_uart.o
                0x0000000008007996                HAL_UART_ErrorCallback
 .text.HAL_UARTEx_RxEventCallback
                0x00000000080079a8       0x16 ./Drivers/STM32F1xx_HAL_Driver/Src/stm32f1xx_hal_uart.o
                0x00000000080079a8                HAL_UARTEx_RxEventCallback
 .text.UART_DMATransmitCplt
                0x00000000080079be       0x52 ./Drivers/STM32F1xx_HAL_Driver/Src/stm32f1xx_hal_uart.o
 .text.UART_DMATxHalfCplt
                0x0000000008007a10       0x1c ./Drivers/STM32F1xx_HAL_Driver/Src/stm32f1xx_hal_uart.o
 .text.UART_DMAError
                0x0000000008007a2c       0x94 ./Drivers/STM32F1xx_HAL_Driver/Src/stm32f1xx_hal_uart.o
 .text.UART_WaitOnFlagUntilTimeout
                0x0000000008007ac0       0x94 ./Drivers/STM32F1xx_HAL_Driver/Src/stm32f1xx_hal_uart.o
 .text.UART_EndTxTransfer
                0x0000000008007b54       0x2a ./Drivers/STM32F1xx_HAL_Driver/Src/stm32f1xx_hal_uart.o
 .text.UART_EndRxTransfer
                0x0000000008007b7e       0x58 ./Drivers/STM32F1xx_HAL_Driver/Src/stm32f1xx_hal_uart.o
 .text.UART_DMAAbortOnError
                0x0000000008007bd6       0x28 ./Drivers/STM32F1xx_HAL_Driver/Src/stm32f1xx_hal_uart.o
 .text.UART_Transmit_IT
                0x0000000008007bfe       0x9e ./Drivers/STM32F1xx_HAL_Driver/Src/stm32f1xx_hal_uart.o
 .text.UART_EndTransmit_IT
                0x0000000008007c9c       0x30 ./Drivers/STM32F1xx_HAL_Driver/Src/stm32f1xx_hal_uart.o
 .text.UART_Receive_IT
                0x0000000008007ccc      0x152 ./Drivers/STM32F1xx_HAL_Driver/Src/stm32f1xx_hal_uart.o
 *fill*         0x0000000008007e1e        0x2 
 .text.UART_SetConfig
                0x0000000008007e20      0x11c ./Drivers/STM32F1xx_HAL_Driver/Src/stm32f1xx_hal_uart.o
 .text.__libc_init_array
                0x0000000008007f3c       0x48 c:/st/stm32cubeide_1.10.1/stm32cubeide/plugins/com.st.stm32cube.ide.mcu.externaltools.gnu-tools-for-stm32.10.3-2021.10.win32_1.0.0.202111181127/tools/bin/../lib/gcc/arm-none-eabi/10.3.1/../../../../arm-none-eabi/lib/thumb/v7-m/nofp\libc_nano.a(lib_a-init.o)
                0x0000000008007f3c                __libc_init_array
 .text.memset   0x0000000008007f84       0x10 c:/st/stm32cubeide_1.10.1/stm32cubeide/plugins/com.st.stm32cube.ide.mcu.externaltools.gnu-tools-for-stm32.10.3-2021.10.win32_1.0.0.202111181127/tools/bin/../lib/gcc/arm-none-eabi/10.3.1/../../../../arm-none-eabi/lib/thumb/v7-m/nofp\libc_nano.a(lib_a-memset.o)
                0x0000000008007f84                memset
 *(.glue_7)
 .glue_7        0x0000000008007f94        0x0 linker stubs
 *(.glue_7t)
 .glue_7t       0x0000000008007f94        0x0 linker stubs
 *(.eh_frame)
 .eh_frame      0x0000000008007f94        0x0 c:/st/stm32cubeide_1.10.1/stm32cubeide/plugins/com.st.stm32cube.ide.mcu.externaltools.gnu-tools-for-stm32.10.3-2021.10.win32_1.0.0.202111181127/tools/bin/../lib/gcc/arm-none-eabi/10.3.1/thumb/v7-m/nofp/crtbegin.o
 *(.init)
 .init          0x0000000008007f94        0x4 c:/st/stm32cubeide_1.10.1/stm32cubeide/plugins/com.st.stm32cube.ide.mcu.externaltools.gnu-tools-for-stm32.10.3-2021.10.win32_1.0.0.202111181127/tools/bin/../lib/gcc/arm-none-eabi/10.3.1/thumb/v7-m/nofp/crti.o
                0x0000000008007f94                _init
 .init          0x0000000008007f98        0x8 c:/st/stm32cubeide_1.10.1/stm32cubeide/plugins/com.st.stm32cube.ide.mcu.externaltools.gnu-tools-for-stm32.10.3-2021.10.win32_1.0.0.202111181127/tools/bin/../lib/gcc/arm-none-eabi/10.3.1/thumb/v7-m/nofp/crtn.o
 *(.fini)
 .fini          0x0000000008007fa0        0x4 c:/st/stm32cubeide_1.10.1/stm32cubeide/plugins/com.st.stm32cube.ide.mcu.externaltools.gnu-tools-for-stm32.10.3-2021.10.win32_1.0.0.202111181127/tools/bin/../lib/gcc/arm-none-eabi/10.3.1/thumb/v7-m/nofp/crti.o
                0x0000000008007fa0                _fini
 .fini          0x0000000008007fa4        0x8 c:/st/stm32cubeide_1.10.1/stm32cubeide/plugins/com.st.stm32cube.ide.mcu.externaltools.gnu-tools-for-stm32.10.3-2021.10.win32_1.0.0.202111181127/tools/bin/../lib/gcc/arm-none-eabi/10.3.1/thumb/v7-m/nofp/crtn.o
                0x0000000008007fac                . = ALIGN (0x4)
                0x0000000008007fac                _etext = .

.vfp11_veneer   0x0000000008007fac        0x0
 .vfp11_veneer  0x0000000008007fac        0x0 linker stubs

.v4_bx          0x0000000008007fac        0x0
 .v4_bx         0x0000000008007fac        0x0 linker stubs

.iplt           0x0000000008007fac        0x0
 .iplt          0x0000000008007fac        0x0 c:/st/stm32cubeide_1.10.1/stm32cubeide/plugins/com.st.stm32cube.ide.mcu.externaltools.gnu-tools-for-stm32.10.3-2021.10.win32_1.0.0.202111181127/tools/bin/../lib/gcc/arm-none-eabi/10.3.1/thumb/v7-m/nofp/crtbegin.o

.rodata         0x0000000008007fac       0x38
                0x0000000008007fac                . = ALIGN (0x4)
 *(.rodata)
 .rodata        0x0000000008007fac       0x20 ./Drivers/STM32F1xx_HAL_Driver/Src/stm32f1xx_hal_rcc.o
 *(.rodata*)
 .rodata.AHBPrescTable
                0x0000000008007fcc       0x10 ./Core/Src/system_stm32f1xx.o
                0x0000000008007fcc                AHBPrescTable
 .rodata.APBPrescTable
                0x0000000008007fdc        0x8 ./Core/Src/system_stm32f1xx.o
                0x0000000008007fdc                APBPrescTable
                0x0000000008007fe4                . = ALIGN (0x4)

.ARM.extab      0x0000000008007fe4        0x0
                0x0000000008007fe4                . = ALIGN (0x4)
 *(.ARM.extab* .gnu.linkonce.armextab.*)
                0x0000000008007fe4                . = ALIGN (0x4)

.ARM            0x0000000008007fe4        0x8
                0x0000000008007fe4                . = ALIGN (0x4)
                0x0000000008007fe4                __exidx_start = .
 *(.ARM.exidx*)
 .ARM.exidx     0x0000000008007fe4        0x8 c:/st/stm32cubeide_1.10.1/stm32cubeide/plugins/com.st.stm32cube.ide.mcu.externaltools.gnu-tools-for-stm32.10.3-2021.10.win32_1.0.0.202111181127/tools/bin/../lib/gcc/arm-none-eabi/10.3.1/thumb/v7-m/nofp\libgcc.a(_udivmoddi4.o)
                0x0000000008007fec                __exidx_end = .
                0x0000000008007fec                . = ALIGN (0x4)

.rel.dyn        0x0000000008007fec        0x0
 .rel.iplt      0x0000000008007fec        0x0 c:/st/stm32cubeide_1.10.1/stm32cubeide/plugins/com.st.stm32cube.ide.mcu.externaltools.gnu-tools-for-stm32.10.3-2021.10.win32_1.0.0.202111181127/tools/bin/../lib/gcc/arm-none-eabi/10.3.1/thumb/v7-m/nofp/crtbegin.o

.preinit_array  0x0000000008007fec        0x0
                0x0000000008007fec                . = ALIGN (0x4)
                0x0000000008007fec                PROVIDE (__preinit_array_start = .)
 *(.preinit_array*)
                0x0000000008007fec                PROVIDE (__preinit_array_end = .)
                0x0000000008007fec                . = ALIGN (0x4)

.init_array     0x0000000008007fec        0x4
                0x0000000008007fec                . = ALIGN (0x4)
                0x0000000008007fec                PROVIDE (__init_array_start = .)
 *(SORT_BY_NAME(.init_array.*))
 *(.init_array*)
 .init_array    0x0000000008007fec        0x4 c:/st/stm32cubeide_1.10.1/stm32cubeide/plugins/com.st.stm32cube.ide.mcu.externaltools.gnu-tools-for-stm32.10.3-2021.10.win32_1.0.0.202111181127/tools/bin/../lib/gcc/arm-none-eabi/10.3.1/thumb/v7-m/nofp/crtbegin.o
                0x0000000008007ff0                PROVIDE (__init_array_end = .)
                0x0000000008007ff0                . = ALIGN (0x4)

.fini_array     0x0000000008007ff0        0x4
                0x0000000008007ff0                . = ALIGN (0x4)
                [!provide]                        PROVIDE (__fini_array_start = .)
 *(SORT_BY_NAME(.fini_array.*))
 *(.fini_array*)
 .fini_array    0x0000000008007ff0        0x4 c:/st/stm32cubeide_1.10.1/stm32cubeide/plugins/com.st.stm32cube.ide.mcu.externaltools.gnu-tools-for-stm32.10.3-2021.10.win32_1.0.0.202111181127/tools/bin/../lib/gcc/arm-none-eabi/10.3.1/thumb/v7-m/nofp/crtbegin.o
                [!provide]                        PROVIDE (__fini_array_end = .)
                0x0000000008007ff4                . = ALIGN (0x4)
                0x0000000008007ff4                _sidata = LOADADDR (.data)

.data           0x0000000020000000      0x2e8 load address 0x0000000008007ff4
                0x0000000020000000                . = ALIGN (0x4)
                0x0000000020000000                _sdata = .
 *(.data)
 *(.data*)
 .data.err_or_not
                0x0000000020000000        0x1 ./Core/Src/data_structures.o
                0x0000000020000000                err_or_not
 *fill*         0x0000000020000001        0x3 
 .data.err_fullerror
                0x0000000020000004        0x4 ./Core/Src/data_structures.o
                0x0000000020000004                err_fullerror
 .data.startup  0x0000000020000008        0x1 ./Core/Src/data_structures.o
                0x0000000020000008                startup
 .data.entry    0x0000000020000009        0x1 ./Core/Src/data_structures.o
                0x0000000020000009                entry
 .data.checklit
                0x000000002000000a        0x1 ./Core/Src/data_structures.o
                0x000000002000000a                checklit
 .data.currentMenu
                0x000000002000000b        0x1 ./Core/Src/data_structures.o
                0x000000002000000b                currentMenu
 .data.previousMenuBack
                0x000000002000000c        0x1 ./Core/Src/data_structures.o
                0x000000002000000c                previousMenuBack
 .data.previousMenuForward
                0x000000002000000d        0x1 ./Core/Src/data_structures.o
                0x000000002000000d                previousMenuForward
 .data.starupMode
                0x000000002000000e        0x1 ./Core/Src/data_structures.o
                0x000000002000000e                starupMode
 .data.state_entry
                0x000000002000000f        0x1 ./Core/Src/data_structures.o
                0x000000002000000f                state_entry
 .data.page_entry
                0x0000000020000010        0x1 ./Core/Src/data_structures.o
                0x0000000020000010                page_entry
 .data.vpCounter
                0x0000000020000011        0x1 ./Core/Src/data_structures.o
                0x0000000020000011                vpCounter
 .data.longPress_Time
                0x0000000020000012        0x1 ./Core/Src/data_structures.o
                0x0000000020000012                longPress_Time
 .data.inPopup  0x0000000020000013        0x1 ./Core/Src/data_structures.o
                0x0000000020000013                inPopup
 .data.TxData2  0x0000000020000014        0x8 ./Core/Src/main.o
                0x0000000020000014                TxData2
 .data.SystemCoreClock
                0x000000002000001c        0x4 ./Core/Src/system_stm32f1xx.o
                0x000000002000001c                SystemCoreClock
 .data.timeSet  0x0000000020000020        0xe ./Core/Src/transmit.o
                0x0000000020000020                timeSet
 *fill*         0x000000002000002e        0x2 
 .data.DisenKillSwitch
                0x0000000020000030        0xa ./Core/Src/transmit.o
                0x0000000020000030                DisenKillSwitch
 *fill*         0x000000002000003a        0x2 
 .data.PressBrake
                0x000000002000003c        0xa ./Core/Src/transmit.o
                0x000000002000003c                PressBrake
 *fill*         0x0000000020000046        0x2 
 .data.GearErr  0x0000000020000048        0xa ./Core/Src/transmit.o
                0x0000000020000048                GearErr
 *fill*         0x0000000020000052        0x2 
 .data.SysCheck_Okay_NoIcon
                0x0000000020000054        0xa ./Core/Src/transmit.o
                0x0000000020000054                SysCheck_Okay_NoIcon
 *fill*         0x000000002000005e        0x2 
 .data.ReadytoDrive
                0x0000000020000060        0xa ./Core/Src/transmit.o
                0x0000000020000060                ReadytoDrive
 *fill*         0x000000002000006a        0x2 
 .data.TripSum  0x000000002000006c        0xa ./Core/Src/transmit.o
                0x000000002000006c                TripSum
 *fill*         0x0000000020000076        0x2 
 .data.AfterRecharge
                0x0000000020000078        0xa ./Core/Src/transmit.o
                0x0000000020000078                AfterRecharge
 *fill*         0x0000000020000082        0x2 
 .data.VehicleInfo
                0x0000000020000084        0xa ./Core/Src/transmit.o
                0x0000000020000084                VehicleInfo
 *fill*         0x000000002000008e        0x2 
 .data.VehicleInfoBat
                0x0000000020000090        0xa ./Core/Src/transmit.o
                0x0000000020000090                VehicleInfoBat
 *fill*         0x000000002000009a        0x2 
 .data.VehicleInfoMot
                0x000000002000009c        0xa ./Core/Src/transmit.o
                0x000000002000009c                VehicleInfoMot
 *fill*         0x00000000200000a6        0x2 
 .data.VehicleInfoInv
                0x00000000200000a8        0xa ./Core/Src/transmit.o
                0x00000000200000a8                VehicleInfoInv
 *fill*         0x00000000200000b2        0x2 
 .data.Settings
                0x00000000200000b4        0xa ./Core/Src/transmit.o
                0x00000000200000b4                Settings
 *fill*         0x00000000200000be        0x2 
 .data.Vehicle  0x00000000200000c0        0xa ./Core/Src/transmit.o
                0x00000000200000c0                Vehicle
 *fill*         0x00000000200000ca        0x2 
 .data.System   0x00000000200000cc        0xa ./Core/Src/transmit.o
                0x00000000200000cc                System
 *fill*         0x00000000200000d6        0x2 
 .data.Bluetooth
                0x00000000200000d8        0xa ./Core/Src/transmit.o
                0x00000000200000d8                Bluetooth
 *fill*         0x00000000200000e2        0x2 
 .data.Errors   0x00000000200000e4        0xa ./Core/Src/transmit.o
                0x00000000200000e4                Errors
 *fill*         0x00000000200000ee        0x2 
 .data.SysError_shutdown
                0x00000000200000f0        0xa ./Core/Src/transmit.o
                0x00000000200000f0                SysError_shutdown
 *fill*         0x00000000200000fa        0x2 
 .data.SysError_SafeStop
                0x00000000200000fc        0xa ./Core/Src/transmit.o
                0x00000000200000fc                SysError_SafeStop
 *fill*         0x0000000020000106        0x2 
 .data.Charging
                0x0000000020000108        0xa ./Core/Src/transmit.o
                0x0000000020000108                Charging
 *fill*         0x0000000020000112        0x2 
 .data.ChargingComp
                0x0000000020000114        0xa ./Core/Src/transmit.o
                0x0000000020000114                ChargingComp
 *fill*         0x000000002000011e        0x2 
 .data.ChargingErr
                0x0000000020000120        0xa ./Core/Src/transmit.o
                0x0000000020000120                ChargingErr
 *fill*         0x000000002000012a        0x2 
 .data.SysErrMild
                0x000000002000012c        0xa ./Core/Src/transmit.o
                0x000000002000012c                SysErrMild
 *fill*         0x0000000020000136        0x2 
 .data.SysErrCritical
                0x0000000020000138        0xa ./Core/Src/transmit.o
                0x0000000020000138                SysErrCritical
 *fill*         0x0000000020000142        0x2 
 .data.Test     0x0000000020000144        0xa ./Core/Src/transmit.o
                0x0000000020000144                Test
 *fill*         0x000000002000014e        0x2 
 .data.BatteryON
                0x0000000020000150        0x8 ./Core/Src/transmit.o
                0x0000000020000150                BatteryON
 .data.BatteryOFF
                0x0000000020000158        0x8 ./Core/Src/transmit.o
                0x0000000020000158                BatteryOFF
 .data.ErrorON  0x0000000020000160        0x8 ./Core/Src/transmit.o
                0x0000000020000160                ErrorON
 .data.ErrorOFF
                0x0000000020000168        0x8 ./Core/Src/transmit.o
                0x0000000020000168                ErrorOFF
 .data.ServiceON
                0x0000000020000170        0x8 ./Core/Src/transmit.o
                0x0000000020000170                ServiceON
 .data.ServiceOFF
                0x0000000020000178        0x8 ./Core/Src/transmit.o
                0x0000000020000178                ServiceOFF
 .data.MildErrorON
                0x0000000020000180        0x8 ./Core/Src/transmit.o
                0x0000000020000180                MildErrorON
 .data.MildErrorOFF
                0x0000000020000188        0x8 ./Core/Src/transmit.o
                0x0000000020000188                MildErrorOFF
 .data.PowerLimitedON
                0x0000000020000190        0x8 ./Core/Src/transmit.o
                0x0000000020000190                PowerLimitedON
 .data.PowerLimitedOFF
                0x0000000020000198        0x8 ./Core/Src/transmit.o
                0x0000000020000198                PowerLimitedOFF
 .data.ReadytoDrive_Icon_ON
                0x00000000200001a0        0x8 ./Core/Src/transmit.o
                0x00000000200001a0                ReadytoDrive_Icon_ON
 .data.ReadytoDrive_Icon_OFF
                0x00000000200001a8        0x8 ./Core/Src/transmit.o
                0x00000000200001a8                ReadytoDrive_Icon_OFF
 .data.ReverseON
                0x00000000200001b0        0x8 ./Core/Src/transmit.o
                0x00000000200001b0                ReverseON
 .data.NeutralON
                0x00000000200001b8        0x8 ./Core/Src/transmit.o
                0x00000000200001b8                NeutralON
 .data.DriveON  0x00000000200001c0        0x8 ./Core/Src/transmit.o
                0x00000000200001c0                DriveON
 .data.GearClear
                0x00000000200001c8        0x8 ./Core/Src/transmit.o
                0x00000000200001c8                GearClear
 .data.EcoON    0x00000000200001d0        0x8 ./Core/Src/transmit.o
                0x00000000200001d0                EcoON
 .data.NormalON
                0x00000000200001d8        0x8 ./Core/Src/transmit.o
                0x00000000200001d8                NormalON
 .data.SportON  0x00000000200001e0        0x8 ./Core/Src/transmit.o
                0x00000000200001e0                SportON
 .data.modeClear
                0x00000000200001e8        0x8 ./Core/Src/transmit.o
                0x00000000200001e8                modeClear
 .data.UI_Button_Vehicle
                0x00000000200001f0        0x8 ./Core/Src/transmit.o
                0x00000000200001f0                UI_Button_Vehicle
 .data.UI_Button_System
                0x00000000200001f8        0x8 ./Core/Src/transmit.o
                0x00000000200001f8                UI_Button_System
 .data.UI_Button_Bluetooth
                0x0000000020000200        0x8 ./Core/Src/transmit.o
                0x0000000020000200                UI_Button_Bluetooth
 .data.UI_Button_Errors
                0x0000000020000208        0x8 ./Core/Src/transmit.o
                0x0000000020000208                UI_Button_Errors
 .data.UI_Button_Non
                0x0000000020000210        0x8 ./Core/Src/transmit.o
                0x0000000020000210                UI_Button_Non
 .data.TimeSelect
                0x0000000020000218        0x8 ./Core/Src/transmit.o
                0x0000000020000218                TimeSelect
 .data.TimeSelectOff
                0x0000000020000220        0x8 ./Core/Src/transmit.o
                0x0000000020000220                TimeSelectOff
 .data.BrightnessSelect
                0x0000000020000228        0x8 ./Core/Src/transmit.o
                0x0000000020000228                BrightnessSelect
 .data.BrightnessSelectOff
                0x0000000020000230        0x8 ./Core/Src/transmit.o
                0x0000000020000230                BrightnessSelectOff
 .data.HighBatTemp
                0x0000000020000238        0x8 ./Core/Src/transmit.o
                0x0000000020000238                HighBatTemp
 .data.BatMenuOFF
                0x0000000020000240        0x8 ./Core/Src/transmit.o
                0x0000000020000240                BatMenuOFF
 .data.modeChange_Lock
                0x0000000020000248        0x8 ./Core/Src/transmit.o
                0x0000000020000248                modeChange_Lock
 .data.ChargerConnErrON
                0x0000000020000250        0x8 ./Core/Src/transmit.o
                0x0000000020000250                ChargerConnErrON
 .data.ChargerConnErrOFF
                0x0000000020000258        0x8 ./Core/Src/transmit.o
                0x0000000020000258                ChargerConnErrOFF
 .data.eco0     0x0000000020000260        0x8 ./Core/Src/transmit.o
                0x0000000020000260                eco0
 .data.eco1     0x0000000020000268        0x8 ./Core/Src/transmit.o
                0x0000000020000268                eco1
 .data.eco2     0x0000000020000270        0x8 ./Core/Src/transmit.o
                0x0000000020000270                eco2
 .data.eco3     0x0000000020000278        0x8 ./Core/Src/transmit.o
                0x0000000020000278                eco3
 .data.eco4     0x0000000020000280        0x8 ./Core/Src/transmit.o
                0x0000000020000280                eco4
 .data.eco5     0x0000000020000288        0x8 ./Core/Src/transmit.o
                0x0000000020000288                eco5
 .data.power1   0x0000000020000290        0x8 ./Core/Src/transmit.o
                0x0000000020000290                power1
 .data.power2   0x0000000020000298        0x8 ./Core/Src/transmit.o
                0x0000000020000298                power2
 .data.power3   0x00000000200002a0        0x8 ./Core/Src/transmit.o
                0x00000000200002a0                power3
 .data.power4   0x00000000200002a8        0x8 ./Core/Src/transmit.o
                0x00000000200002a8                power4
 .data.power5   0x00000000200002b0        0x8 ./Core/Src/transmit.o
                0x00000000200002b0                power5
 .data.charge1  0x00000000200002b8        0x8 ./Core/Src/transmit.o
                0x00000000200002b8                charge1
 .data.charge2  0x00000000200002c0        0x8 ./Core/Src/transmit.o
                0x00000000200002c0                charge2
 .data.charge3  0x00000000200002c8        0x8 ./Core/Src/transmit.o
                0x00000000200002c8                charge3
 .data.charge4  0x00000000200002d0        0x8 ./Core/Src/transmit.o
                0x00000000200002d0                charge4
 .data.charge5  0x00000000200002d8        0x8 ./Core/Src/transmit.o
                0x00000000200002d8                charge5
 .data.uwTickPrio
                0x00000000200002e0        0x4 ./Drivers/STM32F1xx_HAL_Driver/Src/stm32f1xx_hal.o
                0x00000000200002e0                uwTickPrio
 .data.uwTickFreq
                0x00000000200002e4        0x1 ./Drivers/STM32F1xx_HAL_Driver/Src/stm32f1xx_hal.o
                0x00000000200002e4                uwTickFreq
 *(.RamFunc)
 *(.RamFunc*)
                0x00000000200002e8                . = ALIGN (0x4)
 *fill*         0x00000000200002e5        0x3 
                0x00000000200002e8                _edata = .

.igot.plt       0x00000000200002e8        0x0 load address 0x00000000080082dc
 .igot.plt      0x00000000200002e8        0x0 c:/st/stm32cubeide_1.10.1/stm32cubeide/plugins/com.st.stm32cube.ide.mcu.externaltools.gnu-tools-for-stm32.10.3-2021.10.win32_1.0.0.202111181127/tools/bin/../lib/gcc/arm-none-eabi/10.3.1/thumb/v7-m/nofp/crtbegin.o
                0x00000000200002e8                . = ALIGN (0x4)

.bss            0x00000000200002e8      0x280 load address 0x00000000080082dc
                0x00000000200002e8                _sbss = .
                0x00000000200002e8                __bss_start__ = _sbss
 *(.bss)
 .bss           0x00000000200002e8       0x1c c:/st/stm32cubeide_1.10.1/stm32cubeide/plugins/com.st.stm32cube.ide.mcu.externaltools.gnu-tools-for-stm32.10.3-2021.10.win32_1.0.0.202111181127/tools/bin/../lib/gcc/arm-none-eabi/10.3.1/thumb/v7-m/nofp/crtbegin.o
 *(.bss*)
 .bss.hcan1     0x0000000020000304       0x28 ./Core/Src/can.o
                0x0000000020000304                hcan1
 .bss.EVCU_setData_i
                0x000000002000032c        0x8 ./Core/Src/can_matrix.o
                0x000000002000032c                EVCU_setData_i
 .bss.gpio      0x0000000020000334        0x2 ./Core/Src/data_structures.o
                0x0000000020000334                gpio
 .bss.buttonEn1
                0x0000000020000336        0x1 ./Core/Src/data_structures.o
                0x0000000020000336                buttonEn1
 .bss.buttonEn2
                0x0000000020000337        0x1 ./Core/Src/data_structures.o
                0x0000000020000337                buttonEn2
 .bss.forward   0x0000000020000338        0x1 ./Core/Src/data_structures.o
                0x0000000020000338                forward
 .bss.backward  0x0000000020000339        0x1 ./Core/Src/data_structures.o
                0x0000000020000339                backward
 .bss.okay      0x000000002000033a        0x1 ./Core/Src/data_structures.o
                0x000000002000033a                okay
 .bss.tripreset
                0x000000002000033b        0x1 ./Core/Src/data_structures.o
                0x000000002000033b                tripreset
 .bss.longpress
                0x000000002000033c        0x1 ./Core/Src/data_structures.o
                0x000000002000033c                longpress
 .bss.mode      0x000000002000033d        0x1 ./Core/Src/data_structures.o
                0x000000002000033d                mode
 .bss.back      0x000000002000033e        0x1 ./Core/Src/data_structures.o
                0x000000002000033e                back
 .bss.inSettings
                0x000000002000033f        0x1 ./Core/Src/data_structures.o
                0x000000002000033f                inSettings
 .bss.inInfoBat
                0x0000000020000340        0x1 ./Core/Src/data_structures.o
                0x0000000020000340                inInfoBat
 *fill*         0x0000000020000341        0x3 
 .bss.strDATA   0x0000000020000344        0x8 ./Core/Src/data_structures.o
                0x0000000020000344                strDATA
 .bss.strDATA2  0x000000002000034c        0xa ./Core/Src/data_structures.o
                0x000000002000034c                strDATA2
 *fill*         0x0000000020000356        0x2 
 .bss.distance  0x0000000020000358       0x10 ./Core/Src/data_structures.o
                0x0000000020000358                distance
 .bss.afterChargeData
                0x0000000020000368        0x8 ./Core/Src/data_structures.o
                0x0000000020000368                afterChargeData
 .bss.appData   0x0000000020000370       0x10 ./Core/Src/data_structures.o
                0x0000000020000370                appData
 .bss.test_speed
                0x0000000020000380        0x2 ./Core/Src/data_structures.o
                0x0000000020000380                test_speed
 .bss.mode_count
                0x0000000020000382        0x2 ./Core/Src/data_structures.o
                0x0000000020000382                mode_count
 .bss.soc_value
                0x0000000020000384        0x1 ./Core/Src/data_structures.o
                0x0000000020000384                soc_value
 .bss.soh_value
                0x0000000020000385        0x1 ./Core/Src/data_structures.o
                0x0000000020000385                soh_value
 .bss.pack_voltage
                0x0000000020000386        0x2 ./Core/Src/data_structures.o
                0x0000000020000386                pack_voltage
 .bss.hcell_voltage
                0x0000000020000388        0x2 ./Core/Src/data_structures.o
                0x0000000020000388                hcell_voltage
 .bss.lcell_voltage
                0x000000002000038a        0x2 ./Core/Src/data_structures.o
                0x000000002000038a                lcell_voltage
 .bss.rpm_meter
                0x000000002000038c        0x2 ./Core/Src/data_structures.o
                0x000000002000038c                rpm_meter
 .bss.pack_temp
                0x000000002000038e        0x1 ./Core/Src/data_structures.o
                0x000000002000038e                pack_temp
 *fill*         0x000000002000038f        0x1 
 .bss.dc_current
                0x0000000020000390        0x2 ./Core/Src/data_structures.o
                0x0000000020000390                dc_current
 .bss.power     0x0000000020000392        0x2 ./Core/Src/data_structures.o
                0x0000000020000392                power
 .bss.currentstate
                0x0000000020000394        0x1 ./Core/Src/data_structures.o
                0x0000000020000394                currentstate
 .bss.previousState
                0x0000000020000395        0x1 ./Core/Src/data_structures.o
                0x0000000020000395                previousState
 .bss.accessory
                0x0000000020000396        0x1 ./Core/Src/data_structures.o
                0x0000000020000396                accessory
 .bss.readytodrive
                0x0000000020000397        0x1 ./Core/Src/data_structures.o
                0x0000000020000397                readytodrive
 .bss.start     0x0000000020000398        0x1 ./Core/Src/data_structures.o
                0x0000000020000398                start
 .bss.buzzer    0x0000000020000399        0x1 ./Core/Src/data_structures.o
                0x0000000020000399                buzzer
 .bss.trip_ack  0x000000002000039a        0x1 ./Core/Src/data_structures.o
                0x000000002000039a                trip_ack
 .bss.mode_override
                0x000000002000039b        0x1 ./Core/Src/data_structures.o
                0x000000002000039b                mode_override
 .bss.mode_evcu
                0x000000002000039c        0x1 ./Core/Src/data_structures.o
                0x000000002000039c                mode_evcu
 .bss.warning   0x000000002000039d        0x1 ./Core/Src/data_structures.o
                0x000000002000039d                warning
 .bss.shutdown  0x000000002000039e        0x1 ./Core/Src/data_structures.o
                0x000000002000039e                shutdown
 .bss.err_error
                0x000000002000039f        0x1 ./Core/Src/data_structures.o
                0x000000002000039f                err_error
 .bss.err_device
                0x00000000200003a0        0x1 ./Core/Src/data_structures.o
                0x00000000200003a0                err_device
 .bss.err_crit_mild
                0x00000000200003a1        0x1 ./Core/Src/data_structures.o
                0x00000000200003a1                err_crit_mild
 *fill*         0x00000000200003a2        0x2 
 .bss.err_previous
                0x00000000200003a4        0x4 ./Core/Src/data_structures.o
                0x00000000200003a4                err_previous
 .bss.err_State_Navigation
                0x00000000200003a8        0x1 ./Core/Src/data_structures.o
                0x00000000200003a8                err_State_Navigation
 .bss.rtn       0x00000000200003a9        0x1 ./Core/Src/data_structures.o
                0x00000000200003a9                rtn
 .bss.currentPage
                0x00000000200003aa        0x1 ./Core/Src/data_structures.o
                0x00000000200003aa                currentPage
 .bss.previousPage
                0x00000000200003ab        0x1 ./Core/Src/data_structures.o
                0x00000000200003ab                previousPage
 .bss.currentStateSM
                0x00000000200003ac        0x1 ./Core/Src/data_structures.o
                0x00000000200003ac                currentStateSM
 .bss.previousStateSM
                0x00000000200003ad        0x1 ./Core/Src/data_structures.o
                0x00000000200003ad                previousStateSM
 .bss.currentSubMenu
                0x00000000200003ae        0x1 ./Core/Src/data_structures.o
                0x00000000200003ae                currentSubMenu
 .bss.previousSubMenuBack
                0x00000000200003af        0x1 ./Core/Src/data_structures.o
                0x00000000200003af                previousSubMenuBack
 .bss.previousSubMenuForward
                0x00000000200003b0        0x1 ./Core/Src/data_structures.o
                0x00000000200003b0                previousSubMenuForward
 .bss._menupage
                0x00000000200003b1        0x1 ./Core/Src/data_structures.o
                0x00000000200003b1                _menupage
 .bss.currentMode
                0x00000000200003b2        0x1 ./Core/Src/data_structures.o
                0x00000000200003b2                currentMode
 .bss.targetMode
                0x00000000200003b3        0x1 ./Core/Src/data_structures.o
                0x00000000200003b3                targetMode
 .bss.menuAccess
                0x00000000200003b4        0x1 ./Core/Src/data_structures.o
                0x00000000200003b4                menuAccess
 .bss.inVehicleMenu
                0x00000000200003b5        0x1 ./Core/Src/data_structures.o
                0x00000000200003b5                inVehicleMenu
 .bss.inSystemMenu
                0x00000000200003b6        0x1 ./Core/Src/data_structures.o
                0x00000000200003b6                inSystemMenu
 .bss.inTimeSettings
                0x00000000200003b7        0x1 ./Core/Src/data_structures.o
                0x00000000200003b7                inTimeSettings
 .bss.timerSetValueH
                0x00000000200003b8        0x1 ./Core/Src/data_structures.o
                0x00000000200003b8                timerSetValueH
 .bss.timerSetValueMin
                0x00000000200003b9        0x1 ./Core/Src/data_structures.o
                0x00000000200003b9                timerSetValueMin
 .bss.timeChanged
                0x00000000200003ba        0x1 ./Core/Src/data_structures.o
                0x00000000200003ba                timeChanged
 .bss.inBluetoothMenu
                0x00000000200003bb        0x1 ./Core/Src/data_structures.o
                0x00000000200003bb                inBluetoothMenu
 .bss.inErrorsMenu
                0x00000000200003bc        0x1 ./Core/Src/data_structures.o
                0x00000000200003bc                inErrorsMenu
 .bss.inTheMenu
                0x00000000200003bd        0x1 ./Core/Src/data_structures.o
                0x00000000200003bd                inTheMenu
 .bss.error_on  0x00000000200003be        0x1 ./Core/Src/data_structures.o
                0x00000000200003be                error_on
 .bss.milderror_on
                0x00000000200003bf        0x1 ./Core/Src/data_structures.o
                0x00000000200003bf                milderror_on
 .bss.service_on
                0x00000000200003c0        0x1 ./Core/Src/data_structures.o
                0x00000000200003c0                service_on
 .bss.bat_temp_high
                0x00000000200003c1        0x1 ./Core/Src/data_structures.o
                0x00000000200003c1                bat_temp_high
 .bss.aux_low_on
                0x00000000200003c2        0x1 ./Core/Src/data_structures.o
                0x00000000200003c2                aux_low_on
 .bss.errorRead
                0x00000000200003c3        0x1 ./Core/Src/data_structures.o
                0x00000000200003c3                errorRead
 .bss.error_check
                0x00000000200003c4        0x1 ./Core/Src/data_structures.o
                0x00000000200003c4                error_check
 .bss.modeChangeOK
                0x00000000200003c5        0x1 ./Core/Src/data_structures.o
                0x00000000200003c5                modeChangeOK
 .bss.modeIcon  0x00000000200003c6        0x1 ./Core/Src/data_structures.o
                0x00000000200003c6                modeIcon
 .bss.charge_error
                0x00000000200003c7        0x1 ./Core/Src/data_structures.o
                0x00000000200003c7                charge_error
 .bss.chargingcomp
                0x00000000200003c8        0x1 ./Core/Src/data_structures.o
                0x00000000200003c8                chargingcomp
 .bss.chargerconn
                0x00000000200003c9        0x1 ./Core/Src/data_structures.o
                0x00000000200003c9                chargerconn
 .bss._startingUp
                0x00000000200003ca        0x1 ./Core/Src/data_structures.o
                0x00000000200003ca                _startingUp
 .bss._navigation
                0x00000000200003cb        0x1 ./Core/Src/data_structures.o
                0x00000000200003cb                _navigation
 .bss._realTimeData
                0x00000000200003cc        0x1 ./Core/Src/data_structures.o
                0x00000000200003cc                _realTimeData
 .bss._setDriverPage
                0x00000000200003cd        0x1 ./Core/Src/data_structures.o
                0x00000000200003cd                _setDriverPage
 .bss._oneTimeData
                0x00000000200003ce        0x1 ./Core/Src/data_structures.o
                0x00000000200003ce                _oneTimeData
 .bss._modeSelection
                0x00000000200003cf        0x1 ./Core/Src/data_structures.o
                0x00000000200003cf                _modeSelection
 .bss._allowNavigation
                0x00000000200003d0        0x1 ./Core/Src/data_structures.o
                0x00000000200003d0                _allowNavigation
 .bss._errorSetPopup
                0x00000000200003d1        0x1 ./Core/Src/data_structures.o
                0x00000000200003d1                _errorSetPopup
 .bss._errorSetCode
                0x00000000200003d2        0x1 ./Core/Src/data_structures.o
                0x00000000200003d2                _errorSetCode
 .bss._errorSetIcon
                0x00000000200003d3        0x1 ./Core/Src/data_structures.o
                0x00000000200003d3                _errorSetIcon
 .bss._errorClear
                0x00000000200003d4        0x1 ./Core/Src/data_structures.o
                0x00000000200003d4                _errorClear
 .bss._charingState
                0x00000000200003d5        0x1 ./Core/Src/data_structures.o
                0x00000000200003d5                _charingState
 .bss._chargingUI
                0x00000000200003d6        0x1 ./Core/Src/data_structures.o
                0x00000000200003d6                _chargingUI
 .bss._chargeComplete
                0x00000000200003d7        0x1 ./Core/Src/data_structures.o
                0x00000000200003d7                _chargeComplete
 .bss._modeChanged
                0x00000000200003d8        0x1 ./Core/Src/data_structures.o
                0x00000000200003d8                _modeChanged
 .bss._gearCleared
                0x00000000200003d9        0x1 ./Core/Src/data_structures.o
                0x00000000200003d9                _gearCleared
 .bss._gearChanged
                0x00000000200003da        0x1 ./Core/Src/data_structures.o
                0x00000000200003da                _gearChanged
 .bss._menuChanged
                0x00000000200003db        0x1 ./Core/Src/data_structures.o
                0x00000000200003db                _menuChanged
 .bss.menuCounter
                0x00000000200003dc        0x1 ./Core/Src/data_structures.o
                0x00000000200003dc                menuCounter
 .bss.subMenuCounter
                0x00000000200003dd        0x1 ./Core/Src/data_structures.o
                0x00000000200003dd                subMenuCounter
 .bss._testPage
                0x00000000200003de        0x1 ./Core/Src/data_structures.o
                0x00000000200003de                _testPage
 .bss._setPoup  0x00000000200003df        0x1 ./Core/Src/data_structures.o
                0x00000000200003df                _setPoup
 .bss._After_Charge_Page
                0x00000000200003e0        0x1 ./Core/Src/data_structures.o
                0x00000000200003e0                _After_Charge_Page
 .bss._Trip_Summary_Page
                0x00000000200003e1        0x1 ./Core/Src/data_structures.o
                0x00000000200003e1                _Trip_Summary_Page
 .bss._Battery_Info_Page
                0x00000000200003e2        0x1 ./Core/Src/data_structures.o
                0x00000000200003e2                _Battery_Info_Page
 .bss._Motor_Info_Page
                0x00000000200003e3        0x1 ./Core/Src/data_structures.o
                0x00000000200003e3                _Motor_Info_Page
 .bss._Inverter_Info_Page
                0x00000000200003e4        0x1 ./Core/Src/data_structures.o
                0x00000000200003e4                _Inverter_Info_Page
 .bss.realTime_counter
                0x00000000200003e5        0x1 ./Core/Src/data_structures.o
                0x00000000200003e5                realTime_counter
 .bss.priorityLevel1_counter
                0x00000000200003e6        0x1 ./Core/Src/data_structures.o
                0x00000000200003e6                priorityLevel1_counter
 .bss._transmit_Function
                0x00000000200003e7        0x1 ./Core/Src/data_structures.o
                0x00000000200003e7                _transmit_Function
 .bss.popUpCounter
                0x00000000200003e8        0x1 ./Core/Src/data_structures.o
                0x00000000200003e8                popUpCounter
 .bss.popUpNumber
                0x00000000200003e9        0x1 ./Core/Src/data_structures.o
                0x00000000200003e9                popUpNumber
 .bss._fireModeEnable
                0x00000000200003ea        0x1 ./Core/Src/data_structures.o
                0x00000000200003ea                _fireModeEnable
 .bss._drivePageSet
                0x00000000200003eb        0x1 ./Core/Src/data_structures.o
                0x00000000200003eb                _drivePageSet
 .bss._trasmitGlobal
                0x00000000200003ec        0x1 ./Core/Src/data_structures.o
                0x00000000200003ec                _trasmitGlobal
 .bss.buttonCounterLongPress
                0x00000000200003ed        0x1 ./Core/Src/gpio.o
                0x00000000200003ed                buttonCounterLongPress
 .bss.buttonCounterForward
                0x00000000200003ee        0x1 ./Core/Src/gpio.o
                0x00000000200003ee                buttonCounterForward
 .bss.buttonCounterBackward
                0x00000000200003ef        0x1 ./Core/Src/gpio.o
                0x00000000200003ef                buttonCounterBackward
 .bss.buttonCounterBack
                0x00000000200003f0        0x1 ./Core/Src/gpio.o
                0x00000000200003f0                buttonCounterBack
 .bss.buttonCounterOkay
                0x00000000200003f1        0x1 ./Core/Src/gpio.o
                0x00000000200003f1                buttonCounterOkay
 .bss.buttonCounterMode
                0x00000000200003f2        0x1 ./Core/Src/gpio.o
                0x00000000200003f2                buttonCounterMode
 *fill*         0x00000000200003f3        0x1 
 .bss.txHeader  0x00000000200003f4       0x18 ./Core/Src/main.o
                0x00000000200003f4                txHeader
 .bss.rxHeader  0x000000002000040c       0x1c ./Core/Src/main.o
                0x000000002000040c                rxHeader
 .bss.TxHeader2
                0x0000000020000428       0x18 ./Core/Src/main.o
                0x0000000020000428                TxHeader2
 .bss.RxHeader2
                0x0000000020000440       0x1c ./Core/Src/main.o
                0x0000000020000440                RxHeader2
 .bss.canMailbox
                0x000000002000045c        0x4 ./Core/Src/main.o
                0x000000002000045c                canMailbox
 .bss.canRX     0x0000000020000460        0x8 ./Core/Src/main.o
                0x0000000020000460                canRX
 .bss.canTX     0x0000000020000468        0x8 ./Core/Src/main.o
                0x0000000020000468                canTX
 .bss.RxData2   0x0000000020000470        0x8 ./Core/Src/main.o
                0x0000000020000470                RxData2
 .bss.counter   0x0000000020000478        0x1 ./Core/Src/main.o
                0x0000000020000478                counter
 .bss.counter2  0x0000000020000479        0x1 ./Core/Src/main.o
                0x0000000020000479                counter2
 .bss.can_Counter
                0x000000002000047a        0x1 ./Core/Src/main.o
                0x000000002000047a                can_Counter
 .bss.timCounter
                0x000000002000047b        0x1 ./Core/Src/main.o
                0x000000002000047b                timCounter
 .bss.gpioSetFlag
                0x000000002000047c        0x1 ./Core/Src/main.o
                0x000000002000047c                gpioSetFlag
 .bss.dataCounter
                0x000000002000047d        0x1 ./Core/Src/state_machine.o
                0x000000002000047d                dataCounter
 *fill*         0x000000002000047e        0x2 
 .bss.htim2     0x0000000020000480       0x48 ./Core/Src/tim.o
                0x0000000020000480                htim2
 .bss.timeout   0x00000000200004c8       0x10 ./Core/Src/timer.o
                0x00000000200004c8                timeout
 .bss.drivePageTransmit
                0x00000000200004d8        0x1 ./Core/Src/transmit.o
                0x00000000200004d8                drivePageTransmit
 *fill*         0x00000000200004d9        0x3 
 .bss.huart3    0x00000000200004dc       0x44 ./Core/Src/usart.o
                0x00000000200004dc                huart3
 .bss.hdma_usart3_tx
                0x0000000020000520       0x44 ./Core/Src/usart.o
                0x0000000020000520                hdma_usart3_tx
 .bss.uwTick    0x0000000020000564        0x4 ./Drivers/STM32F1xx_HAL_Driver/Src/stm32f1xx_hal.o
                0x0000000020000564                uwTick
 *(COMMON)
                0x0000000020000568                . = ALIGN (0x4)
                0x0000000020000568                _ebss = .
                0x0000000020000568                __bss_end__ = _ebss

._user_heap_stack
                0x0000000020000568      0x600 load address 0x00000000080082dc
                0x0000000020000568                . = ALIGN (0x8)
                [!provide]                        PROVIDE (end = .)
                0x0000000020000568                PROVIDE (_end = .)
                0x0000000020000768                . = (. + _Min_Heap_Size)
 *fill*         0x0000000020000568      0x200 
                0x0000000020000b68                . = (. + _Min_Stack_Size)
 *fill*         0x0000000020000768      0x400 
                0x0000000020000b68                . = ALIGN (0x8)

/DISCARD/
 libc.a(*)
 libm.a(*)
 libgcc.a(*)

.ARM.attributes
                0x0000000000000000       0x29
 *(.ARM.attributes)
 .ARM.attributes
                0x0000000000000000       0x1d c:/st/stm32cubeide_1.10.1/stm32cubeide/plugins/com.st.stm32cube.ide.mcu.externaltools.gnu-tools-for-stm32.10.3-2021.10.win32_1.0.0.202111181127/tools/bin/../lib/gcc/arm-none-eabi/10.3.1/thumb/v7-m/nofp/crti.o
 .ARM.attributes
                0x000000000000001d       0x2d c:/st/stm32cubeide_1.10.1/stm32cubeide/plugins/com.st.stm32cube.ide.mcu.externaltools.gnu-tools-for-stm32.10.3-2021.10.win32_1.0.0.202111181127/tools/bin/../lib/gcc/arm-none-eabi/10.3.1/thumb/v7-m/nofp/crtbegin.o
 .ARM.attributes
                0x000000000000004a       0x2d ./Core/Src/can.o
 .ARM.attributes
                0x0000000000000077       0x2d ./Core/Src/can_matrix.o
 .ARM.attributes
                0x00000000000000a4       0x2d ./Core/Src/data_structures.o
 .ARM.attributes
                0x00000000000000d1       0x2d ./Core/Src/dma.o
 .ARM.attributes
                0x00000000000000fe       0x2d ./Core/Src/errLogging.o
 .ARM.attributes
                0x000000000000012b       0x2d ./Core/Src/gpio.o
 .ARM.attributes
                0x0000000000000158       0x2d ./Core/Src/main.o
 .ARM.attributes
                0x0000000000000185       0x2d ./Core/Src/menu.o
 .ARM.attributes
                0x00000000000001b2       0x2d ./Core/Src/state_machine.o
 .ARM.attributes
                0x00000000000001df       0x2d ./Core/Src/stm32f1xx_hal_msp.o
 .ARM.attributes
                0x000000000000020c       0x2d ./Core/Src/stm32f1xx_it.o
 .ARM.attributes
                0x0000000000000239       0x2d ./Core/Src/system_stm32f1xx.o
 .ARM.attributes
                0x0000000000000266       0x2d ./Core/Src/tim.o
 .ARM.attributes
                0x0000000000000293       0x2d ./Core/Src/timer.o
 .ARM.attributes
                0x00000000000002c0       0x2d ./Core/Src/transmit.o
 .ARM.attributes
                0x00000000000002ed       0x2d ./Core/Src/usart.o
 .ARM.attributes
                0x000000000000031a       0x2d ./Core/Src/vehicleControl.o
 .ARM.attributes
                0x0000000000000347       0x21 ./Core/Startup/startup_stm32f105rbtx.o
 .ARM.attributes
                0x0000000000000368       0x2d ./Drivers/STM32F1xx_HAL_Driver/Src/stm32f1xx_hal.o
 .ARM.attributes
                0x0000000000000395       0x2d ./Drivers/STM32F1xx_HAL_Driver/Src/stm32f1xx_hal_can.o
 .ARM.attributes
                0x00000000000003c2       0x2d ./Drivers/STM32F1xx_HAL_Driver/Src/stm32f1xx_hal_cortex.o
 .ARM.attributes
                0x00000000000003ef       0x2d ./Drivers/STM32F1xx_HAL_Driver/Src/stm32f1xx_hal_dma.o
 .ARM.attributes
                0x000000000000041c       0x2d ./Drivers/STM32F1xx_HAL_Driver/Src/stm32f1xx_hal_gpio.o
 .ARM.attributes
                0x0000000000000449       0x2d ./Drivers/STM32F1xx_HAL_Driver/Src/stm32f1xx_hal_rcc.o
 .ARM.attributes
                0x0000000000000476       0x2d ./Drivers/STM32F1xx_HAL_Driver/Src/stm32f1xx_hal_tim.o
 .ARM.attributes
                0x00000000000004a3       0x2d ./Drivers/STM32F1xx_HAL_Driver/Src/stm32f1xx_hal_tim_ex.o
 .ARM.attributes
                0x00000000000004d0       0x2d ./Drivers/STM32F1xx_HAL_Driver/Src/stm32f1xx_hal_uart.o
 .ARM.attributes
                0x00000000000004fd       0x2d c:/st/stm32cubeide_1.10.1/stm32cubeide/plugins/com.st.stm32cube.ide.mcu.externaltools.gnu-tools-for-stm32.10.3-2021.10.win32_1.0.0.202111181127/tools/bin/../lib/gcc/arm-none-eabi/10.3.1/../../../../arm-none-eabi/lib/thumb/v7-m/nofp\libc_nano.a(lib_a-init.o)
 .ARM.attributes
                0x000000000000052a       0x2d c:/st/stm32cubeide_1.10.1/stm32cubeide/plugins/com.st.stm32cube.ide.mcu.externaltools.gnu-tools-for-stm32.10.3-2021.10.win32_1.0.0.202111181127/tools/bin/../lib/gcc/arm-none-eabi/10.3.1/../../../../arm-none-eabi/lib/thumb/v7-m/nofp\libc_nano.a(lib_a-memset.o)
 .ARM.attributes
                0x0000000000000557       0x1d c:/st/stm32cubeide_1.10.1/stm32cubeide/plugins/com.st.stm32cube.ide.mcu.externaltools.gnu-tools-for-stm32.10.3-2021.10.win32_1.0.0.202111181127/tools/bin/../lib/gcc/arm-none-eabi/10.3.1/thumb/v7-m/nofp\libgcc.a(_aeabi_uldivmod.o)
 .ARM.attributes
                0x0000000000000574       0x2d c:/st/stm32cubeide_1.10.1/stm32cubeide/plugins/com.st.stm32cube.ide.mcu.externaltools.gnu-tools-for-stm32.10.3-2021.10.win32_1.0.0.202111181127/tools/bin/../lib/gcc/arm-none-eabi/10.3.1/thumb/v7-m/nofp\libgcc.a(_udivmoddi4.o)
 .ARM.attributes
                0x00000000000005a1       0x1d c:/st/stm32cubeide_1.10.1/stm32cubeide/plugins/com.st.stm32cube.ide.mcu.externaltools.gnu-tools-for-stm32.10.3-2021.10.win32_1.0.0.202111181127/tools/bin/../lib/gcc/arm-none-eabi/10.3.1/thumb/v7-m/nofp\libgcc.a(_dvmd_tls.o)
 .ARM.attributes
                0x00000000000005be       0x1d c:/st/stm32cubeide_1.10.1/stm32cubeide/plugins/com.st.stm32cube.ide.mcu.externaltools.gnu-tools-for-stm32.10.3-2021.10.win32_1.0.0.202111181127/tools/bin/../lib/gcc/arm-none-eabi/10.3.1/thumb/v7-m/nofp/crtn.o
OUTPUT(Vega_ETX_Display_Firmware_V2.elf elf32-littlearm)
LOAD linker stubs
LOAD c:/st/stm32cubeide_1.10.1/stm32cubeide/plugins/com.st.stm32cube.ide.mcu.externaltools.gnu-tools-for-stm32.10.3-2021.10.win32_1.0.0.202111181127/tools/bin/../lib/gcc/arm-none-eabi/10.3.1/../../../../arm-none-eabi/lib/thumb/v7-m/nofp\libc.a
LOAD c:/st/stm32cubeide_1.10.1/stm32cubeide/plugins/com.st.stm32cube.ide.mcu.externaltools.gnu-tools-for-stm32.10.3-2021.10.win32_1.0.0.202111181127/tools/bin/../lib/gcc/arm-none-eabi/10.3.1/../../../../arm-none-eabi/lib/thumb/v7-m/nofp\libm.a
LOAD c:/st/stm32cubeide_1.10.1/stm32cubeide/plugins/com.st.stm32cube.ide.mcu.externaltools.gnu-tools-for-stm32.10.3-2021.10.win32_1.0.0.202111181127/tools/bin/../lib/gcc/arm-none-eabi/10.3.1/thumb/v7-m/nofp\libgcc.a

.debug_info     0x0000000000000000    0x12f7c
 .debug_info    0x0000000000000000      0xa3b ./Core/Src/can.o
 .debug_info    0x0000000000000a3b      0xaff ./Core/Src/can_matrix.o
 .debug_info    0x000000000000153a     0x16e8 ./Core/Src/data_structures.o
 .debug_info    0x0000000000002c22      0x370 ./Core/Src/dma.o
 .debug_info    0x0000000000002f92      0x11c ./Core/Src/errLogging.o
 .debug_info    0x00000000000030ae      0x755 ./Core/Src/gpio.o
 .debug_info    0x0000000000003803     0x158f ./Core/Src/main.o
 .debug_info    0x0000000000004d92      0x4cf ./Core/Src/menu.o
 .debug_info    0x0000000000005261      0x4d5 ./Core/Src/state_machine.o
 .debug_info    0x0000000000005736      0x23a ./Core/Src/stm32f1xx_hal_msp.o
 .debug_info    0x0000000000005970      0xe39 ./Core/Src/stm32f1xx_it.o
 .debug_info    0x00000000000067a9      0x27a ./Core/Src/system_stm32f1xx.o
 .debug_info    0x0000000000006a23      0xa90 ./Core/Src/tim.o
 .debug_info    0x00000000000074b3      0x1da ./Core/Src/timer.o
 .debug_info    0x000000000000768d     0x1e7a ./Core/Src/transmit.o
 .debug_info    0x0000000000009507      0xa54 ./Core/Src/usart.o
 .debug_info    0x0000000000009f5b      0x1b0 ./Core/Src/vehicleControl.o
 .debug_info    0x000000000000a10b       0x22 ./Core/Startup/startup_stm32f105rbtx.o
 .debug_info    0x000000000000a12d      0x7b0 ./Drivers/STM32F1xx_HAL_Driver/Src/stm32f1xx_hal.o
 .debug_info    0x000000000000a8dd      0xfd7 ./Drivers/STM32F1xx_HAL_Driver/Src/stm32f1xx_hal_can.o
 .debug_info    0x000000000000b8b4      0xb80 ./Drivers/STM32F1xx_HAL_Driver/Src/stm32f1xx_hal_cortex.o
 .debug_info    0x000000000000c434      0x73f ./Drivers/STM32F1xx_HAL_Driver/Src/stm32f1xx_hal_dma.o
 .debug_info    0x000000000000cb73      0x631 ./Drivers/STM32F1xx_HAL_Driver/Src/stm32f1xx_hal_gpio.o
 .debug_info    0x000000000000d1a4      0x90f ./Drivers/STM32F1xx_HAL_Driver/Src/stm32f1xx_hal_rcc.o
 .debug_info    0x000000000000dab3     0x29de ./Drivers/STM32F1xx_HAL_Driver/Src/stm32f1xx_hal_tim.o
 .debug_info    0x0000000000010491     0x1513 ./Drivers/STM32F1xx_HAL_Driver/Src/stm32f1xx_hal_tim_ex.o
 .debug_info    0x00000000000119a4     0x15d8 ./Drivers/STM32F1xx_HAL_Driver/Src/stm32f1xx_hal_uart.o

.debug_abbrev   0x0000000000000000     0x2f44
 .debug_abbrev  0x0000000000000000      0x21f ./Core/Src/can.o
 .debug_abbrev  0x000000000000021f      0x213 ./Core/Src/can_matrix.o
 .debug_abbrev  0x0000000000000432      0x189 ./Core/Src/data_structures.o
 .debug_abbrev  0x00000000000005bb       0xf8 ./Core/Src/dma.o
 .debug_abbrev  0x00000000000006b3       0x69 ./Core/Src/errLogging.o
 .debug_abbrev  0x000000000000071c      0x249 ./Core/Src/gpio.o
 .debug_abbrev  0x0000000000000965      0x2fc ./Core/Src/main.o
 .debug_abbrev  0x0000000000000c61      0x102 ./Core/Src/menu.o
 .debug_abbrev  0x0000000000000d63      0x10e ./Core/Src/state_machine.o
 .debug_abbrev  0x0000000000000e71       0xd4 ./Core/Src/stm32f1xx_hal_msp.o
 .debug_abbrev  0x0000000000000f45      0x1f5 ./Core/Src/stm32f1xx_it.o
 .debug_abbrev  0x000000000000113a      0x116 ./Core/Src/system_stm32f1xx.o
 .debug_abbrev  0x0000000000001250      0x1f7 ./Core/Src/tim.o
 .debug_abbrev  0x0000000000001447       0xd7 ./Core/Src/timer.o
 .debug_abbrev  0x000000000000151e      0x271 ./Core/Src/transmit.o
 .debug_abbrev  0x000000000000178f      0x219 ./Core/Src/usart.o
 .debug_abbrev  0x00000000000019a8       0xe8 ./Core/Src/vehicleControl.o
 .debug_abbrev  0x0000000000001a90       0x12 ./Core/Startup/startup_stm32f105rbtx.o
 .debug_abbrev  0x0000000000001aa2      0x1fb ./Drivers/STM32F1xx_HAL_Driver/Src/stm32f1xx_hal.o
 .debug_abbrev  0x0000000000001c9d      0x23d ./Drivers/STM32F1xx_HAL_Driver/Src/stm32f1xx_hal_can.o
 .debug_abbrev  0x0000000000001eda      0x2ed ./Drivers/STM32F1xx_HAL_Driver/Src/stm32f1xx_hal_cortex.o
 .debug_abbrev  0x00000000000021c7      0x1fe ./Drivers/STM32F1xx_HAL_Driver/Src/stm32f1xx_hal_dma.o
 .debug_abbrev  0x00000000000023c5      0x1bb ./Drivers/STM32F1xx_HAL_Driver/Src/stm32f1xx_hal_gpio.o
 .debug_abbrev  0x0000000000002580      0x28a ./Drivers/STM32F1xx_HAL_Driver/Src/stm32f1xx_hal_rcc.o
 .debug_abbrev  0x000000000000280a      0x25d ./Drivers/STM32F1xx_HAL_Driver/Src/stm32f1xx_hal_tim.o
 .debug_abbrev  0x0000000000002a67      0x265 ./Drivers/STM32F1xx_HAL_Driver/Src/stm32f1xx_hal_tim_ex.o
 .debug_abbrev  0x0000000000002ccc      0x278 ./Drivers/STM32F1xx_HAL_Driver/Src/stm32f1xx_hal_uart.o

.debug_aranges  0x0000000000000000     0x1078
 .debug_aranges
                0x0000000000000000       0x30 ./Core/Src/can.o
 .debug_aranges
                0x0000000000000030       0x38 ./Core/Src/can_matrix.o
 .debug_aranges
                0x0000000000000068       0x18 ./Core/Src/data_structures.o
 .debug_aranges
                0x0000000000000080       0x20 ./Core/Src/dma.o
 .debug_aranges
                0x00000000000000a0       0x28 ./Core/Src/errLogging.o