Archive member included to satisfy reference by file (symbol)

c:/st/stm32cubeide_1.10.1/stm32cubeide/plugins/com.st.stm32cube.ide.mcu.externaltools.gnu-tools-for-stm32.10.3-2021.10.win32_1.0.0.202111181127/tools/bin/../lib/gcc/arm-none-eabi/10.3.1/../../../../arm-none-eabi/lib/thumb/v7-m/nofp\libc_nano.a(lib_a-errno.o)
                              ./Core/Src/syscalls.o (__errno)
c:/st/stm32cubeide_1.10.1/stm32cubeide/plugins/com.st.stm32cube.ide.mcu.externaltools.gnu-tools-for-stm32.10.3-2021.10.win32_1.0.0.202111181127/tools/bin/../lib/gcc/arm-none-eabi/10.3.1/../../../../arm-none-eabi/lib/thumb/v7-m/nofp\libc_nano.a(lib_a-exit.o)
                              c:/st/stm32cubeide_1.10.1/stm32cubeide/plugins/com.st.stm32cube.ide.mcu.externaltools.gnu-tools-for-stm32.10.3-2021.10.win32_1.0.0.202111181127/tools/bin/../lib/gcc/arm-none-eabi/10.3.1/../../../../arm-none-eabi/lib/thumb/v7-m/nofp/crt0.o (exit)
c:/st/stm32cubeide_1.10.1/stm32cubeide/plugins/com.st.stm32cube.ide.mcu.externaltools.gnu-tools-for-stm32.10.3-2021.10.win32_1.0.0.202111181127/tools/bin/../lib/gcc/arm-none-eabi/10.3.1/../../../../arm-none-eabi/lib/thumb/v7-m/nofp\libc_nano.a(lib_a-impure.o)
                              c:/st/stm32cubeide_1.10.1/stm32cubeide/plugins/com.st.stm32cube.ide.mcu.externaltools.gnu-tools-for-stm32.10.3-2021.10.win32_1.0.0.202111181127/tools/bin/../lib/gcc/arm-none-eabi/10.3.1/../../../../arm-none-eabi/lib/thumb/v7-m/nofp\libc_nano.a(lib_a-exit.o) (_global_impure_ptr)
c:/st/stm32cubeide_1.10.1/stm32cubeide/plugins/com.st.stm32cube.ide.mcu.externaltools.gnu-tools-for-stm32.10.3-2021.10.win32_1.0.0.202111181127/tools/bin/../lib/gcc/arm-none-eabi/10.3.1/../../../../arm-none-eabi/lib/thumb/v7-m/nofp\libc_nano.a(lib_a-init.o)
                              c:/st/stm32cubeide_1.10.1/stm32cubeide/plugins/com.st.stm32cube.ide.mcu.externaltools.gnu-tools-for-stm32.10.3-2021.10.win32_1.0.0.202111181127/tools/bin/../lib/gcc/arm-none-eabi/10.3.1/../../../../arm-none-eabi/lib/thumb/v7-m/nofp/crt0.o (__libc_init_array)
c:/st/stm32cubeide_1.10.1/stm32cubeide/plugins/com.st.stm32cube.ide.mcu.externaltools.gnu-tools-for-stm32.10.3-2021.10.win32_1.0.0.202111181127/tools/bin/../lib/gcc/arm-none-eabi/10.3.1/../../../../arm-none-eabi/lib/thumb/v7-m/nofp\libc_nano.a(lib_a-lcltime.o)
                              ./Core/Src/transmit.o (localtime)
c:/st/stm32cubeide_1.10.1/stm32cubeide/plugins/com.st.stm32cube.ide.mcu.externaltools.gnu-tools-for-stm32.10.3-2021.10.win32_1.0.0.202111181127/tools/bin/../lib/gcc/arm-none-eabi/10.3.1/../../../../arm-none-eabi/lib/thumb/v7-m/nofp\libc_nano.a(lib_a-lcltime_r.o)
                              c:/st/stm32cubeide_1.10.1/stm32cubeide/plugins/com.st.stm32cube.ide.mcu.externaltools.gnu-tools-for-stm32.10.3-2021.10.win32_1.0.0.202111181127/tools/bin/../lib/gcc/arm-none-eabi/10.3.1/../../../../arm-none-eabi/lib/thumb/v7-m/nofp\libc_nano.a(lib_a-lcltime.o) (localtime_r)
c:/st/stm32cubeide_1.10.1/stm32cubeide/plugins/com.st.stm32cube.ide.mcu.externaltools.gnu-tools-for-stm32.10.3-2021.10.win32_1.0.0.202111181127/tools/bin/../lib/gcc/arm-none-eabi/10.3.1/../../../../arm-none-eabi/lib/thumb/v7-m/nofp\libc_nano.a(lib_a-malloc.o)
                              c:/st/stm32cubeide_1.10.1/stm32cubeide/plugins/com.st.stm32cube.ide.mcu.externaltools.gnu-tools-for-stm32.10.3-2021.10.win32_1.0.0.202111181127/tools/bin/../lib/gcc/arm-none-eabi/10.3.1/../../../../arm-none-eabi/lib/thumb/v7-m/nofp\libc_nano.a(lib_a-lcltime.o) (malloc)
c:/st/stm32cubeide_1.10.1/stm32cubeide/plugins/com.st.stm32cube.ide.mcu.externaltools.gnu-tools-for-stm32.10.3-2021.10.win32_1.0.0.202111181127/tools/bin/../lib/gcc/arm-none-eabi/10.3.1/../../../../arm-none-eabi/lib/thumb/v7-m/nofp\libc_nano.a(lib_a-memset.o)
                              c:/st/stm32cubeide_1.10.1/stm32cubeide/plugins/com.st.stm32cube.ide.mcu.externaltools.gnu-tools-for-stm32.10.3-2021.10.win32_1.0.0.202111181127/tools/bin/../lib/gcc/arm-none-eabi/10.3.1/../../../../arm-none-eabi/lib/thumb/v7-m/nofp/crt0.o (memset)
c:/st/stm32cubeide_1.10.1/stm32cubeide/plugins/com.st.stm32cube.ide.mcu.externaltools.gnu-tools-for-stm32.10.3-2021.10.win32_1.0.0.202111181127/tools/bin/../lib/gcc/arm-none-eabi/10.3.1/../../../../arm-none-eabi/lib/thumb/v7-m/nofp\libc_nano.a(lib_a-mktime.o)
                              ./Core/Src/transmit.o (mktime)
c:/st/stm32cubeide_1.10.1/stm32cubeide/plugins/com.st.stm32cube.ide.mcu.externaltools.gnu-tools-for-stm32.10.3-2021.10.win32_1.0.0.202111181127/tools/bin/../lib/gcc/arm-none-eabi/10.3.1/../../../../arm-none-eabi/lib/thumb/v7-m/nofp\libc_nano.a(lib_a-month_lengths.o)
                              c:/st/stm32cubeide_1.10.1/stm32cubeide/plugins/com.st.stm32cube.ide.mcu.externaltools.gnu-tools-for-stm32.10.3-2021.10.win32_1.0.0.202111181127/tools/bin/../lib/gcc/arm-none-eabi/10.3.1/../../../../arm-none-eabi/lib/thumb/v7-m/nofp\libc_nano.a(lib_a-lcltime_r.o) (__month_lengths)
[...]
Memory Configuration

Name             Origin             Length             Attributes
RAM              0x0000000020000000 0x0000000000010000 xrw
FLASH            0x0000000008000000 0x0000000000020000 xr
*default*        0x0000000000000000 0xffffffffffffffff

Linker script and memory map

LOAD c:/st/stm32cubeide_1.10.1/stm32cubeide/plugins/com.st.stm32cube.ide.mcu.externaltools.gnu-tools-for-stm32.10.3-2021.10.win32_1.0.0.202111181127/tools/bin/../lib/gcc/arm-none-eabi/10.3.1/thumb/v7-m/nofp/crti.o
LOAD c:/st/stm32cubeide_1.10.1/stm32cubeide/plugins/com.st.stm32cube.ide.mcu.externaltools.gnu-tools-for-stm32.10.3-2021.10.win32_1.0.0.202111181127/tools/bin/../lib/gcc/arm-none-eabi/10.3.1/thumb/v7-m/nofp/crtbegin.o
LOAD c:/st/stm32cubeide_1.10.1/stm32cubeide/plugins/com.st.stm32cube.ide.mcu.externaltools.gnu-tools-for-stm32.10.3-2021.10.win32_1.0.0.202111181127/tools/bin/../lib/gcc/arm-none-eabi/10.3.1/../../../../arm-none-eabi/lib/thumb/v7-m/nofp/crt0.o
LOAD ./Core/Src/can.o
LOAD ./Core/Src/can_matrix.o
LOAD ./Core/Src/data_structures.o
LOAD ./Core/Src/dma.o
LOAD ./Core/Src/errLogging.o
LOAD ./Core/Src/gpio.o
LOAD ./Core/Src/main.o
LOAD ./Core/Src/menu.o
LOAD ./Core/Src/state_machine.o
LOAD ./Core/Src/stm32f1xx_hal_msp.o
LOAD ./Core/Src/stm32f1xx_it.o
LOAD ./Core/Src/syscalls.o
LOAD ./Core/Src/sysmem.o
LOAD ./Core/Src/system_stm32f1xx.o
LOAD ./Core/Src/test_functions.o
LOAD ./Core/Src/tim.o
LOAD ./Core/Src/timer.o
LOAD ./Core/Src/transmit.o
LOAD ./Core/Src/transmitDefinitions.o
LOAD ./Core/Src/usart.o
LOAD ./Core/Src/vehicleControl.o
LOAD ./Core/Startup/startup_stm32f105rbtx.o
LOAD ./Drivers/STM32F1xx_HAL_Driver/Src/stm32f1xx_hal.o
LOAD ./Drivers/STM32F1xx_HAL_Driver/Src/stm32f1xx_hal_can.o
LOAD ./Drivers/STM32F1xx_HAL_Driver/Src/stm32f1xx_hal_cortex.o
LOAD ./Drivers/STM32F1xx_HAL_Driver/Src/stm32f1xx_hal_dma.o
LOAD ./Drivers/STM32F1xx_HAL_Driver/Src/stm32f1xx_hal_exti.o
LOAD ./Drivers/STM32F1xx_HAL_Driver/Src/stm32f1xx_hal_flash.o
LOAD ./Drivers/STM32F1xx_HAL_Driver/Src/stm32f1xx_hal_flash_ex.o
LOAD ./Drivers/STM32F1xx_HAL_Driver/Src/stm32f1xx_hal_gpio.o
LOAD ./Drivers/STM32F1xx_HAL_Driver/Src/stm32f1xx_hal_gpio_ex.o
LOAD ./Drivers/STM32F1xx_HAL_Driver/Src/stm32f1xx_hal_pwr.o
LOAD ./Drivers/STM32F1xx_HAL_Driver/Src/stm32f1xx_hal_rcc.o
LOAD ./Drivers/STM32F1xx_HAL_Driver/Src/stm32f1xx_hal_rcc_ex.o
LOAD ./Drivers/STM32F1xx_HAL_Driver/Src/stm32f1xx_hal_tim.o
LOAD ./Drivers/STM32F1xx_HAL_Driver/Src/stm32f1xx_hal_tim_ex.o
LOAD ./Drivers/STM32F1xx_HAL_Driver/Src/stm32f1xx_hal_uart.o
START GROUP
LOAD c:/st/stm32cubeide_1.10.1/stm32cubeide/plugins/com.st.stm32cube.ide.mcu.externaltools.gnu-tools-for-stm32.10.3-2021.10.win32_1.0.0.202111181127/tools/bin/../lib/gcc/arm-none-eabi/10.3.1/../../../../arm-none-eabi/lib/thumb/v7-m/nofp\libc_nano.a
LOAD c:/st/stm32cubeide_1.10.1/stm32cubeide/plugins/com.st.stm32cube.ide.mcu.externaltools.gnu-tools-for-stm32.10.3-2021.10.win32_1.0.0.202111181127/tools/bin/../lib/gcc/arm-none-eabi/10.3.1/../../../../arm-none-eabi/lib/thumb/v7-m/nofp\libm.a
END GROUP
START GROUP
LOAD c:/st/stm32cubeide_1.10.1/stm32cubeide/plugins/com.st.stm32cube.ide.mcu.externaltools.gnu-tools-for-stm32.10.3-2021.10.win32_1.0.0.202111181127/tools/bin/../lib/gcc/arm-none-eabi/10.3.1/thumb/v7-m/nofp\libgcc.a
LOAD c:/st/stm32cubeide_1.10.1/stm32cubeide/plugins/com.st.stm32cube.ide.mcu.externaltools.gnu-tools-for-stm32.10.3-2021.10.win32_1.0.0.202111181127/tools/bin/../lib/gcc/arm-none-eabi/10.3.1/../../../../arm-none-eabi/lib/thumb/v7-m/nofp\libc_nano.a
END GROUP
START GROUP
LOAD c:/st/stm32cubeide_1.10.1/stm32cubeide/plugins/com.st.stm32cube.ide.mcu.externaltools.gnu-tools-for-stm32.10.3-2021.10.win32_1.0.0.202111181127/tools/bin/../lib/gcc/arm-none-eabi/10.3.1/thumb/v7-m/nofp\libgcc.a
LOAD c:/st/stm32cubeide_1.10.1/stm32cubeide/plugins/com.st.stm32cube.ide.mcu.externaltools.gnu-tools-for-stm32.10.3-2021.10.win32_1.0.0.202111181127/tools/bin/../lib/gcc/arm-none-eabi/10.3.1/../../../../arm-none-eabi/lib/thumb/v7-m/nofp\libc_nano.a
LOAD c:/st/stm32cubeide_1.10.1/stm32cubeide/plugins/com.st.stm32cube.ide.mcu.externaltools.gnu-tools-for-stm32.10.3-2021.10.win32_1.0.0.202111181127/tools/bin/../lib/gcc/arm-none-eabi/10.3.1/../../../../arm-none-eabi/lib/thumb/v7-m/nofp\libnosys.a
END GROUP
START GROUP
LOAD c:/st/stm32cubeide_1.10.1/stm32cubeide/plugins/com.st.stm32cube.ide.mcu.externaltools.gnu-tools-for-stm32.10.3-2021.10.win32_1.0.0.202111181127/tools/bin/../lib/gcc/arm-none-eabi/10.3.1/thumb/v7-m/nofp\libgcc.a
LOAD c:/st/stm32cubeide_1.10.1/stm32cubeide/plugins/com.st.stm32cube.ide.mcu.externaltools.gnu-tools-for-stm32.10.3-2021.10.win32_1.0.0.202111181127/tools/bin/../lib/gcc/arm-none-eabi/10.3.1/../../../../arm-none-eabi/lib/thumb/v7-m/nofp\libc_nano.a
LOAD c:/st/stm32cubeide_1.10.1/stm32cubeide/plugins/com.st.stm32cube.ide.mcu.externaltools.gnu-tools-for-stm32.10.3-2021.10.win32_1.0.0.202111181127/tools/bin/../lib/gcc/arm-none-eabi/10.3.1/../../../../arm-none-eabi/lib/thumb/v7-m/nofp\libnosys.a
END GROUP
LOAD c:/st/stm32cubeide_1.10.1/stm32cubeide/plugins/com.st.stm32cube.ide.mcu.externaltools.gnu-tools-for-stm32.10.3-2021.10.win32_1.0.0.202111181127/tools/bin/../lib/gcc/arm-none-eabi/10.3.1/thumb/v7-m/nofp/crtend.o
LOAD c:/st/stm32cubeide_1.10.1/stm32cubeide/plugins/com.st.stm32cube.ide.mcu.externaltools.gnu-tools-for-stm32.10.3-2021.10.win32_1.0.0.202111181127/tools/bin/../lib/gcc/arm-none-eabi/10.3.1/thumb/v7-m/nofp/crtn.o
                0x0000000020010000                _estack = (ORIGIN (RAM) + LENGTH (RAM))
                0x0000000000000200                _Min_Heap_Size = 0x200
                0x0000000000000400                _Min_Stack_Size = 0x400

.isr_vector     0x0000000008000000      0x1e4
                0x0000000008000000                . = ALIGN (0x4)
 *(.isr_vector)
 .isr_vector    0x0000000008000000      0x1e4 ./Core/Startup/startup_stm32f105rbtx.o
                0x0000000008000000                g_pfnVectors
                0x00000000080001e4                . = ALIGN (0x4)

.text           0x00000000080001e4     0x85e8
                0x00000000080001e4                . = ALIGN (0x4)
 *(.text)
 .text          0x00000000080001e4       0x40 c:/st/stm32cubeide_1.10.1/stm32cubeide/plugins/com.st.stm32cube.ide.mcu.externaltools.gnu-tools-for-stm32.10.3-2021.10.win32_1.0.0.202111181127/tools/bin/../lib/gcc/arm-none-eabi/10.3.1/thumb/v7-m/nofp/crtbegin.o
 .text          0x0000000008000224       0x30 c:/st/stm32cubeide_1.10.1/stm32cubeide/plugins/com.st.stm32cube.ide.mcu.externaltools.gnu-tools-for-stm32.10.3-2021.10.win32_1.0.0.202111181127/tools/bin/../lib/gcc/arm-none-eabi/10.3.1/thumb/v7-m/nofp\libgcc.a(_aeabi_uldivmod.o)
                0x0000000008000224                __aeabi_uldivmod
 .text          0x0000000008000254      0x2d4 c:/st/stm32cubeide_1.10.1/stm32cubeide/plugins/com.st.stm32cube.ide.mcu.externaltools.gnu-tools-for-stm32.10.3-2021.10.win32_1.0.0.202111181127/tools/bin/../lib/gcc/arm-none-eabi/10.3.1/thumb/v7-m/nofp\libgcc.a(_udivmoddi4.o)
                0x0000000008000254                __udivmoddi4
 .text          0x0000000008000528        0x4 c:/st/stm32cubeide_1.10.1/stm32cubeide/plugins/com.st.stm32cube.ide.mcu.externaltools.gnu-tools-for-stm32.10.3-2021.10.win32_1.0.0.202111181127/tools/bin/../lib/gcc/arm-none-eabi/10.3.1/thumb/v7-m/nofp\libgcc.a(_dvmd_tls.o)
                0x0000000008000528                __aeabi_idiv0
                0x0000000008000528                __aeabi_ldiv0
 *(.text*)
 .text.MX_CAN1_Init
                0x000000000800052c       0xa4 ./Core/Src/can.o
                0x000000000800052c                MX_CAN1_Init
 .text.HAL_CAN_MspInit
                0x00000000080005d0       0xc8 ./Core/Src/can.o
                0x00000000080005d0                HAL_CAN_MspInit
 .text.EVCU_setData_write
                0x0000000008000698       0x8c ./Core/Src/can_matrix.o
                0x0000000008000698                EVCU_setData_write
 .text.EVCU_getData_read_40
                0x0000000008000724      0x160 ./Core/Src/can_matrix.o
                0x0000000008000724                EVCU_getData_read_40
 .text.EVCU_getData_read_41
                0x0000000008000884      0x254 ./Core/Src/can_matrix.o
                0x0000000008000884                EVCU_getData_read_41
 .text.EVCU_getData_read_43
                0x0000000008000ad8       0xc8 ./Core/Src/can_matrix.o
                0x0000000008000ad8                EVCU_getData_read_43
 .text.MX_DMA_Init
                0x0000000008000ba0       0x3c ./Core/Src/dma.o
                0x0000000008000ba0                MX_DMA_Init
 .text.setError
                0x0000000008000bdc      0x230 ./Core/Src/errLogging.o
                0x0000000008000bdc                setError
 .text.MX_GPIO_Init
                0x0000000008000e0c      0x12c ./Core/Src/gpio.o
                0x0000000008000e0c                MX_GPIO_Init
 .text.getInputs
                0x0000000008000f38      0x160 ./Core/Src/gpio.o
                0x0000000008000f38                getInputs
 .text.setInputs
                0x0000000008001098      0x148 ./Core/Src/gpio.o
                0x0000000008001098                setInputs
 .text.buttonOkay
                0x00000000080011e0       0x68 ./Core/Src/gpio.o
                0x00000000080011e0                buttonOkay
 .text.main     0x0000000008001248      0x15c ./Core/Src/main.o
                0x0000000008001248                main
 .text.SystemClock_Config
                0x00000000080013a4       0x9c ./Core/Src/main.o
                0x00000000080013a4                SystemClock_Config
 .text.HAL_CAN_RxFifo0MsgPendingCallback
                0x0000000008001440       0x84 ./Core/Src/main.o
                0x0000000008001440                HAL_CAN_RxFifo0MsgPendingCallback
 .text.HAL_CAN_RxFifo1MsgPendingCallback
                0x00000000080014c4       0x44 ./Core/Src/main.o
                0x00000000080014c4                HAL_CAN_RxFifo1MsgPendingCallback
 .text.HAL_GPIO_EXTI_Callback
                0x0000000008001508       0x28 ./Core/Src/main.o
                0x0000000008001508                HAL_GPIO_EXTI_Callback
 .text.HAL_TIM_PeriodElapsedCallback
                0x0000000008001530       0x5c ./Core/Src/main.o
                0x0000000008001530                HAL_TIM_PeriodElapsedCallback
 .text.HAL_UART_TxCpltCallback
                0x000000000800158c       0x12 ./Core/Src/main.o
                0x000000000800158c                HAL_UART_TxCpltCallback
 .text.HAL_UART_TxHalfCpltCallback
                0x000000000800159e       0x12 ./Core/Src/main.o
                0x000000000800159e                HAL_UART_TxHalfCpltCallback
 .text.Error_Handler
                0x00000000080015b0        0xa ./Core/Src/main.o
                0x00000000080015b0                Error_Handler
 *fill*         0x00000000080015ba        0x2 
 .text.navigation
                0x00000000080015bc      0x29c ./Core/Src/menu.o
                0x00000000080015bc                navigation
 .text.front_mainPage
                0x0000000008001858       0xb4 ./Core/Src/menu.o
                0x0000000008001858                front_mainPage
 .text.trip_mainPage
                0x000000000800190c       0xac ./Core/Src/menu.o
                0x000000000800190c                trip_mainPage
 .text.after_charge_mainPage
                0x00000000080019b8       0x90 ./Core/Src/menu.o
                0x00000000080019b8                after_charge_mainPage
 .text.info_mainPage
                0x0000000008001a48      0x238 ./Core/Src/menu.o
                0x0000000008001a48                info_mainPage
 .text.settings_mainPage
                0x0000000008001c80      0x368 ./Core/Src/menu.o
                0x0000000008001c80                settings_mainPage
 .text.vehicle_page
                0x0000000008001fe8       0x98 ./Core/Src/menu.o
                0x0000000008001fe8                vehicle_page
 .text.system_page
                0x0000000008002080      0x2fc ./Core/Src/menu.o
                0x0000000008002080                system_page
 .text.bluetooth_page
                0x000000000800237c       0x98 ./Core/Src/menu.o
                0x000000000800237c                bluetooth_page
 .text.errors_page
                0x0000000008002414       0x98 ./Core/Src/menu.o
                0x0000000008002414                errors_page
 .text.mainStateMachine
                0x00000000080024ac       0x48 ./Core/Src/state_machine.o
                0x00000000080024ac                mainStateMachine
 .text.startUpState
                0x00000000080024f4      0x1ac ./Core/Src/state_machine.o
                0x00000000080024f4                startUpState
 .text.driveState
                0x00000000080026a0      0x138 ./Core/Src/state_machine.o
                0x00000000080026a0                driveState
 .text.chargeState
                0x00000000080027d8       0xfc ./Core/Src/state_machine.o
                0x00000000080027d8                chargeState
 .text.errorState
                0x00000000080028d4      0x1ec ./Core/Src/state_machine.o
                0x00000000080028d4                errorState
 .text.HAL_MspInit
                0x0000000008002ac0       0x64 ./Core/Src/stm32f1xx_hal_msp.o
                0x0000000008002ac0                HAL_MspInit
 .text.NMI_Handler
                0x0000000008002b24        0x6 ./Core/Src/stm32f1xx_it.o
                0x0000000008002b24                NMI_Handler
 .text.HardFault_Handler
                0x0000000008002b2a        0x6 ./Core/Src/stm32f1xx_it.o
                0x0000000008002b2a                HardFault_Handler
 .text.MemManage_Handler
                0x0000000008002b30        0x6 ./Core/Src/stm32f1xx_it.o
                0x0000000008002b30                MemManage_Handler
 .text.BusFault_Handler
                0x0000000008002b36        0x6 ./Core/Src/stm32f1xx_it.o
                0x0000000008002b36                BusFault_Handler
 .text.UsageFault_Handler
                0x0000000008002b3c        0x6 ./Core/Src/stm32f1xx_it.o
                0x0000000008002b3c                UsageFault_Handler
 .text.SVC_Handler
                0x0000000008002b42        0xc ./Core/Src/stm32f1xx_it.o
                0x0000000008002b42                SVC_Handler
 .text.DebugMon_Handler
                0x0000000008002b4e        0xc ./Core/Src/stm32f1xx_it.o
                0x0000000008002b4e                DebugMon_Handler
 .text.PendSV_Handler
                0x0000000008002b5a        0xc ./Core/Src/stm32f1xx_it.o
                0x0000000008002b5a                PendSV_Handler
 .text.SysTick_Handler
                0x0000000008002b66        0xc ./Core/Src/stm32f1xx_it.o
                0x0000000008002b66                SysTick_Handler
 *fill*         0x0000000008002b72        0x2 
 .text.DMA1_Channel2_IRQHandler
                0x0000000008002b74       0x14 ./Core/Src/stm32f1xx_it.o
                0x0000000008002b74                DMA1_Channel2_IRQHandler
 .text.CAN1_RX0_IRQHandler
                0x0000000008002b88       0x14 ./Core/Src/stm32f1xx_it.o
                0x0000000008002b88                CAN1_RX0_IRQHandler
 .text.CAN1_RX1_IRQHandler
                0x0000000008002b9c       0x14 ./Core/Src/stm32f1xx_it.o
                0x0000000008002b9c                CAN1_RX1_IRQHandler
 .text.CAN1_SCE_IRQHandler
                0x0000000008002bb0       0x14 ./Core/Src/stm32f1xx_it.o
                0x0000000008002bb0                CAN1_SCE_IRQHandler
 .text.EXTI9_5_IRQHandler
                0x0000000008002bc4       0x14 ./Core/Src/stm32f1xx_it.o
                0x0000000008002bc4                EXTI9_5_IRQHandler
 .text.TIM2_IRQHandler
                0x0000000008002bd8       0x14 ./Core/Src/stm32f1xx_it.o
                0x0000000008002bd8                TIM2_IRQHandler
 .text.USART3_IRQHandler
                0x0000000008002bec       0x14 ./Core/Src/stm32f1xx_it.o
                0x0000000008002bec                USART3_IRQHandler
 .text.SystemInit
                0x0000000008002c00        0xc ./Core/Src/system_stm32f1xx.o
                0x0000000008002c00                SystemInit
 .text.MX_TIM2_Init
                0x0000000008002c0c       0x98 ./Core/Src/tim.o
                0x0000000008002c0c                MX_TIM2_Init
 .text.HAL_TIM_Base_MspInit
                0x0000000008002ca4       0x48 ./Core/Src/tim.o
                0x0000000008002ca4                HAL_TIM_Base_MspInit
 .text.tick_count
                0x0000000008002cec       0xdc ./Core/Src/timer.o
                0x0000000008002cec                tick_count
 .text.transmit
                0x0000000008002dc8      0x200 ./Core/Src/transmit.o
                0x0000000008002dc8                transmit
 .text.drivePageSetter
                0x0000000008002fc8      0x29c ./Core/Src/transmit.o
                0x0000000008002fc8                drivePageSetter
 .text.vehicleInfo_UI
                0x0000000008003264       0x68 ./Core/Src/transmit.o
                0x0000000008003264                vehicleInfo_UI
 .text.charging_UI
                0x00000000080032cc       0x8c ./Core/Src/transmit.o
                0x00000000080032cc                charging_UI
 .text.settings_UI
                0x0000000008003358      0x194 ./Core/Src/transmit.o
                0x0000000008003358                settings_UI
 .text.selection_UI
                0x00000000080034ec       0xac ./Core/Src/transmit.o
                0x00000000080034ec                selection_UI
 .text.errorIcon
                0x0000000008003598      0x108 ./Core/Src/transmit.o
                0x0000000008003598                errorIcon
 .text.errorPopup
                0x00000000080036a0       0x40 ./Core/Src/transmit.o
                0x00000000080036a0                errorPopup
 .text.errorCode
                0x00000000080036e0       0xe4 ./Core/Src/transmit.o
                0x00000000080036e0                errorCode
 .text.modeSelection
                0x00000000080037c4      0x100 ./Core/Src/transmit.o
                0x00000000080037c4                modeSelection
 .text.popUpHandler
                0x00000000080038c4       0xb8 ./Core/Src/transmit.o
                0x00000000080038c4                popUpHandler
 .text.startingUp
                0x000000000800397c      0x1a4 ./Core/Src/transmit.o
                0x000000000800397c                startingUp
 .text.realTimeData
                0x0000000008003b20      0x844 ./Core/Src/transmit.o
                0x0000000008003b20                realTimeData
 .text.oneTimeData
                0x0000000008004364      0x518 ./Core/Src/transmit.o
                0x0000000008004364                oneTimeData
 .text.gearUpdate
                0x000000000800487c       0x8c ./Core/Src/transmit.o
                0x000000000800487c                gearUpdate
 .text.MX_USART3_UART_Init
                0x0000000008004908       0x54 ./Core/Src/usart.o
                0x0000000008004908                MX_USART3_UART_Init
 .text.HAL_UART_MspInit
                0x000000000800495c      0x100 ./Core/Src/usart.o
                0x000000000800495c                HAL_UART_MspInit
 .text.check_ack
                0x0000000008004a5c       0x38 ./Core/Src/vehicleControl.o
                0x0000000008004a5c                check_ack
 .text.evcuMode
                0x0000000008004a94      0x140 ./Core/Src/vehicleControl.o
                0x0000000008004a94                evcuMode
 .text.trip_reset
                0x0000000008004bd4       0x24 ./Core/Src/vehicleControl.o
                0x0000000008004bd4                trip_reset
 .text.Reset_Handler
                0x0000000008004bf8       0x48 ./Core/Startup/startup_stm32f105rbtx.o
                0x0000000008004bf8                Reset_Handler
 .text.Default_Handler
                0x0000000008004c40        0x2 ./Core/Startup/startup_stm32f105rbtx.o
                0x0000000008004c40                RTC_Alarm_IRQHandler
                0x0000000008004c40                EXTI2_IRQHandler
                0x0000000008004c40                TIM1_CC_IRQHandler
                0x0000000008004c40                TIM6_IRQHandler
                0x0000000008004c40                PVD_IRQHandler
                0x0000000008004c40                CAN2_RX1_IRQHandler
                0x0000000008004c40                EXTI3_IRQHandler
                0x0000000008004c40                EXTI0_IRQHandler
                0x0000000008004c40                I2C2_EV_IRQHandler
                0x0000000008004c40                CAN2_SCE_IRQHandler
                0x0000000008004c40                ADC1_2_IRQHandler
                0x0000000008004c40                SPI1_IRQHandler
                0x0000000008004c40                TAMPER_IRQHandler
                0x0000000008004c40                CAN2_RX0_IRQHandler
                0x0000000008004c40                DMA2_Channel2_IRQHandler
                0x0000000008004c40                DMA1_Channel4_IRQHandler
                0x0000000008004c40                RTC_IRQHandler
                0x0000000008004c40                DMA1_Channel7_IRQHandler
                0x0000000008004c40                UART5_IRQHandler
                0x0000000008004c40                TIM4_IRQHandler
                0x0000000008004c40                DMA2_Channel1_IRQHandler
                0x0000000008004c40                I2C1_EV_IRQHandler
                0x0000000008004c40                DMA1_Channel6_IRQHandler
                0x0000000008004c40                UART4_IRQHandler
                0x0000000008004c40                DMA2_Channel4_IRQHandler
                0x0000000008004c40                TIM3_IRQHandler
                0x0000000008004c40                RCC_IRQHandler
                0x0000000008004c40                TIM1_TRG_COM_IRQHandler
                0x0000000008004c40                DMA1_Channel1_IRQHandler
                0x0000000008004c40                Default_Handler
                0x0000000008004c40                EXTI15_10_IRQHandler
                0x0000000008004c40                TIM7_IRQHandler
                0x0000000008004c40                CAN2_TX_IRQHandler
                0x0000000008004c40                TIM5_IRQHandler
                0x0000000008004c40                SPI2_IRQHandler
                0x0000000008004c40                CAN1_TX_IRQHandler
                0x0000000008004c40                DMA2_Channel5_IRQHandler
                0x0000000008004c40                DMA1_Channel5_IRQHandler
                0x0000000008004c40                EXTI4_IRQHandler
                0x0000000008004c40                DMA1_Channel3_IRQHandler
                0x0000000008004c40                TIM1_UP_IRQHandler
                0x0000000008004c40                WWDG_IRQHandler
                0x0000000008004c40                OTG_FS_WKUP_IRQHandler
                0x0000000008004c40                TIM1_BRK_IRQHandler
                0x0000000008004c40                EXTI1_IRQHandler
                0x0000000008004c40                USART2_IRQHandler
                0x0000000008004c40                I2C2_ER_IRQHandler
                0x0000000008004c40                FLASH_IRQHandler
                0x0000000008004c40                USART1_IRQHandler
                0x0000000008004c40                OTG_FS_IRQHandler
                0x0000000008004c40                SPI3_IRQHandler
                0x0000000008004c40                I2C1_ER_IRQHandler
                0x0000000008004c40                DMA2_Channel3_IRQHandler
 *fill*         0x0000000008004c42        0x2 
 .text.HAL_Init
                0x0000000008004c44       0x2c ./Drivers/STM32F1xx_HAL_Driver/Src/stm32f1xx_hal.o
                0x0000000008004c44                HAL_Init
 .text.HAL_InitTick
                0x0000000008004c70       0x60 ./Drivers/STM32F1xx_HAL_Driver/Src/stm32f1xx_hal.o
                0x0000000008004c70                HAL_InitTick
 .text.HAL_IncTick
                0x0000000008004cd0       0x24 ./Drivers/STM32F1xx_HAL_Driver/Src/stm32f1xx_hal.o
                0x0000000008004cd0                HAL_IncTick
 .text.HAL_GetTick
                0x0000000008004cf4       0x14 ./Drivers/STM32F1xx_HAL_Driver/Src/stm32f1xx_hal.o
                0x0000000008004cf4                HAL_GetTick
 .text.HAL_Delay
                0x0000000008004d08       0x48 ./Drivers/STM32F1xx_HAL_Driver/Src/stm32f1xx_hal.o
                0x0000000008004d08                HAL_Delay
 .text.HAL_CAN_Init
                0x0000000008004d50      0x1f6 ./Drivers/STM32F1xx_HAL_Driver/Src/stm32f1xx_hal_can.o
                0x0000000008004d50                HAL_CAN_Init
 *fill*         0x0000000008004f46        0x2 
 .text.HAL_CAN_ConfigFilter
                0x0000000008004f48      0x1c0 ./Drivers/STM32F1xx_HAL_Driver/Src/stm32f1xx_hal_can.o
                0x0000000008004f48                HAL_CAN_ConfigFilter
 .text.HAL_CAN_Start
                0x0000000008005108       0x88 ./Drivers/STM32F1xx_HAL_Driver/Src/stm32f1xx_hal_can.o
                0x0000000008005108                HAL_CAN_Start
 .text.HAL_CAN_AddTxMessage
                0x0000000008005190      0x1b4 ./Drivers/STM32F1xx_HAL_Driver/Src/stm32f1xx_hal_can.o
                0x0000000008005190                HAL_CAN_AddTxMessage
 .text.HAL_CAN_GetRxMessage
                0x0000000008005344      0x222 ./Drivers/STM32F1xx_HAL_Driver/Src/stm32f1xx_hal_can.o
                0x0000000008005344                HAL_CAN_GetRxMessage
 .text.HAL_CAN_ActivateNotification
                0x0000000008005566       0x4a ./Drivers/STM32F1xx_HAL_Driver/Src/stm32f1xx_hal_can.o
                0x0000000008005566                HAL_CAN_ActivateNotification
 .text.HAL_CAN_IRQHandler
                0x00000000080055b0      0x36e ./Drivers/STM32F1xx_HAL_Driver/Src/stm32f1xx_hal_can.o
                0x00000000080055b0                HAL_CAN_IRQHandler
 .text.HAL_CAN_TxMailbox0CompleteCallback
                0x000000000800591e       0x12 ./Drivers/STM32F1xx_HAL_Driver/Src/stm32f1xx_hal_can.o
                0x000000000800591e                HAL_CAN_TxMailbox0CompleteCallback
 .text.HAL_CAN_TxMailbox1CompleteCallback
                0x0000000008005930       0x12 ./Drivers/STM32F1xx_HAL_Driver/Src/stm32f1xx_hal_can.o
                0x0000000008005930                HAL_CAN_TxMailbox1CompleteCallback
 .text.HAL_CAN_TxMailbox2CompleteCallback
                0x0000000008005942       0x12 ./Drivers/STM32F1xx_HAL_Driver/Src/stm32f1xx_hal_can.o
                0x0000000008005942                HAL_CAN_TxMailbox2CompleteCallback
 .text.HAL_CAN_TxMailbox0AbortCallback
                0x0000000008005954       0x12 ./Drivers/STM32F1xx_HAL_Driver/Src/stm32f1xx_hal_can.o
                0x0000000008005954                HAL_CAN_TxMailbox0AbortCallback
 .text.HAL_CAN_TxMailbox1AbortCallback
                0x0000000008005966       0x12 ./Drivers/STM32F1xx_HAL_Driver/Src/stm32f1xx_hal_can.o
                0x0000000008005966                HAL_CAN_TxMailbox1AbortCallback
 .text.HAL_CAN_TxMailbox2AbortCallback
                0x0000000008005978       0x12 ./Drivers/STM32F1xx_HAL_Driver/Src/stm32f1xx_hal_can.o
                0x0000000008005978                HAL_CAN_TxMailbox2AbortCallback
 .text.HAL_CAN_RxFifo0FullCallback
                0x000000000800598a       0x12 ./Drivers/STM32F1xx_HAL_Driver/Src/stm32f1xx_hal_can.o
                0x000000000800598a                HAL_CAN_RxFifo0FullCallback
 .text.HAL_CAN_RxFifo1FullCallback
                0x000000000800599c       0x12 ./Drivers/STM32F1xx_HAL_Driver/Src/stm32f1xx_hal_can.o
                0x000000000800599c                HAL_CAN_RxFifo1FullCallback
 .text.HAL_CAN_SleepCallback
                0x00000000080059ae       0x12 ./Drivers/STM32F1xx_HAL_Driver/Src/stm32f1xx_hal_can.o
                0x00000000080059ae                HAL_CAN_SleepCallback
 .text.HAL_CAN_WakeUpFromRxMsgCallback
                0x00000000080059c0       0x12 ./Drivers/STM32F1xx_HAL_Driver/Src/stm32f1xx_hal_can.o
                0x00000000080059c0                HAL_CAN_WakeUpFromRxMsgCallback
 .text.HAL_CAN_ErrorCallback
                0x00000000080059d2       0x12 ./Drivers/STM32F1xx_HAL_Driver/Src/stm32f1xx_hal_can.o
                0x00000000080059d2                HAL_CAN_ErrorCallback
 .text.__NVIC_SetPriorityGrouping
                0x00000000080059e4       0x48 ./Drivers/STM32F1xx_HAL_Driver/Src/stm32f1xx_hal_cortex.o
 .text.__NVIC_GetPriorityGrouping
                0x0000000008005a2c       0x1c ./Drivers/STM32F1xx_HAL_Driver/Src/stm32f1xx_hal_cortex.o
 .text.__NVIC_EnableIRQ
                0x0000000008005a48       0x38 ./Drivers/STM32F1xx_HAL_Driver/Src/stm32f1xx_hal_cortex.o
 .text.__NVIC_SetPriority
                0x0000000008005a80       0x54 ./Drivers/STM32F1xx_HAL_Driver/Src/stm32f1xx_hal_cortex.o
 .text.NVIC_EncodePriority
                0x0000000008005ad4       0x64 ./Drivers/STM32F1xx_HAL_Driver/Src/stm32f1xx_hal_cortex.o
 .text.SysTick_Config
                0x0000000008005b38       0x44 ./Drivers/STM32F1xx_HAL_Driver/Src/stm32f1xx_hal_cortex.o
 .text.HAL_NVIC_SetPriorityGrouping
                0x0000000008005b7c       0x16 ./Drivers/STM32F1xx_HAL_Driver/Src/stm32f1xx_hal_cortex.o
                0x0000000008005b7c                HAL_NVIC_SetPriorityGrouping
 .text.HAL_NVIC_SetPriority
                0x0000000008005b92       0x38 ./Drivers/STM32F1xx_HAL_Driver/Src/stm32f1xx_hal_cortex.o
                0x0000000008005b92                HAL_NVIC_SetPriority
 .text.HAL_NVIC_EnableIRQ
                0x0000000008005bca       0x1c ./Drivers/STM32F1xx_HAL_Driver/Src/stm32f1xx_hal_cortex.o
                0x0000000008005bca                HAL_NVIC_EnableIRQ
 .text.HAL_SYSTICK_Config
                0x0000000008005be6       0x18 ./Drivers/STM32F1xx_HAL_Driver/Src/stm32f1xx_hal_cortex.o
                0x0000000008005be6                HAL_SYSTICK_Config
 *fill*         0x0000000008005bfe        0x2 
 .text.HAL_DMA_Init
                0x0000000008005c00       0xec ./Drivers/STM32F1xx_HAL_Driver/Src/stm32f1xx_hal_dma.o
                0x0000000008005c00                HAL_DMA_Init
 .text.HAL_DMA_Start_IT
                0x0000000008005cec       0xbe ./Drivers/STM32F1xx_HAL_Driver/Src/stm32f1xx_hal_dma.o
                0x0000000008005cec                HAL_DMA_Start_IT
 .text.HAL_DMA_Abort
                0x0000000008005daa       0x74 ./Drivers/STM32F1xx_HAL_Driver/Src/stm32f1xx_hal_dma.o
                0x0000000008005daa                HAL_DMA_Abort
 *fill*         0x0000000008005e1e        0x2 
 .text.HAL_DMA_Abort_IT
                0x0000000008005e20      0x210 ./Drivers/STM32F1xx_HAL_Driver/Src/stm32f1xx_hal_dma.o
                0x0000000008005e20                HAL_DMA_Abort_IT
 .text.HAL_DMA_IRQHandler
                0x0000000008006030      0x478 ./Drivers/STM32F1xx_HAL_Driver/Src/stm32f1xx_hal_dma.o
                0x0000000008006030                HAL_DMA_IRQHandler
 .text.DMA_SetConfig
                0x00000000080064a8       0x5a ./Drivers/STM32F1xx_HAL_Driver/Src/stm32f1xx_hal_dma.o
 *fill*         0x0000000008006502        0x2 
 .text.HAL_GPIO_Init
                0x0000000008006504      0x308 ./Drivers/STM32F1xx_HAL_Driver/Src/stm32f1xx_hal_gpio.o
                0x0000000008006504                HAL_GPIO_Init
 .text.HAL_GPIO_ReadPin
                0x000000000800680c       0x2e ./Drivers/STM32F1xx_HAL_Driver/Src/stm32f1xx_hal_gpio.o
                0x000000000800680c                HAL_GPIO_ReadPin
 .text.HAL_GPIO_WritePin
                0x000000000800683a       0x30 ./Drivers/STM32F1xx_HAL_Driver/Src/stm32f1xx_hal_gpio.o
                0x000000000800683a                HAL_GPIO_WritePin
 .text.HAL_GPIO_TogglePin
                0x000000000800686a       0x32 ./Drivers/STM32F1xx_HAL_Driver/Src/stm32f1xx_hal_gpio.o
                0x000000000800686a                HAL_GPIO_TogglePin
 .text.HAL_GPIO_EXTI_IRQHandler
                0x000000000800689c       0x30 ./Drivers/STM32F1xx_HAL_Driver/Src/stm32f1xx_hal_gpio.o
                0x000000000800689c                HAL_GPIO_EXTI_IRQHandler
 .text.HAL_RCC_OscConfig
                0x00000000080068cc      0x62c ./Drivers/STM32F1xx_HAL_Driver/Src/stm32f1xx_hal_rcc.o
                0x00000000080068cc                HAL_RCC_OscConfig
 .text.HAL_RCC_ClockConfig
                0x0000000008006ef8      0x1d4 ./Drivers/STM32F1xx_HAL_Driver/Src/stm32f1xx_hal_rcc.o
                0x0000000008006ef8                HAL_RCC_ClockConfig
 .text.HAL_RCC_GetSysClockFreq
                0x00000000080070cc      0x224 ./Drivers/STM32F1xx_HAL_Driver/Src/stm32f1xx_hal_rcc.o
                0x00000000080070cc                HAL_RCC_GetSysClockFreq
 .text.HAL_RCC_GetHCLKFreq
                0x00000000080072f0       0x14 ./Drivers/STM32F1xx_HAL_Driver/Src/stm32f1xx_hal_rcc.o
                0x00000000080072f0                HAL_RCC_GetHCLKFreq
 .text.HAL_RCC_GetPCLK1Freq
                0x0000000008007304       0x28 ./Drivers/STM32F1xx_HAL_Driver/Src/stm32f1xx_hal_rcc.o
                0x0000000008007304                HAL_RCC_GetPCLK1Freq
 .text.HAL_RCC_GetPCLK2Freq
                0x000000000800732c       0x28 ./Drivers/STM32F1xx_HAL_Driver/Src/stm32f1xx_hal_rcc.o
                0x000000000800732c                HAL_RCC_GetPCLK2Freq
 .text.RCC_Delay
                0x0000000008007354       0x3c ./Drivers/STM32F1xx_HAL_Driver/Src/stm32f1xx_hal_rcc.o
 .text.HAL_TIM_Base_Init
                0x0000000008007390       0x9e ./Drivers/STM32F1xx_HAL_Driver/Src/stm32f1xx_hal_tim.o
                0x0000000008007390                HAL_TIM_Base_Init
 *fill*         0x000000000800742e        0x2 
 .text.HAL_TIM_Base_Start_IT
                0x0000000008007430       0xb4 ./Drivers/STM32F1xx_HAL_Driver/Src/stm32f1xx_hal_tim.o
                0x0000000008007430                HAL_TIM_Base_Start_IT
 .text.HAL_TIM_IRQHandler
                0x00000000080074e4      0x210 ./Drivers/STM32F1xx_HAL_Driver/Src/stm32f1xx_hal_tim.o
                0x00000000080074e4                HAL_TIM_IRQHandler
 .text.HAL_TIM_ConfigClockSource
                0x00000000080076f4      0x188 ./Drivers/STM32F1xx_HAL_Driver/Src/stm32f1xx_hal_tim.o
                0x00000000080076f4                HAL_TIM_ConfigClockSource
 .text.HAL_TIM_OC_DelayElapsedCallback
                0x000000000800787c       0x12 ./Drivers/STM32F1xx_HAL_Driver/Src/stm32f1xx_hal_tim.o
                0x000000000800787c                HAL_TIM_OC_DelayElapsedCallback
 .text.HAL_TIM_IC_CaptureCallback
                0x000000000800788e       0x12 ./Drivers/STM32F1xx_HAL_Driver/Src/stm32f1xx_hal_tim.o
                0x000000000800788e                HAL_TIM_IC_CaptureCallback
 .text.HAL_TIM_PWM_PulseFinishedCallback
                0x00000000080078a0       0x12 ./Drivers/STM32F1xx_HAL_Driver/Src/stm32f1xx_hal_tim.o
                0x00000000080078a0                HAL_TIM_PWM_PulseFinishedCallback
 .text.HAL_TIM_TriggerCallback
                0x00000000080078b2       0x12 ./Drivers/STM32F1xx_HAL_Driver/Src/stm32f1xx_hal_tim.o
                0x00000000080078b2                HAL_TIM_TriggerCallback
 .text.TIM_Base_SetConfig
                0x00000000080078c4       0xd8 ./Drivers/STM32F1xx_HAL_Driver/Src/stm32f1xx_hal_tim.o
                0x00000000080078c4                TIM_Base_SetConfig
 .text.TIM_TI1_ConfigInputStage
                0x000000000800799c       0x5c ./Drivers/STM32F1xx_HAL_Driver/Src/stm32f1xx_hal_tim.o
 .text.TIM_TI2_ConfigInputStage
                0x00000000080079f8       0x5e ./Drivers/STM32F1xx_HAL_Driver/Src/stm32f1xx_hal_tim.o
 .text.TIM_ITRx_SetConfig
                0x0000000008007a56       0x34 ./Drivers/STM32F1xx_HAL_Driver/Src/stm32f1xx_hal_tim.o
 .text.TIM_ETR_SetConfig
                0x0000000008007a8a       0x3e ./Drivers/STM32F1xx_HAL_Driver/Src/stm32f1xx_hal_tim.o
                0x0000000008007a8a                TIM_ETR_SetConfig
 .text.HAL_TIMEx_MasterConfigSynchronization
                0x0000000008007ac8       0xcc ./Drivers/STM32F1xx_HAL_Driver/Src/stm32f1xx_hal_tim_ex.o
                0x0000000008007ac8                HAL_TIMEx_MasterConfigSynchronization
 .text.HAL_TIMEx_CommutCallback
                0x0000000008007b94       0x12 ./Drivers/STM32F1xx_HAL_Driver/Src/stm32f1xx_hal_tim_ex.o
                0x0000000008007b94                HAL_TIMEx_CommutCallback
 .text.HAL_TIMEx_BreakCallback
                0x0000000008007ba6       0x12 ./Drivers/STM32F1xx_HAL_Driver/Src/stm32f1xx_hal_tim_ex.o
                0x0000000008007ba6                HAL_TIMEx_BreakCallback
 .text.HAL_UART_Init
                0x0000000008007bb8       0x9a ./Drivers/STM32F1xx_HAL_Driver/Src/stm32f1xx_hal_uart.o
                0x0000000008007bb8                HAL_UART_Init
 .text.HAL_UART_Transmit
                0x0000000008007c52      0x124 ./Drivers/STM32F1xx_HAL_Driver/Src/stm32f1xx_hal_uart.o
                0x0000000008007c52                HAL_UART_Transmit
 *fill*         0x0000000008007d76        0x2 
 .text.HAL_UART_Transmit_DMA
                0x0000000008007d78       0xd8 ./Drivers/STM32F1xx_HAL_Driver/Src/stm32f1xx_hal_uart.o
                0x0000000008007d78                HAL_UART_Transmit_DMA
 .text.HAL_UART_IRQHandler
                0x0000000008007e50      0x354 ./Drivers/STM32F1xx_HAL_Driver/Src/stm32f1xx_hal_uart.o
                0x0000000008007e50                HAL_UART_IRQHandler
 .text.HAL_UART_RxCpltCallback
                0x00000000080081a4       0x12 ./Drivers/STM32F1xx_HAL_Driver/Src/stm32f1xx_hal_uart.o
                0x00000000080081a4                HAL_UART_RxCpltCallback
 .text.HAL_UART_ErrorCallback
                0x00000000080081b6       0x12 ./Drivers/STM32F1xx_HAL_Driver/Src/stm32f1xx_hal_uart.o
                0x00000000080081b6                HAL_UART_ErrorCallback
 .text.HAL_UARTEx_RxEventCallback
                0x00000000080081c8       0x16 ./Drivers/STM32F1xx_HAL_Driver/Src/stm32f1xx_hal_uart.o
                0x00000000080081c8                HAL_UARTEx_RxEventCallback
 .text.UART_DMATransmitCplt
                0x00000000080081de       0x52 ./Drivers/STM32F1xx_HAL_Driver/Src/stm32f1xx_hal_uart.o
 .text.UART_DMATxHalfCplt
                0x0000000008008230       0x1c ./Drivers/STM32F1xx_HAL_Driver/Src/stm32f1xx_hal_uart.o
 .text.UART_DMAError
                0x000000000800824c       0x94 ./Drivers/STM32F1xx_HAL_Driver/Src/stm32f1xx_hal_uart.o
 .text.UART_WaitOnFlagUntilTimeout
                0x00000000080082e0       0x94 ./Drivers/STM32F1xx_HAL_Driver/Src/stm32f1xx_hal_uart.o
 .text.UART_EndTxTransfer
                0x0000000008008374       0x2a ./Drivers/STM32F1xx_HAL_Driver/Src/stm32f1xx_hal_uart.o
 .text.UART_EndRxTransfer
                0x000000000800839e       0x58 ./Drivers/STM32F1xx_HAL_Driver/Src/stm32f1xx_hal_uart.o
 .text.UART_DMAAbortOnError
                0x00000000080083f6       0x28 ./Drivers/STM32F1xx_HAL_Driver/Src/stm32f1xx_hal_uart.o
 .text.UART_Transmit_IT
                0x000000000800841e       0x9e ./Drivers/STM32F1xx_HAL_Driver/Src/stm32f1xx_hal_uart.o
 .text.UART_EndTransmit_IT
                0x00000000080084bc       0x30 ./Drivers/STM32F1xx_HAL_Driver/Src/stm32f1xx_hal_uart.o
 .text.UART_Receive_IT
                0x00000000080084ec      0x152 ./Drivers/STM32F1xx_HAL_Driver/Src/stm32f1xx_hal_uart.o
 *fill*         0x000000000800863e        0x2 
 .text.UART_SetConfig
                0x0000000008008640      0x11c ./Drivers/STM32F1xx_HAL_Driver/Src/stm32f1xx_hal_uart.o
 .text.__libc_init_array
                0x000000000800875c       0x48 c:/st/stm32cubeide_1.10.1/stm32cubeide/plugins/com.st.stm32cube.ide.mcu.externaltools.gnu-tools-for-stm32.10.3-2021.10.win32_1.0.0.202111181127/tools/bin/../lib/gcc/arm-none-eabi/10.3.1/../../../../arm-none-eabi/lib/thumb/v7-m/nofp\libc_nano.a(lib_a-init.o)
                0x000000000800875c                __libc_init_array
 .text.memset   0x00000000080087a4       0x10 c:/st/stm32cubeide_1.10.1/stm32cubeide/plugins/com.st.stm32cube.ide.mcu.externaltools.gnu-tools-for-stm32.10.3-2021.10.win32_1.0.0.202111181127/tools/bin/../lib/gcc/arm-none-eabi/10.3.1/../../../../arm-none-eabi/lib/thumb/v7-m/nofp\libc_nano.a(lib_a-memset.o)
                0x00000000080087a4                memset
 *(.glue_7)
 .glue_7        0x00000000080087b4        0x0 linker stubs
 *(.glue_7t)
 .glue_7t       0x00000000080087b4        0x0 linker stubs
 *(.eh_frame)
 .eh_frame      0x00000000080087b4        0x0 c:/st/stm32cubeide_1.10.1/stm32cubeide/plugins/com.st.stm32cube.ide.mcu.externaltools.gnu-tools-for-stm32.10.3-2021.10.win32_1.0.0.202111181127/tools/bin/../lib/gcc/arm-none-eabi/10.3.1/thumb/v7-m/nofp/crtbegin.o
 *(.init)
 .init          0x00000000080087b4        0x4 c:/st/stm32cubeide_1.10.1/stm32cubeide/plugins/com.st.stm32cube.ide.mcu.externaltools.gnu-tools-for-stm32.10.3-2021.10.win32_1.0.0.202111181127/tools/bin/../lib/gcc/arm-none-eabi/10.3.1/thumb/v7-m/nofp/crti.o
                0x00000000080087b4                _init
 .init          0x00000000080087b8        0x8 c:/st/stm32cubeide_1.10.1/stm32cubeide/plugins/com.st.stm32cube.ide.mcu.externaltools.gnu-tools-for-stm32.10.3-2021.10.win32_1.0.0.202111181127/tools/bin/../lib/gcc/arm-none-eabi/10.3.1/thumb/v7-m/nofp/crtn.o
 *(.fini)
 .fini          0x00000000080087c0        0x4 c:/st/stm32cubeide_1.10.1/stm32cubeide/plugins/com.st.stm32cube.ide.mcu.externaltools.gnu-tools-for-stm32.10.3-2021.10.win32_1.0.0.202111181127/tools/bin/../lib/gcc/arm-none-eabi/10.3.1/thumb/v7-m/nofp/crti.o
                0x00000000080087c0                _fini
 .fini          0x00000000080087c4        0x8 c:/st/stm32cubeide_1.10.1/stm32cubeide/plugins/com.st.stm32cube.ide.mcu.externaltools.gnu-tools-for-stm32.10.3-2021.10.win32_1.0.0.202111181127/tools/bin/../lib/gcc/arm-none-eabi/10.3.1/thumb/v7-m/nofp/crtn.o
                0x00000000080087cc                . = ALIGN (0x4)
                0x00000000080087cc                _etext = .

.vfp11_veneer   0x00000000080087cc        0x0
 .vfp11_veneer  0x00000000080087cc        0x0 linker stubs

.v4_bx          0x00000000080087cc        0x0
 .v4_bx         0x00000000080087cc        0x0 linker stubs

.iplt           0x00000000080087cc        0x0
 .iplt          0x00000000080087cc        0x0 c:/st/stm32cubeide_1.10.1/stm32cubeide/plugins/com.st.stm32cube.ide.mcu.externaltools.gnu-tools-for-stm32.10.3-2021.10.win32_1.0.0.202111181127/tools/bin/../lib/gcc/arm-none-eabi/10.3.1/thumb/v7-m/nofp/crtbegin.o

.rodata         0x00000000080087cc       0x38
                0x00000000080087cc                . = ALIGN (0x4)
 *(.rodata)
 .rodata        0x00000000080087cc       0x20 ./Drivers/STM32F1xx_HAL_Driver/Src/stm32f1xx_hal_rcc.o
 *(.rodata*)
 .rodata.AHBPrescTable
                0x00000000080087ec       0x10 ./Core/Src/system_stm32f1xx.o
                0x00000000080087ec                AHBPrescTable
 .rodata.APBPrescTable
                0x00000000080087fc        0x8 ./Core/Src/system_stm32f1xx.o
                0x00000000080087fc                APBPrescTable
                0x0000000008008804                . = ALIGN (0x4)

.ARM.extab      0x0000000008008804        0x0
                0x0000000008008804                . = ALIGN (0x4)
 *(.ARM.extab* .gnu.linkonce.armextab.*)
                0x0000000008008804                . = ALIGN (0x4)

.ARM            0x0000000008008804        0x8
                0x0000000008008804                . = ALIGN (0x4)
                0x0000000008008804                __exidx_start = .
 *(.ARM.exidx*)
 .ARM.exidx     0x0000000008008804        0x8 c:/st/stm32cubeide_1.10.1/stm32cubeide/plugins/com.st.stm32cube.ide.mcu.externaltools.gnu-tools-for-stm32.10.3-2021.10.win32_1.0.0.202111181127/tools/bin/../lib/gcc/arm-none-eabi/10.3.1/thumb/v7-m/nofp\libgcc.a(_udivmoddi4.o)
                0x000000000800880c                __exidx_end = .
                0x000000000800880c                . = ALIGN (0x4)

.rel.dyn        0x000000000800880c        0x0
 .rel.iplt      0x000000000800880c        0x0 c:/st/stm32cubeide_1.10.1/stm32cubeide/plugins/com.st.stm32cube.ide.mcu.externaltools.gnu-tools-for-stm32.10.3-2021.10.win32_1.0.0.202111181127/tools/bin/../lib/gcc/arm-none-eabi/10.3.1/thumb/v7-m/nofp/crtbegin.o

.preinit_array  0x000000000800880c        0x0
                0x000000000800880c                . = ALIGN (0x4)
                0x000000000800880c                PROVIDE (__preinit_array_start = .)
 *(.preinit_array*)
                0x000000000800880c                PROVIDE (__preinit_array_end = .)
                0x000000000800880c                . = ALIGN (0x4)

.init_array     0x000000000800880c        0x4
                0x000000000800880c                . = ALIGN (0x4)
                0x000000000800880c                PROVIDE (__init_array_start = .)
 *(SORT_BY_NAME(.init_array.*))
 *(.init_array*)
 .init_array    0x000000000800880c        0x4 c:/st/stm32cubeide_1.10.1/stm32cubeide/plugins/com.st.stm32cube.ide.mcu.externaltools.gnu-tools-for-stm32.10.3-2021.10.win32_1.0.0.202111181127/tools/bin/../lib/gcc/arm-none-eabi/10.3.1/thumb/v7-m/nofp/crtbegin.o
                0x0000000008008810                PROVIDE (__init_array_end = .)
                0x0000000008008810                . = ALIGN (0x4)

.fini_array     0x0000000008008810        0x4
                0x0000000008008810                . = ALIGN (0x4)
                [!provide]                        PROVIDE (__fini_array_start = .)
 *(SORT_BY_NAME(.fini_array.*))
 *(.fini_array*)
 .fini_array    0x0000000008008810        0x4 c:/st/stm32cubeide_1.10.1/stm32cubeide/plugins/com.st.stm32cube.ide.mcu.externaltools.gnu-tools-for-stm32.10.3-2021.10.win32_1.0.0.202111181127/tools/bin/../lib/gcc/arm-none-eabi/10.3.1/thumb/v7-m/nofp/crtbegin.o
                [!provide]                        PROVIDE (__fini_array_end = .)
                0x0000000008008814                . = ALIGN (0x4)
                0x0000000008008814                _sidata = LOADADDR (.data)

.data           0x0000000020000000      0x3b4 load address 0x0000000008008814
                0x0000000020000000                . = ALIGN (0x4)
                0x0000000020000000                _sdata = .
 *(.data)
 *(.data*)
 .data.err_or_not
                0x0000000020000000        0x1 ./Core/Src/data_structures.o
                0x0000000020000000                err_or_not
 *fill*         0x0000000020000001        0x3 
 .data.err_fullerror
                0x0000000020000004        0x4 ./Core/Src/data_structures.o
                0x0000000020000004                err_fullerror
 .data.transferCount
                0x0000000020000008        0x4 ./Core/Src/data_structures.o
                0x0000000020000008                transferCount
 .data.startup  0x000000002000000c        0x1 ./Core/Src/data_structures.o
                0x000000002000000c                startup
 .data.entry    0x000000002000000d        0x1 ./Core/Src/data_structures.o
                0x000000002000000d                entry
 .data.checklit
                0x000000002000000e        0x1 ./Core/Src/data_structures.o
                0x000000002000000e                checklit
 .data.currentMenu
                0x000000002000000f        0x1 ./Core/Src/data_structures.o
                0x000000002000000f                currentMenu
 .data.previousMenuBack
                0x0000000020000010        0x1 ./Core/Src/data_structures.o
                0x0000000020000010                previousMenuBack
 .data.previousMenuForward
                0x0000000020000011        0x1 ./Core/Src/data_structures.o
                0x0000000020000011                previousMenuForward
 .data.starupMode
                0x0000000020000012        0x1 ./Core/Src/data_structures.o
                0x0000000020000012                starupMode
 .data.state_entry
                0x0000000020000013        0x1 ./Core/Src/data_structures.o
                0x0000000020000013                state_entry
 .data.page_entry
                0x0000000020000014        0x1 ./Core/Src/data_structures.o
                0x0000000020000014                page_entry
 .data.vpCounter
                0x0000000020000015        0x1 ./Core/Src/data_structures.o
                0x0000000020000015                vpCounter
 .data.longPress_Time
                0x0000000020000016        0x1 ./Core/Src/data_structures.o
                0x0000000020000016                longPress_Time
 .data.inPopup  0x0000000020000017        0x1 ./Core/Src/data_structures.o
                0x0000000020000017                inPopup
 .data.TxData2  0x0000000020000018        0x8 ./Core/Src/main.o
                0x0000000020000018                TxData2
 .data.SystemCoreClock
                0x0000000020000020        0x4 ./Core/Src/system_stm32f1xx.o
                0x0000000020000020                SystemCoreClock
 .data.timeSet  0x0000000020000024        0xe ./Core/Src/transmit.o
                0x0000000020000024                timeSet
 *fill*         0x0000000020000032        0x2 
 .data.DisenKillSwitch
                0x0000000020000034        0xa ./Core/Src/transmit.o
                0x0000000020000034                DisenKillSwitch
 *fill*         0x000000002000003e        0x2 
 .data.PressBrake
                0x0000000020000040        0xa ./Core/Src/transmit.o
                0x0000000020000040                PressBrake
 *fill*         0x000000002000004a        0x2 
 .data.GearErr  0x000000002000004c        0xa ./Core/Src/transmit.o
                0x000000002000004c                GearErr
 *fill*         0x0000000020000056        0x2 
 .data.SysCheck_Okay_NoIcon
                0x0000000020000058        0xa ./Core/Src/transmit.o
                0x0000000020000058                SysCheck_Okay_NoIcon
 *fill*         0x0000000020000062        0x2 
 .data.ReadytoDrive
                0x0000000020000064        0xa ./Core/Src/transmit.o
                0x0000000020000064                ReadytoDrive
 *fill*         0x000000002000006e        0x2 
 .data.TripSum  0x0000000020000070        0xa ./Core/Src/transmit.o
                0x0000000020000070                TripSum
 *fill*         0x000000002000007a        0x2 
 .data.AfterRecharge
                0x000000002000007c        0xa ./Core/Src/transmit.o
                0x000000002000007c                AfterRecharge
 *fill*         0x0000000020000086        0x2 
 .data.VehicleInfo
                0x0000000020000088        0xa ./Core/Src/transmit.o
                0x0000000020000088                VehicleInfo
 *fill*         0x0000000020000092        0x2 
 .data.VehicleInfoBat
                0x0000000020000094        0xa ./Core/Src/transmit.o
                0x0000000020000094                VehicleInfoBat
 *fill*         0x000000002000009e        0x2 
 .data.VehicleInfoMot
                0x00000000200000a0        0xa ./Core/Src/transmit.o
                0x00000000200000a0                VehicleInfoMot
 *fill*         0x00000000200000aa        0x2 
 .data.VehicleInfoInv
                0x00000000200000ac        0xa ./Core/Src/transmit.o
                0x00000000200000ac                VehicleInfoInv
 *fill*         0x00000000200000b6        0x2 
 .data.Settings
                0x00000000200000b8        0xa ./Core/Src/transmit.o
                0x00000000200000b8                Settings
 *fill*         0x00000000200000c2        0x2 
 .data.Vehicle  0x00000000200000c4        0xa ./Core/Src/transmit.o
                0x00000000200000c4                Vehicle
 *fill*         0x00000000200000ce        0x2 
 .data.System   0x00000000200000d0        0xa ./Core/Src/transmit.o
                0x00000000200000d0                System
 *fill*         0x00000000200000da        0x2 
 .data.Bluetooth
                0x00000000200000dc        0xa ./Core/Src/transmit.o
                0x00000000200000dc                Bluetooth
 *fill*         0x00000000200000e6        0x2 
 .data.Errors   0x00000000200000e8        0xa ./Core/Src/transmit.o
                0x00000000200000e8                Errors
 *fill*         0x00000000200000f2        0x2 
 .data.SysError_shutdown
                0x00000000200000f4        0xa ./Core/Src/transmit.o
                0x00000000200000f4                SysError_shutdown
 *fill*         0x00000000200000fe        0x2 
 .data.SysError_SafeStop
                0x0000000020000100        0xa ./Core/Src/transmit.o
                0x0000000020000100                SysError_SafeStop
 *fill*         0x000000002000010a        0x2 
 .data.Charging
                0x000000002000010c        0xa ./Core/Src/transmit.o
                0x000000002000010c                Charging
 *fill*         0x0000000020000116        0x2 
 .data.ChargingComp
                0x0000000020000118        0xa ./Core/Src/transmit.o
                0x0000000020000118                ChargingComp
 *fill*         0x0000000020000122        0x2 
 .data.ChargingErr
                0x0000000020000124        0xa ./Core/Src/transmit.o
                0x0000000020000124                ChargingErr
 *fill*         0x000000002000012e        0x2 
 .data.SysErrMild
                0x0000000020000130        0xa ./Core/Src/transmit.o
                0x0000000020000130                SysErrMild
 *fill*         0x000000002000013a        0x2 
 .data.SysErrCritical
                0x000000002000013c        0xa ./Core/Src/transmit.o
                0x000000002000013c                SysErrCritical
 *fill*         0x0000000020000146        0x2 
 .data.Test     0x0000000020000148        0xa ./Core/Src/transmit.o
                0x0000000020000148                Test
 *fill*         0x0000000020000152        0x2 
 .data.BatteryON
                0x0000000020000154        0x8 ./Core/Src/transmit.o
                0x0000000020000154                BatteryON
 .data.BatteryOFF
                0x000000002000015c        0x8 ./Core/Src/transmit.o
                0x000000002000015c                BatteryOFF
 .data.ErrorON  0x0000000020000164        0x8 ./Core/Src/transmit.o
                0x0000000020000164                ErrorON
 .data.ErrorOFF
                0x000000002000016c        0x8 ./Core/Src/transmit.o
                0x000000002000016c                ErrorOFF
 .data.ServiceON
                0x0000000020000174        0x8 ./Core/Src/transmit.o
                0x0000000020000174                ServiceON
 .data.ServiceOFF
                0x000000002000017c        0x8 ./Core/Src/transmit.o
                0x000000002000017c                ServiceOFF
 .data.MildErrorON
                0x0000000020000184        0x8 ./Core/Src/transmit.o
                0x0000000020000184                MildErrorON
 .data.MildErrorOFF
                0x000000002000018c        0x8 ./Core/Src/transmit.o
                0x000000002000018c                MildErrorOFF
 .data.PowerLimitedON
                0x0000000020000194        0x8 ./Core/Src/transmit.o
                0x0000000020000194                PowerLimitedON
 .data.PowerLimitedOFF
                0x000000002000019c        0x8 ./Core/Src/transmit.o
                0x000000002000019c                PowerLimitedOFF
 .data.ReadytoDrive_Icon_ON
                0x00000000200001a4        0x8 ./Core/Src/transmit.o
                0x00000000200001a4                ReadytoDrive_Icon_ON
 .data.ReadytoDrive_Icon_OFF
                0x00000000200001ac        0x8 ./Core/Src/transmit.o
                0x00000000200001ac                ReadytoDrive_Icon_OFF
 .data.ReverseON
                0x00000000200001b4        0x8 ./Core/Src/transmit.o
                0x00000000200001b4                ReverseON
 .data.NeutralON
                0x00000000200001bc        0x8 ./Core/Src/transmit.o
                0x00000000200001bc                NeutralON
 .data.DriveON  0x00000000200001c4        0x8 ./Core/Src/transmit.o
                0x00000000200001c4                DriveON
 .data.GearClear
                0x00000000200001cc        0x8 ./Core/Src/transmit.o
                0x00000000200001cc                GearClear
 .data.EcoON    0x00000000200001d4        0x8 ./Core/Src/transmit.o
                0x00000000200001d4                EcoON
 .data.NormalON
                0x00000000200001dc        0x8 ./Core/Src/transmit.o
                0x00000000200001dc                NormalON
 .data.SportON  0x00000000200001e4        0x8 ./Core/Src/transmit.o
                0x00000000200001e4                SportON
 .data.modeClear
                0x00000000200001ec        0x8 ./Core/Src/transmit.o
                0x00000000200001ec                modeClear
 .data.DriveUnitOFF
                0x00000000200001f4        0x8 ./Core/Src/transmit.o
                0x00000000200001f4                DriveUnitOFF
 .data.DriveUnitON
                0x00000000200001fc        0x8 ./Core/Src/transmit.o
                0x00000000200001fc                DriveUnitON
 .data.BotGreenON
                0x0000000020000204        0x8 ./Core/Src/transmit.o
                0x0000000020000204                BotGreenON
 .data.BotOrangeON
                0x000000002000020c        0x8 ./Core/Src/transmit.o
                0x000000002000020c                BotOrangeON
 .data.BotRedON
                0x0000000020000214        0x8 ./Core/Src/transmit.o
                0x0000000020000214                BotRedON
 .data.UI_Button_Vehicle
                0x000000002000021c        0x8 ./Core/Src/transmit.o
                0x000000002000021c                UI_Button_Vehicle
 .data.UI_Button_System
                0x0000000020000224        0x8 ./Core/Src/transmit.o
                0x0000000020000224                UI_Button_System
 .data.UI_Button_Bluetooth
                0x000000002000022c        0x8 ./Core/Src/transmit.o
                0x000000002000022c                UI_Button_Bluetooth
 .data.UI_Button_Errors
                0x0000000020000234        0x8 ./Core/Src/transmit.o
                0x0000000020000234                UI_Button_Errors
 .data.UI_Button_Non
                0x000000002000023c        0x8 ./Core/Src/transmit.o
                0x000000002000023c                UI_Button_Non
 .data.TimeSelect
                0x0000000020000244        0x8 ./Core/Src/transmit.o
                0x0000000020000244                TimeSelect
 .data.TimeSelectOff
                0x000000002000024c        0x8 ./Core/Src/transmit.o
                0x000000002000024c                TimeSelectOff
 .data.BrightnessSelect
                0x0000000020000254        0x8 ./Core/Src/transmit.o
                0x0000000020000254                BrightnessSelect
 .data.BrightnessSelectOff
                0x000000002000025c        0x8 ./Core/Src/transmit.o
                0x000000002000025c                BrightnessSelectOff
 .data.HighBatTemp
                0x0000000020000264        0x8 ./Core/Src/transmit.o
                0x0000000020000264                HighBatTemp
 .data.BatMenuOFF
                0x000000002000026c        0x8 ./Core/Src/transmit.o
                0x000000002000026c                BatMenuOFF
 .data.modeChange_Lock
                0x0000000020000274        0x8 ./Core/Src/transmit.o
                0x0000000020000274                modeChange_Lock
 .data.ChargerConnErrON
                0x000000002000027c        0x8 ./Core/Src/transmit.o
                0x000000002000027c                ChargerConnErrON
 .data.ChargerConnErrOFF
                0x0000000020000284        0x8 ./Core/Src/transmit.o
                0x0000000020000284                ChargerConnErrOFF
 .data.bat0     0x000000002000028c        0x8 ./Core/Src/transmit.o
                0x000000002000028c                bat0
 .data.bat5     0x0000000020000294        0x8 ./Core/Src/transmit.o
                0x0000000020000294                bat5
 .data.bat10    0x000000002000029c        0x8 ./Core/Src/transmit.o
                0x000000002000029c                bat10
 .data.bat15    0x00000000200002a4        0x8 ./Core/Src/transmit.o
                0x00000000200002a4                bat15
 .data.bat20    0x00000000200002ac        0x8 ./Core/Src/transmit.o
                0x00000000200002ac                bat20
 .data.bat25    0x00000000200002b4        0x8 ./Core/Src/transmit.o
                0x00000000200002b4                bat25
 .data.bat30    0x00000000200002bc        0x8 ./Core/Src/transmit.o
                0x00000000200002bc                bat30
 .data.bat35    0x00000000200002c4        0x8 ./Core/Src/transmit.o
                0x00000000200002c4                bat35
 .data.bat40    0x00000000200002cc        0x8 ./Core/Src/transmit.o
                0x00000000200002cc                bat40
 .data.bat45    0x00000000200002d4        0x8 ./Core/Src/transmit.o
                0x00000000200002d4                bat45
 .data.bat50    0x00000000200002dc        0x8 ./Core/Src/transmit.o
                0x00000000200002dc                bat50
 .data.bat55    0x00000000200002e4        0x8 ./Core/Src/transmit.o
                0x00000000200002e4                bat55
 .data.bat60    0x00000000200002ec        0x8 ./Core/Src/transmit.o
                0x00000000200002ec                bat60
 .data.bat65    0x00000000200002f4        0x8 ./Core/Src/transmit.o
                0x00000000200002f4                bat65
 .data.bat70    0x00000000200002fc        0x8 ./Core/Src/transmit.o
                0x00000000200002fc                bat70
 .data.bat75    0x0000000020000304        0x8 ./Core/Src/transmit.o
                0x0000000020000304                bat75
 .data.bat80    0x000000002000030c        0x8 ./Core/Src/transmit.o
                0x000000002000030c                bat80
 .data.bat85    0x0000000020000314        0x8 ./Core/Src/transmit.o
                0x0000000020000314                bat85
 .data.bat90    0x000000002000031c        0x8 ./Core/Src/transmit.o
                0x000000002000031c                bat90
 .data.bat100   0x0000000020000324        0x8 ./Core/Src/transmit.o
                0x0000000020000324                bat100
 .data.eco0     0x000000002000032c        0x8 ./Core/Src/transmit.o
                0x000000002000032c                eco0
 .data.eco1     0x0000000020000334        0x8 ./Core/Src/transmit.o
                0x0000000020000334                eco1
 .data.eco2     0x000000002000033c        0x8 ./Core/Src/transmit.o
                0x000000002000033c                eco2
 .data.eco3     0x0000000020000344        0x8 ./Core/Src/transmit.o
                0x0000000020000344                eco3
 .data.eco4     0x000000002000034c        0x8 ./Core/Src/transmit.o
                0x000000002000034c                eco4
 .data.eco5     0x0000000020000354        0x8 ./Core/Src/transmit.o
                0x0000000020000354                eco5
 .data.power1   0x000000002000035c        0x8 ./Core/Src/transmit.o
                0x000000002000035c                power1
 .data.power2   0x0000000020000364        0x8 ./Core/Src/transmit.o
                0x0000000020000364                power2
 .data.power3   0x000000002000036c        0x8 ./Core/Src/transmit.o
                0x000000002000036c                power3
 .data.power4   0x0000000020000374        0x8 ./Core/Src/transmit.o
                0x0000000020000374                power4
 .data.power5   0x000000002000037c        0x8 ./Core/Src/transmit.o
                0x000000002000037c                power5
 .data.charge1  0x0000000020000384        0x8 ./Core/Src/transmit.o
                0x0000000020000384                charge1
 .data.charge2  0x000000002000038c        0x8 ./Core/Src/transmit.o
                0x000000002000038c                charge2
 .data.charge3  0x0000000020000394        0x8 ./Core/Src/transmit.o
                0x0000000020000394                charge3
 .data.charge4  0x000000002000039c        0x8 ./Core/Src/transmit.o
                0x000000002000039c                charge4
 .data.charge5  0x00000000200003a4        0x8 ./Core/Src/transmit.o
                0x00000000200003a4                charge5
 .data.uwTickPrio
                0x00000000200003ac        0x4 ./Drivers/STM32F1xx_HAL_Driver/Src/stm32f1xx_hal.o
                0x00000000200003ac                uwTickPrio
 .data.uwTickFreq
                0x00000000200003b0        0x1 ./Drivers/STM32F1xx_HAL_Driver/Src/stm32f1xx_hal.o
                0x00000000200003b0                uwTickFreq
 *(.RamFunc)
 *(.RamFunc*)
                0x00000000200003b4                . = ALIGN (0x4)
 *fill*         0x00000000200003b1        0x3 
                0x00000000200003b4                _edata = .

.igot.plt       0x00000000200003b4        0x0 load address 0x0000000008008bc8
 .igot.plt      0x00000000200003b4        0x0 c:/st/stm32cubeide_1.10.1/stm32cubeide/plugins/com.st.stm32cube.ide.mcu.externaltools.gnu-tools-for-stm32.10.3-2021.10.win32_1.0.0.202111181127/tools/bin/../lib/gcc/arm-none-eabi/10.3.1/thumb/v7-m/nofp/crtbegin.o
                0x00000000200003b4                . = ALIGN (0x4)

.bss            0x00000000200003b4      0x27c load address 0x0000000008008bc8
                0x00000000200003b4                _sbss = .
                0x00000000200003b4                __bss_start__ = _sbss
 *(.bss)
 .bss           0x00000000200003b4       0x1c c:/st/stm32cubeide_1.10.1/stm32cubeide/plugins/com.st.stm32cube.ide.mcu.externaltools.gnu-tools-for-stm32.10.3-2021.10.win32_1.0.0.202111181127/tools/bin/../lib/gcc/arm-none-eabi/10.3.1/thumb/v7-m/nofp/crtbegin.o
 *(.bss*)
 .bss.hcan1     0x00000000200003d0       0x28 ./Core/Src/can.o
                0x00000000200003d0                hcan1
 .bss.EVCU_setData_i
                0x00000000200003f8        0x8 ./Core/Src/can_matrix.o
                0x00000000200003f8                EVCU_setData_i
 .bss.gpio      0x0000000020000400        0x2 ./Core/Src/data_structures.o
                0x0000000020000400                gpio
 .bss.buttonEn1
                0x0000000020000402        0x1 ./Core/Src/data_structures.o
                0x0000000020000402                buttonEn1
 .bss.buttonEn2
                0x0000000020000403        0x1 ./Core/Src/data_structures.o
                0x0000000020000403                buttonEn2
 .bss.forward   0x0000000020000404        0x1 ./Core/Src/data_structures.o
                0x0000000020000404                forward
 .bss.backward  0x0000000020000405        0x1 ./Core/Src/data_structures.o
                0x0000000020000405                backward
 .bss.okay      0x0000000020000406        0x1 ./Core/Src/data_structures.o
                0x0000000020000406                okay
 .bss.tripreset
                0x0000000020000407        0x1 ./Core/Src/data_structures.o
                0x0000000020000407                tripreset
 .bss.longpress
                0x0000000020000408        0x1 ./Core/Src/data_structures.o
                0x0000000020000408                longpress
 .bss.mode      0x0000000020000409        0x1 ./Core/Src/data_structures.o
                0x0000000020000409                mode
 .bss.back      0x000000002000040a        0x1 ./Core/Src/data_structures.o
                0x000000002000040a                back
 .bss.inSettings
                0x000000002000040b        0x1 ./Core/Src/data_structures.o
                0x000000002000040b                inSettings
 .bss.inInfoBat
                0x000000002000040c        0x1 ./Core/Src/data_structures.o
                0x000000002000040c                inInfoBat
 *fill*         0x000000002000040d        0x3 
 .bss.strDATA   0x0000000020000410        0x8 ./Core/Src/data_structures.o
                0x0000000020000410                strDATA
 .bss.strDATA2  0x0000000020000418        0xa ./Core/Src/data_structures.o
                0x0000000020000418                strDATA2
 *fill*         0x0000000020000422        0x2 
 .bss.distance  0x0000000020000424       0x10 ./Core/Src/data_structures.o
                0x0000000020000424                distance
 .bss.afterChargeData
                0x0000000020000434        0x8 ./Core/Src/data_structures.o
                0x0000000020000434                afterChargeData
 .bss.appData   0x000000002000043c       0x10 ./Core/Src/data_structures.o
                0x000000002000043c                appData
 .bss.test_speed
                0x000000002000044c        0x2 ./Core/Src/data_structures.o
                0x000000002000044c                test_speed
 .bss.mode_count
                0x000000002000044e        0x2 ./Core/Src/data_structures.o
                0x000000002000044e                mode_count
 .bss.soc_value
                0x0000000020000450        0x1 ./Core/Src/data_structures.o
                0x0000000020000450                soc_value
 .bss.soh_value
                0x0000000020000451        0x1 ./Core/Src/data_structures.o
                0x0000000020000451                soh_value
 .bss.pack_voltage
                0x0000000020000452        0x2 ./Core/Src/data_structures.o
                0x0000000020000452                pack_voltage
 .bss.hcell_voltage
                0x0000000020000454        0x2 ./Core/Src/data_structures.o
                0x0000000020000454                hcell_voltage
 .bss.lcell_voltage
                0x0000000020000456        0x2 ./Core/Src/data_structures.o
                0x0000000020000456                lcell_voltage
 .bss.rpm_meter
                0x0000000020000458        0x2 ./Core/Src/data_structures.o
                0x0000000020000458                rpm_meter
 .bss.pack_temp
                0x000000002000045a        0x1 ./Core/Src/data_structures.o
                0x000000002000045a                pack_temp
 *fill*         0x000000002000045b        0x1 
 .bss.dc_current
                0x000000002000045c        0x2 ./Core/Src/data_structures.o
                0x000000002000045c                dc_current
 .bss.power     0x000000002000045e        0x2 ./Core/Src/data_structures.o
                0x000000002000045e                power
 .bss.currentstate
                0x0000000020000460        0x1 ./Core/Src/data_structures.o
                0x0000000020000460                currentstate
 .bss.previousState
                0x0000000020000461        0x1 ./Core/Src/data_structures.o
                0x0000000020000461                previousState
 .bss.accessory
                0x0000000020000462        0x1 ./Core/Src/data_structures.o
                0x0000000020000462                accessory
 .bss.readytodrive
                0x0000000020000463        0x1 ./Core/Src/data_structures.o
                0x0000000020000463                readytodrive
 .bss.start     0x0000000020000464        0x1 ./Core/Src/data_structures.o
                0x0000000020000464                start
 .bss.buzzer    0x0000000020000465        0x1 ./Core/Src/data_structures.o
                0x0000000020000465                buzzer
 .bss.trip_ack  0x0000000020000466        0x1 ./Core/Src/data_structures.o
                0x0000000020000466                trip_ack
 .bss.mode_override
                0x0000000020000467        0x1 ./Core/Src/data_structures.o
                0x0000000020000467                mode_override
 .bss.mode_evcu
                0x0000000020000468        0x1 ./Core/Src/data_structures.o
                0x0000000020000468                mode_evcu
 .bss.warning   0x0000000020000469        0x1 ./Core/Src/data_structures.o
                0x0000000020000469                warning
 .bss.shutdown  0x000000002000046a        0x1 ./Core/Src/data_structures.o
                0x000000002000046a                shutdown
 .bss.err_error
                0x000000002000046b        0x1 ./Core/Src/data_structures.o
                0x000000002000046b                err_error
 .bss.err_device
                0x000000002000046c        0x1 ./Core/Src/data_structures.o
                0x000000002000046c                err_device
 .bss.err_crit_mild
                0x000000002000046d        0x1 ./Core/Src/data_structures.o
                0x000000002000046d                err_crit_mild
 *fill*         0x000000002000046e        0x2 
 .bss.err_previous
                0x0000000020000470        0x4 ./Core/Src/data_structures.o
                0x0000000020000470                err_previous
 .bss.err_State_Navigation
                0x0000000020000474        0x1 ./Core/Src/data_structures.o
                0x0000000020000474                err_State_Navigation
 .bss.rtn       0x0000000020000475        0x1 ./Core/Src/data_structures.o
                0x0000000020000475                rtn
 .bss.currentPage
                0x0000000020000476        0x1 ./Core/Src/data_structures.o
                0x0000000020000476                currentPage
 .bss.previousPage
                0x0000000020000477        0x1 ./Core/Src/data_structures.o
                0x0000000020000477                previousPage
 .bss.currentStateSM
                0x0000000020000478        0x1 ./Core/Src/data_structures.o
                0x0000000020000478                currentStateSM
 .bss.previousStateSM
                0x0000000020000479        0x1 ./Core/Src/data_structures.o
                0x0000000020000479                previousStateSM
 .bss.currentSubMenu
                0x000000002000047a        0x1 ./Core/Src/data_structures.o
                0x000000002000047a                currentSubMenu
 .bss.previousSubMenuBack
                0x000000002000047b        0x1 ./Core/Src/data_structures.o
                0x000000002000047b                previousSubMenuBack
 .bss.previousSubMenuForward
                0x000000002000047c        0x1 ./Core/Src/data_structures.o
                0x000000002000047c                previousSubMenuForward
 .bss._menupage
                0x000000002000047d        0x1 ./Core/Src/data_structures.o
                0x000000002000047d                _menupage
 .bss.currentMode
                0x000000002000047e        0x1 ./Core/Src/data_structures.o
                0x000000002000047e                currentMode
 .bss.targetMode
                0x000000002000047f        0x1 ./Core/Src/data_structures.o
                0x000000002000047f                targetMode
 .bss.menuAccess
                0x0000000020000480        0x1 ./Core/Src/data_structures.o
                0x0000000020000480                menuAccess
 .bss.inVehicleMenu
                0x0000000020000481        0x1 ./Core/Src/data_structures.o
                0x0000000020000481                inVehicleMenu
 .bss.inSystemMenu
                0x0000000020000482        0x1 ./Core/Src/data_structures.o
                0x0000000020000482                inSystemMenu
 .bss.inTimeSettings
                0x0000000020000483        0x1 ./Core/Src/data_structures.o
                0x0000000020000483                inTimeSettings
 .bss.timerSetValueH
                0x0000000020000484        0x1 ./Core/Src/data_structures.o
                0x0000000020000484                timerSetValueH
 .bss.timerSetValueMin
                0x0000000020000485        0x1 ./Core/Src/data_structures.o
                0x0000000020000485                timerSetValueMin
 .bss.timeChanged
                0x0000000020000486        0x1 ./Core/Src/data_structures.o
                0x0000000020000486                timeChanged
 .bss.inBluetoothMenu
                0x0000000020000487        0x1 ./Core/Src/data_structures.o
                0x0000000020000487                inBluetoothMenu
 .bss.inErrorsMenu
                0x0000000020000488        0x1 ./Core/Src/data_structures.o
                0x0000000020000488                inErrorsMenu
 .bss.inTheMenu
                0x0000000020000489        0x1 ./Core/Src/data_structures.o
                0x0000000020000489                inTheMenu
 .bss.error_on  0x000000002000048a        0x1 ./Core/Src/data_structures.o
                0x000000002000048a                error_on
 .bss.milderror_on
                0x000000002000048b        0x1 ./Core/Src/data_structures.o
                0x000000002000048b                milderror_on
 .bss.service_on
                0x000000002000048c        0x1 ./Core/Src/data_structures.o
                0x000000002000048c                service_on
 .bss.bat_temp_high
                0x000000002000048d        0x1 ./Core/Src/data_structures.o
                0x000000002000048d                bat_temp_high
 .bss.aux_low_on
                0x000000002000048e        0x1 ./Core/Src/data_structures.o
                0x000000002000048e                aux_low_on
 .bss.errorRead
                0x000000002000048f        0x1 ./Core/Src/data_structures.o
                0x000000002000048f                errorRead
 .bss.error_check
                0x0000000020000490        0x1 ./Core/Src/data_structures.o
                0x0000000020000490                error_check
 .bss.modeChangeOK
                0x0000000020000491        0x1 ./Core/Src/data_structures.o
                0x0000000020000491                modeChangeOK
 .bss.modeIcon  0x0000000020000492        0x1 ./Core/Src/data_structures.o
                0x0000000020000492                modeIcon
 .bss.charge_error
                0x0000000020000493        0x1 ./Core/Src/data_structures.o
                0x0000000020000493                charge_error
 .bss.chargingcomp
                0x0000000020000494        0x1 ./Core/Src/data_structures.o
                0x0000000020000494                chargingcomp
 .bss.chargerconn
                0x0000000020000495        0x1 ./Core/Src/data_structures.o
                0x0000000020000495                chargerconn
 .bss.testFlag_2
                0x0000000020000496        0x1 ./Core/Src/data_structures.o
                0x0000000020000496                testFlag_2
 .bss._startingUp
                0x0000000020000497        0x1 ./Core/Src/data_structures.o
                0x0000000020000497                _startingUp
 .bss._navigation
                0x0000000020000498        0x1 ./Core/Src/data_structures.o
                0x0000000020000498                _navigation
 .bss._realTimeData
                0x0000000020000499        0x1 ./Core/Src/data_structures.o
                0x0000000020000499                _realTimeData
 .bss._setDriverPage
                0x000000002000049a        0x1 ./Core/Src/data_structures.o
                0x000000002000049a                _setDriverPage
 .bss._oneTimeData
                0x000000002000049b        0x1 ./Core/Src/data_structures.o
                0x000000002000049b                _oneTimeData
 .bss._modeSelection
                0x000000002000049c        0x1 ./Core/Src/data_structures.o
                0x000000002000049c                _modeSelection
 .bss._allowNavigation
                0x000000002000049d        0x1 ./Core/Src/data_structures.o
                0x000000002000049d                _allowNavigation
 .bss._errorSetPopup
                0x000000002000049e        0x1 ./Core/Src/data_structures.o
                0x000000002000049e                _errorSetPopup
 .bss._errorSetCode
                0x000000002000049f        0x1 ./Core/Src/data_structures.o
                0x000000002000049f                _errorSetCode
 .bss._errorSetIcon
                0x00000000200004a0        0x1 ./Core/Src/data_structures.o
                0x00000000200004a0                _errorSetIcon
 .bss._errorClear
                0x00000000200004a1        0x1 ./Core/Src/data_structures.o
                0x00000000200004a1                _errorClear
 .bss._charingState
                0x00000000200004a2        0x1 ./Core/Src/data_structures.o
                0x00000000200004a2                _charingState
 .bss._chargingUI
                0x00000000200004a3        0x1 ./Core/Src/data_structures.o
                0x00000000200004a3                _chargingUI
 .bss._chargeComplete
                0x00000000200004a4        0x1 ./Core/Src/data_structures.o
                0x00000000200004a4                _chargeComplete
 .bss._modeChanged
                0x00000000200004a5        0x1 ./Core/Src/data_structures.o
                0x00000000200004a5                _modeChanged
 .bss._gearCleared
                0x00000000200004a6        0x1 ./Core/Src/data_structures.o
                0x00000000200004a6                _gearCleared
 .bss._gearChanged
                0x00000000200004a7        0x1 ./Core/Src/data_structures.o
                0x00000000200004a7                _gearChanged
 .bss._menuChanged
                0x00000000200004a8        0x1 ./Core/Src/data_structures.o
                0x00000000200004a8                _menuChanged
 .bss.menuCounter
                0x00000000200004a9        0x1 ./Core/Src/data_structures.o
                0x00000000200004a9                menuCounter
 .bss.subMenuCounter
                0x00000000200004aa        0x1 ./Core/Src/data_structures.o
                0x00000000200004aa                subMenuCounter
 .bss._testPage
                0x00000000200004ab        0x1 ./Core/Src/data_structures.o
                0x00000000200004ab                _testPage
 .bss._setPoup  0x00000000200004ac        0x1 ./Core/Src/data_structures.o
                0x00000000200004ac                _setPoup
 .bss.realTime_counter
                0x00000000200004ad        0x1 ./Core/Src/data_structures.o
                0x00000000200004ad                realTime_counter
 .bss.oneTime_counter
                0x00000000200004ae        0x1 ./Core/Src/data_structures.o
                0x00000000200004ae                oneTime_counter
 .bss._transmit_Function
                0x00000000200004af        0x1 ./Core/Src/data_structures.o
                0x00000000200004af                _transmit_Function
 .bss.popUpCounter
                0x00000000200004b0        0x1 ./Core/Src/data_structures.o
                0x00000000200004b0                popUpCounter
 .bss.popUpNumber
                0x00000000200004b1        0x1 ./Core/Src/data_structures.o
                0x00000000200004b1                popUpNumber
 .bss._fireModeEnable
                0x00000000200004b2        0x1 ./Core/Src/data_structures.o
                0x00000000200004b2                _fireModeEnable
 .bss._drivePageSet
                0x00000000200004b3        0x1 ./Core/Src/data_structures.o
                0x00000000200004b3                _drivePageSet
 .bss._trasmitGlobal
                0x00000000200004b4        0x1 ./Core/Src/data_structures.o
                0x00000000200004b4                _trasmitGlobal
 .bss.buttonCounterLongPress
                0x00000000200004b5        0x1 ./Core/Src/gpio.o
                0x00000000200004b5                buttonCounterLongPress
 .bss.buttonCounterForward
                0x00000000200004b6        0x1 ./Core/Src/gpio.o
                0x00000000200004b6                buttonCounterForward
 .bss.buttonCounterBackward
                0x00000000200004b7        0x1 ./Core/Src/gpio.o
                0x00000000200004b7                buttonCounterBackward
 .bss.buttonCounterBack
                0x00000000200004b8        0x1 ./Core/Src/gpio.o
                0x00000000200004b8                buttonCounterBack
 .bss.buttonCounterOkay
                0x00000000200004b9        0x1 ./Core/Src/gpio.o
                0x00000000200004b9                buttonCounterOkay
 .bss.buttonCounterMode
                0x00000000200004ba        0x1 ./Core/Src/gpio.o
                0x00000000200004ba                buttonCounterMode
 *fill*         0x00000000200004bb        0x1 
 .bss.txHeader  0x00000000200004bc       0x18 ./Core/Src/main.o
                0x00000000200004bc                txHeader
 .bss.rxHeader  0x00000000200004d4       0x1c ./Core/Src/main.o
                0x00000000200004d4                rxHeader
 .bss.TxHeader2
                0x00000000200004f0       0x18 ./Core/Src/main.o
                0x00000000200004f0                TxHeader2
 .bss.RxHeader2
                0x0000000020000508       0x1c ./Core/Src/main.o
                0x0000000020000508                RxHeader2
 .bss.canMailbox
                0x0000000020000524        0x4 ./Core/Src/main.o
                0x0000000020000524                canMailbox
 .bss.canRX     0x0000000020000528        0x8 ./Core/Src/main.o
                0x0000000020000528                canRX
 .bss.canTX     0x0000000020000530        0x8 ./Core/Src/main.o
                0x0000000020000530                canTX
 .bss.RxData2   0x0000000020000538        0x8 ./Core/Src/main.o
                0x0000000020000538                RxData2
 .bss.counter   0x0000000020000540        0x1 ./Core/Src/main.o
                0x0000000020000540                counter
 .bss.counter2  0x0000000020000541        0x1 ./Core/Src/main.o
                0x0000000020000541                counter2
 .bss.can_Counter
                0x0000000020000542        0x1 ./Core/Src/main.o
                0x0000000020000542                can_Counter
 .bss.timCounter
                0x0000000020000543        0x1 ./Core/Src/main.o
                0x0000000020000543                timCounter
 .bss.gpioSetFlag
                0x0000000020000544        0x1 ./Core/Src/main.o
                0x0000000020000544                gpioSetFlag
 .bss.dataCounter
                0x0000000020000545        0x1 ./Core/Src/state_machine.o
                0x0000000020000545                dataCounter
 *fill*         0x0000000020000546        0x2 
 .bss.htim2     0x0000000020000548       0x48 ./Core/Src/tim.o
                0x0000000020000548                htim2
 .bss.timeout   0x0000000020000590       0x10 ./Core/Src/timer.o
                0x0000000020000590                timeout
 .bss.drivePageTransmit
                0x00000000200005a0        0x1 ./Core/Src/transmit.o
                0x00000000200005a0                drivePageTransmit
 .bss.powerBarTransmit
                0x00000000200005a1        0x1 ./Core/Src/transmit.o
                0x00000000200005a1                powerBarTransmit
 *fill*         0x00000000200005a2        0x2 
 .bss.huart3    0x00000000200005a4       0x44 ./Core/Src/usart.o
                0x00000000200005a4                huart3
 .bss.hdma_usart3_tx
                0x00000000200005e8       0x44 ./Core/Src/usart.o
                0x00000000200005e8                hdma_usart3_tx
 .bss.uwTick    0x000000002000062c        0x4 ./Drivers/STM32F1xx_HAL_Driver/Src/stm32f1xx_hal.o
                0x000000002000062c                uwTick
 *(COMMON)
                0x0000000020000630                . = ALIGN (0x4)
                0x0000000020000630                _ebss = .
                0x0000000020000630                __bss_end__ = _ebss

._user_heap_stack
                0x0000000020000630      0x600 load address 0x0000000008008bc8
                0x0000000020000630                . = ALIGN (0x8)
                [!provide]                        PROVIDE (end = .)
                0x0000000020000630                PROVIDE (_end = .)
                0x0000000020000830                . = (. + _Min_Heap_Size)
 *fill*         0x0000000020000630      0x200 
                0x0000000020000c30                . = (. + _Min_Stack_Size)
 *fill*         0x0000000020000830      0x400 
                0x0000000020000c30                . = ALIGN (0x8)

/DISCARD/
 libc.a(*)
 libm.a(*)
 libgcc.a(*)

.ARM.attributes
                0x0000000000000000       0x29
 *(.ARM.attributes)
 .ARM.attributes
                0x0000000000000000       0x1d c:/st/stm32cubeide_1.10.1/stm32cubeide/plugins/com.st.stm32cube.ide.mcu.externaltools.gnu-tools-for-stm32.10.3-2021.10.win32_1.0.0.202111181127/tools/bin/../lib/gcc/arm-none-eabi/10.3.1/thumb/v7-m/nofp/crti.o
 .ARM.attributes
                0x000000000000001d       0x2d c:/st/stm32cubeide_1.10.1/stm32cubeide/plugins/com.st.stm32cube.ide.mcu.externaltools.gnu-tools-for-stm32.10.3-2021.10.win32_1.0.0.202111181127/tools/bin/../lib/gcc/arm-none-eabi/10.3.1/thumb/v7-m/nofp/crtbegin.o
 .ARM.attributes
                0x000000000000004a       0x2d ./Core/Src/can.o
 .ARM.attributes
                0x0000000000000077       0x2d ./Core/Src/can_matrix.o
 .ARM.attributes
                0x00000000000000a4       0x2d ./Core/Src/data_structures.o
 .ARM.attributes
                0x00000000000000d1       0x2d ./Core/Src/dma.o
 .ARM.attributes
                0x00000000000000fe       0x2d ./Core/Src/errLogging.o
 .ARM.attributes
                0x000000000000012b       0x2d ./Core/Src/gpio.o
 .ARM.attributes
                0x0000000000000158       0x2d ./Core/Src/main.o
 .ARM.attributes
                0x0000000000000185       0x2d ./Core/Src/menu.o
 .ARM.attributes
                0x00000000000001b2       0x2d ./Core/Src/state_machine.o
 .ARM.attributes
                0x00000000000001df       0x2d ./Core/Src/stm32f1xx_hal_msp.o
 .ARM.attributes
                0x000000000000020c       0x2d ./Core/Src/stm32f1xx_it.o
 .ARM.attributes
                0x0000000000000239       0x2d ./Core/Src/system_stm32f1xx.o
 .ARM.attributes
                0x0000000000000266       0x2d ./Core/Src/tim.o
 .ARM.attributes
                0x0000000000000293       0x2d ./Core/Src/timer.o
 .ARM.attributes
                0x00000000000002c0       0x2d ./Core/Src/transmit.o
 .ARM.attributes
                0x00000000000002ed       0x2d ./Core/Src/usart.o
 .ARM.attributes
                0x000000000000031a       0x2d ./Core/Src/vehicleControl.o
 .ARM.attributes
                0x0000000000000347       0x21 ./Core/Startup/startup_stm32f105rbtx.o
 .ARM.attributes
                0x0000000000000368       0x2d ./Drivers/STM32F1xx_HAL_Driver/Src/stm32f1xx_hal.o
 .ARM.attributes
                0x0000000000000395       0x2d ./Drivers/STM32F1xx_HAL_Driver/Src/stm32f1xx_hal_can.o
 .ARM.attributes
                0x00000000000003c2       0x2d ./Drivers/STM32F1xx_HAL_Driver/Src/stm32f1xx_hal_cortex.o
 .ARM.attributes
                0x00000000000003ef       0x2d ./Drivers/STM32F1xx_HAL_Driver/Src/stm32f1xx_hal_dma.o
 .ARM.attributes
                0x000000000000041c       0x2d ./Drivers/STM32F1xx_HAL_Driver/Src/stm32f1xx_hal_gpio.o
 .ARM.attributes
                0x0000000000000449       0x2d ./Drivers/STM32F1xx_HAL_Driver/Src/stm32f1xx_hal_rcc.o
 .ARM.attributes
                0x0000000000000476       0x2d ./Drivers/STM32F1xx_HAL_Driver/Src/stm32f1xx_hal_tim.o
 .ARM.attributes
                0x00000000000004a3       0x2d ./Drivers/STM32F1xx_HAL_Driver/Src/stm32f1xx_hal_tim_ex.o
 .ARM.attributes
                0x00000000000004d0       0x2d ./Drivers/STM32F1xx_HAL_Driver/Src/stm32f1xx_hal_uart.o
 .ARM.attributes
                0x00000000000004fd       0x2d c:/st/stm32cubeide_1.10.1/stm32cubeide/plugins/com.st.stm32cube.ide.mcu.externaltools.gnu-tools-for-stm32.10.3-2021.10.win32_1.0.0.202111181127/tools/bin/../lib/gcc/arm-none-eabi/10.3.1/../../../../arm-none-eabi/lib/thumb/v7-m/nofp\libc_nano.a(lib_a-init.o)
 .ARM.attributes
                0x000000000000052a       0x2d c:/st/stm32cubeide_1.10.1/stm32cubeide/plugins/com.st.stm32cube.ide.mcu.externaltools.gnu-tools-for-stm32.10.3-2021.10.win32_1.0.0.202111181127/tools/bin/../lib/gcc/arm-none-eabi/10.3.1/../../../../arm-none-eabi/lib/thumb/v7-m/nofp\libc_nano.a(lib_a-memset.o)
 .ARM.attributes
                0x0000000000000557       0x1d c:/st/stm32cubeide_1.10.1/stm32cubeide/plugins/com.st.stm32cube.ide.mcu.externaltools.gnu-tools-for-stm32.10.3-2021.10.win32_1.0.0.202111181127/tools/bin/../lib/gcc/arm-none-eabi/10.3.1/thumb/v7-m/nofp\libgcc.a(_aeabi_uldivmod.o)
 .ARM.attributes
                0x0000000000000574       0x2d c:/st/stm32cubeide_1.10.1/stm32cubeide/plugins/com.st.stm32cube.ide.mcu.externaltools.gnu-tools-for-stm32.10.3-2021.10.win32_1.0.0.202111181127/tools/bin/../lib/gcc/arm-none-eabi/10.3.1/thumb/v7-m/nofp\libgcc.a(_udivmoddi4.o)
 .ARM.attributes
                0x00000000000005a1       0x1d c:/st/stm32cubeide_1.10.1/stm32cubeide/plugins/com.st.stm32cube.ide.mcu.externaltools.gnu-tools-for-stm32.10.3-2021.10.win32_1.0.0.202111181127/tools/bin/../lib/gcc/arm-none-eabi/10.3.1/thumb/v7-m/nofp\libgcc.a(_dvmd_tls.o)
 .ARM.attributes
                0x00000000000005be       0x1d c:/st/stm32cubeide_1.10.1/stm32cubeide/plugins/com.st.stm32cube.ide.mcu.externaltools.gnu-tools-for-stm32.10.3-2021.10.win32_1.0.0.202111181127/tools/bin/../lib/gcc/arm-none-eabi/10.3.1/thumb/v7-m/nofp/crtn.o
OUTPUT(Vega_ETX_Display_Firmware_V2.elf elf32-littlearm)
LOAD linker stubs
LOAD c:/st/stm32cubeide_1.10.1/stm32cubeide/plugins/com.st.stm32cube.ide.mcu.externaltools.gnu-tools-for-stm32.10.3-2021.10.win32_1.0.0.202111181127/tools/bin/../lib/gcc/arm-none-eabi/10.3.1/../../../../arm-none-eabi/lib/thumb/v7-m/nofp\libc.a
LOAD c:/st/stm32cubeide_1.10.1/stm32cubeide/plugins/com.st.stm32cube.ide.mcu.externaltools.gnu-tools-for-stm32.10.3-2021.10.win32_1.0.0.202111181127/tools/bin/../lib/gcc/arm-none-eabi/10.3.1/../../../../arm-none-eabi/lib/thumb/v7-m/nofp\libm.a
LOAD c:/st/stm32cubeide_1.10.1/stm32cubeide/plugins/com.st.stm32cube.ide.mcu.externaltools.gnu-tools-for-stm32.10.3-2021.10.win32_1.0.0.202111181127/tools/bin/../lib/gcc/arm-none-eabi/10.3.1/thumb/v7-m/nofp\libgcc.a

.debug_info     0x0000000000000000    0x12e3e
 .debug_info    0x0000000000000000      0xa3b ./Core/Src/can.o
 .debug_info    0x0000000000000a3b      0xafe ./Core/Src/can_matrix.o
 .debug_info    0x0000000000001539     0x1617 ./Core/Src/data_structures.o
 .debug_info    0x0000000000002b50      0x370 ./Core/Src/dma.o
 .debug_info    0x0000000000002ec0      0x11c ./Core/Src/errLogging.o
 .debug_info    0x0000000000002fdc      0x755 ./Core/Src/gpio.o
 .debug_info    0x0000000000003731     0x158f ./Core/Src/main.o
 .debug_info    0x0000000000004cc0      0x49f ./Core/Src/menu.o
 .debug_info    0x000000000000515f      0x4c8 ./Core/Src/state_machine.o
 .debug_info    0x0000000000005627      0x23a ./Core/Src/stm32f1xx_hal_msp.o
 .debug_info    0x0000000000005861      0xe39 ./Core/Src/stm32f1xx_it.o
 .debug_info    0x000000000000669a      0x27a ./Core/Src/system_stm32f1xx.o
 .debug_info    0x0000000000006914      0xa90 ./Core/Src/tim.o
 .debug_info    0x00000000000073a4      0x1da ./Core/Src/timer.o
 .debug_info    0x000000000000757e     0x1e4b ./Core/Src/transmit.o
 .debug_info    0x00000000000093c9      0xa54 ./Core/Src/usart.o
 .debug_info    0x0000000000009e1d      0x1b0 ./Core/Src/vehicleControl.o
 .debug_info    0x0000000000009fcd       0x22 ./Core/Startup/startup_stm32f105rbtx.o
 .debug_info    0x0000000000009fef      0x7b0 ./Drivers/STM32F1xx_HAL_Driver/Src/stm32f1xx_hal.o
 .debug_info    0x000000000000a79f      0xfd7 ./Drivers/STM32F1xx_HAL_Driver/Src/stm32f1xx_hal_can.o
 .debug_info    0x000000000000b776      0xb80 ./Drivers/STM32F1xx_HAL_Driver/Src/stm32f1xx_hal_cortex.o
 .debug_info    0x000000000000c2f6      0x73f ./Drivers/STM32F1xx_HAL_Driver/Src/stm32f1xx_hal_dma.o
 .debug_info    0x000000000000ca35      0x631 ./Drivers/STM32F1xx_HAL_Driver/Src/stm32f1xx_hal_gpio.o
 .debug_info    0x000000000000d066      0x90f ./Drivers/STM32F1xx_HAL_Driver/Src/stm32f1xx_hal_rcc.o
 .debug_info    0x000000000000d975     0x29de ./Drivers/STM32F1xx_HAL_Driver/Src/stm32f1xx_hal_tim.o