09:02:28 **** Incremental Build of configuration Debug for project Vega_ETX_Display_Firmware_V2 ****
make -j8 all 
arm-none-eabi-gcc "../Core/Src/transmit.c" -mcpu=cortex-m3 -std=gnu11 -g3 -DDEBUG -DUSE_HAL_DRIVER -DSTM32F105xC -c -I../Core/Inc -I../Drivers/STM32F1xx_HAL_Driver/Inc/Legacy -I../Drivers/STM32F1xx_HAL_Driver/Inc -I../Drivers/CMSIS/Device/ST/STM32F1xx/Include -I../Drivers/CMSIS/Include -O0 -ffunction-sections -fdata-sections -Wall -fstack-usage -MMD -MP -MF"Core/Src/transmit.d" -MT"Core/Src/transmit.o" --specs=nano.specs -mfloat-abi=soft -mthumb -o "Core/Src/transmit.o"
arm-none-eabi-gcc -o "Vega_ETX_Display_Firmware_V2.elf" @"objects.list"   -mcpu=cortex-m3 -T"D:\Internship\Vega\Projects\Project 1 - Three wheeler CAN bus Communication to meter panel\Display Workspaces\Vega_ETX_Display_Firmware_V2\Vega_ETX_Display_Firmware_V2\STM32F105RBTX_FLASH.ld" --specs=nosys.specs -Wl,-Map="Vega_ETX_Display_Firmware_V2.map" -Wl,--gc-sections -static --specs=nano.specs -mfloat-abi=soft -mthumb -Wl,--start-group -lc -lm -Wl,--end-group
Finished building target: Vega_ETX_Display_Firmware_V2.elf
 
arm-none-eabi-size   Vega_ETX_Display_Firmware_V2.elf 
arm-none-eabi-objdump -h -S  Vega_ETX_Display_Firmware_V2.elf  > "Vega_ETX_Display_Firmware_V2.list"
   text	   data	    bss	    dec	    hex	filename
  33896	    828	   2172	  36896	   9020	Vega_ETX_Display_Firmware_V2.elf
Finished building: default.size.stdout
 
Finished building: Vega_ETX_Display_Firmware_V2.list
 
09:21:30 **** Incremental Build of configuration Debug for project Vega_ETX_Display_Firmware_V2 ****
make -j8 all 
arm-none-eabi-size   Vega_ETX_Display_Firmware_V2.elf 
   text	   data	    bss	    dec	    hex	filename
  33896	    828	   2172	  36896	   9020	Vega_ETX_Display_Firmware_V2.elf
Finished building: default.size.stdout
 
09:24:29 **** Incremental Build of configuration Debug for project Vega_ETX_Display_Firmware_V2 ****
make -j8 all 
arm-none-eabi-gcc "../Core/Src/can.c" -mcpu=cortex-m3 -std=gnu11 -g3 -DDEBUG -DUSE_HAL_DRIVER -DSTM32F105xC -c -I../Core/Inc -I../Drivers/STM32F1xx_HAL_Driver/Inc/Legacy -I../Drivers/STM32F1xx_HAL_Driver/Inc -I../Drivers/CMSIS/Device/ST/STM32F1xx/Include -I../Drivers/CMSIS/Include -O0 -ffunction-sections -fdata-sections -Wall -fstack-usage -MMD -MP -MF"Core/Src/can.d" -MT"Core/Src/can.o" --specs=nano.specs -mfloat-abi=soft -mthumb -o "Core/Src/can.o"
arm-none-eabi-gcc "../Core/Src/can_matrix.c" -mcpu=cortex-m3 -std=gnu11 -g3 -DDEBUG -DUSE_HAL_DRIVER -DSTM32F105xC -c -I../Core/Inc -I../Drivers/STM32F1xx_HAL_Driver/Inc/Legacy -I../Drivers/STM32F1xx_HAL_Driver/Inc -I../Drivers/CMSIS/Device/ST/STM32F1xx/Include -I../Drivers/CMSIS/Include -O0 -ffunction-sections -fdata-sections -Wall -fstack-usage -MMD -MP -MF"Core/Src/can_matrix.d" -MT"Core/Src/can_matrix.o" --specs=nano.specs -mfloat-abi=soft -mthumb -o "Core/Src/can_matrix.o"
arm-none-eabi-gcc "../Core/Src/data_structures.c" -mcpu=cortex-m3 -std=gnu11 -g3 -DDEBUG -DUSE_HAL_DRIVER -DSTM32F105xC -c -I../Core/Inc -I../Drivers/STM32F1xx_HAL_Driver/Inc/Legacy -I../Drivers/STM32F1xx_HAL_Driver/Inc -I../Drivers/CMSIS/Device/ST/STM32F1xx/Include -I../Drivers/CMSIS/Include -O0 -ffunction-sections -fdata-sections -Wall -fstack-usage -MMD -MP -MF"Core/Src/data_structures.d" -MT"Core/Src/data_structures.o" --specs=nano.specs -mfloat-abi=soft -mthumb -o "Core/Src/data_structures.o"
arm-none-eabi-gcc "../Core/Src/dma.c" -mcpu=cortex-m3 -std=gnu11 -g3 -DDEBUG -DUSE_HAL_DRIVER -DSTM32F105xC -c -I../Core/Inc -I../Drivers/STM32F1xx_HAL_Driver/Inc/Legacy -I../Drivers/STM32F1xx_HAL_Driver/Inc -I../Drivers/CMSIS/Device/ST/STM32F1xx/Include -I../Drivers/CMSIS/Include -O0 -ffunction-sections -fdata-sections -Wall -fstack-usage -MMD -MP -MF"Core/Src/dma.d" -MT"Core/Src/dma.o" --specs=nano.specs -mfloat-abi=soft -mthumb -o "Core/Src/dma.o"
arm-none-eabi-gcc "../Core/Src/errLogging.c" -mcpu=cortex-m3 -std=gnu11 -g3 -DDEBUG -DUSE_HAL_DRIVER -DSTM32F105xC -c -I../Core/Inc -I../Drivers/STM32F1xx_HAL_Driver/Inc/Legacy -I../Drivers/STM32F1xx_HAL_Driver/Inc -I../Drivers/CMSIS/Device/ST/STM32F1xx/Include -I../Drivers/CMSIS/Include -O0 -ffunction-sections -fdata-sections -Wall -fstack-usage -MMD -MP -MF"Core/Src/errLogging.d" -MT"Core/Src/errLogging.o" --specs=nano.specs -mfloat-abi=soft -mthumb -o "Core/Src/errLogging.o"
arm-none-eabi-gcc "../Core/Src/gpio.c" -mcpu=cortex-m3 -std=gnu11 -g3 -DDEBUG -DUSE_HAL_DRIVER -DSTM32F105xC -c -I../Core/Inc -I../Drivers/STM32F1xx_HAL_Driver/Inc/Legacy -I../Drivers/STM32F1xx_HAL_Driver/Inc -I../Drivers/CMSIS/Device/ST/STM32F1xx/Include -I../Drivers/CMSIS/Include -O0 -ffunction-sections -fdata-sections -Wall -fstack-usage -MMD -MP -MF"Core/Src/gpio.d" -MT"Core/Src/gpio.o" --specs=nano.specs -mfloat-abi=soft -mthumb -o "Core/Src/gpio.o"
arm-none-eabi-gcc "../Core/Src/main.c" -mcpu=cortex-m3 -std=gnu11 -g3 -DDEBUG -DUSE_HAL_DRIVER -DSTM32F105xC -c -I../Core/Inc -I../Drivers/STM32F1xx_HAL_Driver/Inc/Legacy -I../Drivers/STM32F1xx_HAL_Driver/Inc -I../Drivers/CMSIS/Device/ST/STM32F1xx/Include -I../Drivers/CMSIS/Include -O0 -ffunction-sections -fdata-sections -Wall -fstack-usage -MMD -MP -MF"Core/Src/main.d" -MT"Core/Src/main.o" --specs=nano.specs -mfloat-abi=soft -mthumb -o "Core/Src/main.o"
arm-none-eabi-gcc "../Core/Src/menu.c" -mcpu=cortex-m3 -std=gnu11 -g3 -DDEBUG -DUSE_HAL_DRIVER -DSTM32F105xC -c -I../Core/Inc -I../Drivers/STM32F1xx_HAL_Driver/Inc/Legacy -I../Drivers/STM32F1xx_HAL_Driver/Inc -I../Drivers/CMSIS/Device/ST/STM32F1xx/Include -I../Drivers/CMSIS/Include -O0 -ffunction-sections -fdata-sections -Wall -fstack-usage -MMD -MP -MF"Core/Src/menu.d" -MT"Core/Src/menu.o" --specs=nano.specs -mfloat-abi=soft -mthumb -o "Core/Src/menu.o"
arm-none-eabi-gcc "../Core/Src/state_machine.c" -mcpu=cortex-m3 -std=gnu11 -g3 -DDEBUG -DUSE_HAL_DRIVER -DSTM32F105xC -c -I../Core/Inc -I../Drivers/STM32F1xx_HAL_Driver/Inc/Legacy -I../Drivers/STM32F1xx_HAL_Driver/Inc -I../Drivers/CMSIS/Device/ST/STM32F1xx/Include -I../Drivers/CMSIS/Include -O0 -ffunction-sections -fdata-sections -Wall -fstack-usage -MMD -MP -MF"Core/Src/state_machine.d" -MT"Core/Src/state_machine.o" --specs=nano.specs -mfloat-abi=soft -mthumb -o "Core/Src/state_machine.o"
arm-none-eabi-gcc "../Core/Src/stm32f1xx_hal_msp.c" -mcpu=cortex-m3 -std=gnu11 -g3 -DDEBUG -DUSE_HAL_DRIVER -DSTM32F105xC -c -I../Core/Inc -I../Drivers/STM32F1xx_HAL_Driver/Inc/Legacy -I../Drivers/STM32F1xx_HAL_Driver/Inc -I../Drivers/CMSIS/Device/ST/STM32F1xx/Include -I../Drivers/CMSIS/Include -O0 -ffunction-sections -fdata-sections -Wall -fstack-usage -MMD -MP -MF"Core/Src/stm32f1xx_hal_msp.d" -MT"Core/Src/stm32f1xx_hal_msp.o" --specs=nano.specs -mfloat-abi=soft -mthumb -o "Core/Src/stm32f1xx_hal_msp.o"
arm-none-eabi-gcc "../Core/Src/stm32f1xx_it.c" -mcpu=cortex-m3 -std=gnu11 -g3 -DDEBUG -DUSE_HAL_DRIVER -DSTM32F105xC -c -I../Core/Inc -I../Drivers/STM32F1xx_HAL_Driver/Inc/Legacy -I../Drivers/STM32F1xx_HAL_Driver/Inc -I../Drivers/CMSIS/Device/ST/STM32F1xx/Include -I../Drivers/CMSIS/Include -O0 -ffunction-sections -fdata-sections -Wall -fstack-usage -MMD -MP -MF"Core/Src/stm32f1xx_it.d" -MT"Core/Src/stm32f1xx_it.o" --specs=nano.specs -mfloat-abi=soft -mthumb -o "Core/Src/stm32f1xx_it.o"
arm-none-eabi-gcc "../Core/Src/test_functions.c" -mcpu=cortex-m3 -std=gnu11 -g3 -DDEBUG -DUSE_HAL_DRIVER -DSTM32F105xC -c -I../Core/Inc -I../Drivers/STM32F1xx_HAL_Driver/Inc/Legacy -I../Drivers/STM32F1xx_HAL_Driver/Inc -I../Drivers/CMSIS/Device/ST/STM32F1xx/Include -I../Drivers/CMSIS/Include -O0 -ffunction-sections -fdata-sections -Wall -fstack-usage -MMD -MP -MF"Core/Src/test_functions.d" -MT"Core/Src/test_functions.o" --specs=nano.specs -mfloat-abi=soft -mthumb -o "Core/Src/test_functions.o"
arm-none-eabi-gcc "../Core/Src/tim.c" -mcpu=cortex-m3 -std=gnu11 -g3 -DDEBUG -DUSE_HAL_DRIVER -DSTM32F105xC -c -I../Core/Inc -I../Drivers/STM32F1xx_HAL_Driver/Inc/Legacy -I../Drivers/STM32F1xx_HAL_Driver/Inc -I../Drivers/CMSIS/Device/ST/STM32F1xx/Include -I../Drivers/CMSIS/Include -O0 -ffunction-sections -fdata-sections -Wall -fstack-usage -MMD -MP -MF"Core/Src/tim.d" -MT"Core/Src/tim.o" --specs=nano.specs -mfloat-abi=soft -mthumb -o "Core/Src/tim.o"
arm-none-eabi-gcc "../Core/Src/timer.c" -mcpu=cortex-m3 -std=gnu11 -g3 -DDEBUG -DUSE_HAL_DRIVER -DSTM32F105xC -c -I../Core/Inc -I../Drivers/STM32F1xx_HAL_Driver/Inc/Legacy -I../Drivers/STM32F1xx_HAL_Driver/Inc -I../Drivers/CMSIS/Device/ST/STM32F1xx/Include -I../Drivers/CMSIS/Include -O0 -ffunction-sections -fdata-sections -Wall -fstack-usage -MMD -MP -MF"Core/Src/timer.d" -MT"Core/Src/timer.o" --specs=nano.specs -mfloat-abi=soft -mthumb -o "Core/Src/timer.o"
arm-none-eabi-gcc "../Core/Src/transmit.c" -mcpu=cortex-m3 -std=gnu11 -g3 -DDEBUG -DUSE_HAL_DRIVER -DSTM32F105xC -c -I../Core/Inc -I../Drivers/STM32F1xx_HAL_Driver/Inc/Legacy -I../Drivers/STM32F1xx_HAL_Driver/Inc -I../Drivers/CMSIS/Device/ST/STM32F1xx/Include -I../Drivers/CMSIS/Include -O0 -ffunction-sections -fdata-sections -Wall -fstack-usage -MMD -MP -MF"Core/Src/transmit.d" -MT"Core/Src/transmit.o" --specs=nano.specs -mfloat-abi=soft -mthumb -o "Core/Src/transmit.o"
arm-none-eabi-gcc "../Core/Src/usart.c" -mcpu=cortex-m3 -std=gnu11 -g3 -DDEBUG -DUSE_HAL_DRIVER -DSTM32F105xC -c -I../Core/Inc -I../Drivers/STM32F1xx_HAL_Driver/Inc/Legacy -I../Drivers/STM32F1xx_HAL_Driver/Inc -I../Drivers/CMSIS/Device/ST/STM32F1xx/Include -I../Drivers/CMSIS/Include -O0 -ffunction-sections -fdata-sections -Wall -fstack-usage -MMD -MP -MF"Core/Src/usart.d" -MT"Core/Src/usart.o" --specs=nano.specs -mfloat-abi=soft -mthumb -o "Core/Src/usart.o"
arm-none-eabi-gcc "../Core/Src/vehicleControl.c" -mcpu=cortex-m3 -std=gnu11 -g3 -DDEBUG -DUSE_HAL_DRIVER -DSTM32F105xC -c -I../Core/Inc -I../Drivers/STM32F1xx_HAL_Driver/Inc/Legacy -I../Drivers/STM32F1xx_HAL_Driver/Inc -I../Drivers/CMSIS/Device/ST/STM32F1xx/Include -I../Drivers/CMSIS/Include -O0 -ffunction-sections -fdata-sections -Wall -fstack-usage -MMD -MP -MF"Core/Src/vehicleControl.d" -MT"Core/Src/vehicleControl.o" --specs=nano.specs -mfloat-abi=soft -mthumb -o "Core/Src/vehicleControl.o"
arm-none-eabi-gcc -o "Vega_ETX_Display_Firmware_V2.elf" @"objects.list"   -mcpu=cortex-m3 -T"D:\Internship\Vega\Projects\Project 1 - Three wheeler CAN bus Communication to meter panel\Display Workspaces\Vega_ETX_Display_Firmware_V2\Vega_ETX_Display_Firmware_V2\STM32F105RBTX_FLASH.ld" --specs=nosys.specs -Wl,-Map="Vega_ETX_Display_Firmware_V2.map" -Wl,--gc-sections -static --specs=nano.specs -mfloat-abi=soft -mthumb -Wl,--start-group -lc -lm -Wl,--end-group
Finished building target: Vega_ETX_Display_Firmware_V2.elf
 
arm-none-eabi-size   Vega_ETX_Display_Firmware_V2.elf 
arm-none-eabi-objdump -h -S  Vega_ETX_Display_Firmware_V2.elf  > "Vega_ETX_Display_Firmware_V2.list"
   text	   data	    bss	    dec	    hex	filename
  33904	    828	   2172	  36904	   9028	Vega_ETX_Display_Firmware_V2.elf
Finished building: default.size.stdout
 
Finished building: Vega_ETX_Display_Firmware_V2.list
 
09:25:53 **** Incremental Build of configuration Debug for project Vega_ETX_Display_Firmware_V2 ****
make -j8 all 
arm-none-eabi-gcc "../Core/Src/can_matrix.c" -mcpu=cortex-m3 -std=gnu11 -g3 -DDEBUG -DUSE_HAL_DRIVER -DSTM32F105xC -c -I../Core/Inc -I../Drivers/STM32F1xx_HAL_Driver/Inc/Legacy -I../Drivers/STM32F1xx_HAL_Driver/Inc -I../Drivers/CMSIS/Device/ST/STM32F1xx/Include -I../Drivers/CMSIS/Include -O0 -ffunction-sections -fdata-sections -Wall -fstack-usage -MMD -MP -MF"Core/Src/can_matrix.d" -MT"Core/Src/can_matrix.o" --specs=nano.specs -mfloat-abi=soft -mthumb -o "Core/Src/can_matrix.o"
arm-none-eabi-gcc -o "Vega_ETX_Display_Firmware_V2.elf" @"objects.list"   -mcpu=cortex-m3 -T"D:\Internship\Vega\Projects\Project 1 - Three wheeler CAN bus Communication to meter panel\Display Workspaces\Vega_ETX_Display_Firmware_V2\Vega_ETX_Display_Firmware_V2\STM32F105RBTX_FLASH.ld" --specs=nosys.specs -Wl,-Map="Vega_ETX_Display_Firmware_V2.map" -Wl,--gc-sections -static --specs=nano.specs -mfloat-abi=soft -mthumb -Wl,--start-group -lc -lm -Wl,--end-group
Finished building target: Vega_ETX_Display_Firmware_V2.elf
 
arm-none-eabi-size   Vega_ETX_Display_Firmware_V2.elf 
arm-none-eabi-objdump -h -S  Vega_ETX_Display_Firmware_V2.elf  > "Vega_ETX_Display_Firmware_V2.list"
   text	   data	    bss	    dec	    hex	filename
  33916	    828	   2172	  36916	   9034	Vega_ETX_Display_Firmware_V2.elf
Finished building: default.size.stdout
 
Finished building: Vega_ETX_Display_Firmware_V2.list
 
09:26:31 **** Incremental Build of configuration Debug for project Vega_ETX_Display_Firmware_V2 ****
make -j8 all 
arm-none-eabi-size   Vega_ETX_Display_Firmware_V2.elf 
   text	   data	    bss	    dec	    hex	filename
  33916	    828	   2172	  36916	   9034	Vega_ETX_Display_Firmware_V2.elf
Finished building: default.size.stdout
 
09:29:56 **** Incremental Build of configuration Debug for project Vega_ETX_Display_Firmware_V2 ****
make -j8 all 
arm-none-eabi-gcc "../Core/Src/transmit.c" -mcpu=cortex-m3 -std=gnu11 -g3 -DDEBUG -DUSE_HAL_DRIVER -DSTM32F105xC -c -I../Core/Inc -I../Drivers/STM32F1xx_HAL_Driver/Inc/Legacy -I../Drivers/STM32F1xx_HAL_Driver/Inc -I../Drivers/CMSIS/Device/ST/STM32F1xx/Include -I../Drivers/CMSIS/Include -O0 -ffunction-sections -fdata-sections -Wall -fstack-usage -MMD -MP -MF"Core/Src/transmit.d" -MT"Core/Src/transmit.o" --specs=nano.specs -mfloat-abi=soft -mthumb -o "Core/Src/transmit.o"
arm-none-eabi-gcc -o "Vega_ETX_Display_Firmware_V2.elf" @"objects.list"   -mcpu=cortex-m3 -T"D:\Internship\Vega\Projects\Project 1 - Three wheeler CAN bus Communication to meter panel\Display Workspaces\Vega_ETX_Display_Firmware_V2\Vega_ETX_Display_Firmware_V2\STM32F105RBTX_FLASH.ld" --specs=nosys.specs -Wl,-Map="Vega_ETX_Display_Firmware_V2.map" -Wl,--gc-sections -static --specs=nano.specs -mfloat-abi=soft -mthumb -Wl,--start-group -lc -lm -Wl,--end-group
Finished building target: Vega_ETX_Display_Firmware_V2.elf
 
arm-none-eabi-size   Vega_ETX_Display_Firmware_V2.elf 
arm-none-eabi-objdump -h -S  Vega_ETX_Display_Firmware_V2.elf  > "Vega_ETX_Display_Firmware_V2.list"
   text	   data	    bss	    dec	    hex	filename
  33860	    828	   2172	  36860	   8ffc	Vega_ETX_Display_Firmware_V2.elf
Finished building: default.size.stdout
 
Finished building: Vega_ETX_Display_Firmware_V2.list
 
09:31:32 **** Incremental Build of configuration Debug for project Vega_ETX_Display_Firmware_V2 ****
make -j8 all 
arm-none-eabi-gcc "../Core/Src/state_machine.c" -mcpu=cortex-m3 -std=gnu11 -g3 -DDEBUG -DUSE_HAL_DRIVER -DSTM32F105xC -c -I../Core/Inc -I../Drivers/STM32F1xx_HAL_Driver/Inc/Legacy -I../Drivers/STM32F1xx_HAL_Driver/Inc -I../Drivers/CMSIS/Device/ST/STM32F1xx/Include -I../Drivers/CMSIS/Include -O0 -ffunction-sections -fdata-sections -Wall -fstack-usage -MMD -MP -MF"Core/Src/state_machine.d" -MT"Core/Src/state_machine.o" --specs=nano.specs -mfloat-abi=soft -mthumb -o "Core/Src/state_machine.o"
arm-none-eabi-gcc -o "Vega_ETX_Display_Firmware_V2.elf" @"objects.list"   -mcpu=cortex-m3 -T"D:\Internship\Vega\Projects\Project 1 - Three wheeler CAN bus Communication to meter panel\Display Workspaces\Vega_ETX_Display_Firmware_V2\Vega_ETX_Display_Firmware_V2\STM32F105RBTX_FLASH.ld" --specs=nosys.specs -Wl,-Map="Vega_ETX_Display_Firmware_V2.map" -Wl,--gc-sections -static --specs=nano.specs -mfloat-abi=soft -mthumb -Wl,--start-group -lc -lm -Wl,--end-group
Finished building target: Vega_ETX_Display_Firmware_V2.elf
 
arm-none-eabi-size   Vega_ETX_Display_Firmware_V2.elf 
arm-none-eabi-objdump -h -S  Vega_ETX_Display_Firmware_V2.elf  > "Vega_ETX_Display_Firmware_V2.list"
   text	   data	    bss	    dec	    hex	filename
  33856	    828	   2172	  36856	   8ff8	Vega_ETX_Display_Firmware_V2.elf
Finished building: default.size.stdout
 
Finished building: Vega_ETX_Display_Firmware_V2.list
 
09:32:39 **** Incremental Build of configuration Debug for project Vega_ETX_Display_Firmware_V2 ****
make -j8 all 
arm-none-eabi-gcc "../Core/Src/state_machine.c" -mcpu=cortex-m3 -std=gnu11 -g3 -DDEBUG -DUSE_HAL_DRIVER -DSTM32F105xC -c -I../Core/Inc -I../Drivers/STM32F1xx_HAL_Driver/Inc/Legacy -I../Drivers/STM32F1xx_HAL_Driver/Inc -I../Drivers/CMSIS/Device/ST/STM32F1xx/Include -I../Drivers/CMSIS/Include -O0 -ffunction-sections -fdata-sections -Wall -fstack-usage -MMD -MP -MF"Core/Src/state_machine.d" -MT"Core/Src/state_machine.o" --specs=nano.specs -mfloat-abi=soft -mthumb -o "Core/Src/state_machine.o"
arm-none-eabi-gcc -o "Vega_ETX_Display_Firmware_V2.elf" @"objects.list"   -mcpu=cortex-m3 -T"D:\Internship\Vega\Projects\Project 1 - Three wheeler CAN bus Communication to meter panel\Display Workspaces\Vega_ETX_Display_Firmware_V2\Vega_ETX_Display_Firmware_V2\STM32F105RBTX_FLASH.ld" --specs=nosys.specs -Wl,-Map="Vega_ETX_Display_Firmware_V2.map" -Wl,--gc-sections -static --specs=nano.specs -mfloat-abi=soft -mthumb -Wl,--start-group -lc -lm -Wl,--end-group
Finished building target: Vega_ETX_Display_Firmware_V2.elf
 
arm-none-eabi-size   Vega_ETX_Display_Firmware_V2.elf 
arm-none-eabi-objdump -h -S  Vega_ETX_Display_Firmware_V2.elf  > "Vega_ETX_Display_Firmware_V2.list"
   text	   data	    bss	    dec	    hex	filename
  33860	    828	   2172	  36860	   8ffc	Vega_ETX_Display_Firmware_V2.elf
Finished building: default.size.stdout
 
Finished building: Vega_ETX_Display_Firmware_V2.list
 
10:05:21 **** Incremental Build of configuration Debug for project Vega_ETX_Display_Firmware_V2 ****
make -j8 all 
arm-none-eabi-size   Vega_ETX_Display_Firmware_V2.elf 
   text	   data	    bss	    dec	    hex	filename
  33860	    828	   2172	  36860	   8ffc	Vega_ETX_Display_Firmware_V2.elf
Finished building: default.size.stdout
 
10:09:25 **** Incremental Build of configuration Debug for project Vega_ETX_Display_Firmware_V2 ****
make -j8 all 
arm-none-eabi-gcc "../Core/Src/state_machine.c" -mcpu=cortex-m3 -std=gnu11 -g3 -DDEBUG -DUSE_HAL_DRIVER -DSTM32F105xC -c -I../Core/Inc -I../Drivers/STM32F1xx_HAL_Driver/Inc/Legacy -I../Drivers/STM32F1xx_HAL_Driver/Inc -I../Drivers/CMSIS/Device/ST/STM32F1xx/Include -I../Drivers/CMSIS/Include -O0 -ffunction-sections -fdata-sections -Wall -fstack-usage -MMD -MP -MF"Core/Src/state_machine.d" -MT"Core/Src/state_machine.o" --specs=nano.specs -mfloat-abi=soft -mthumb -o "Core/Src/state_machine.o"
arm-none-eabi-gcc -o "Vega_ETX_Display_Firmware_V2.elf" @"objects.list"   -mcpu=cortex-m3 -T"D:\Internship\Vega\Projects\Project 1 - Three wheeler CAN bus Communication to meter panel\Display Workspaces\Vega_ETX_Display_Firmware_V2\Vega_ETX_Display_Firmware_V2\STM32F105RBTX_FLASH.ld" --specs=nosys.specs -Wl,-Map="Vega_ETX_Display_Firmware_V2.map" -Wl,--gc-sections -static --specs=nano.specs -mfloat-abi=soft -mthumb -Wl,--start-group -lc -lm -Wl,--end-group
Finished building target: Vega_ETX_Display_Firmware_V2.elf
 
arm-none-eabi-size   Vega_ETX_Display_Firmware_V2.elf 
arm-none-eabi-objdump -h -S  Vega_ETX_Display_Firmware_V2.elf  > "Vega_ETX_Display_Firmware_V2.list"
   text	   data	    bss	    dec	    hex	filename
  33872	    828	   2172	  36872	   9008	Vega_ETX_Display_Firmware_V2.elf
Finished building: default.size.stdout
 
Finished building: Vega_ETX_Display_Firmware_V2.list
 
10:13:37 **** Incremental Build of configuration Debug for project Vega_ETX_Display_Firmware_V2 ****
make -j8 all 
arm-none-eabi-gcc "../Core/Src/transmit.c" -mcpu=cortex-m3 -std=gnu11 -g3 -DDEBUG -DUSE_HAL_DRIVER -DSTM32F105xC -c -I../Core/Inc -I../Drivers/STM32F1xx_HAL_Driver/Inc/Legacy -I../Drivers/STM32F1xx_HAL_Driver/Inc -I../Drivers/CMSIS/Device/ST/STM32F1xx/Include -I../Drivers/CMSIS/Include -O0 -ffunction-sections -fdata-sections -Wall -fstack-usage -MMD -MP -MF"Core/Src/transmit.d" -MT"Core/Src/transmit.o" --specs=nano.specs -mfloat-abi=soft -mthumb -o "Core/Src/transmit.o"
arm-none-eabi-gcc -o "Vega_ETX_Display_Firmware_V2.elf" @"objects.list"   -mcpu=cortex-m3 -T"D:\Internship\Vega\Projects\Project 1 - Three wheeler CAN bus Communication to meter panel\Display Workspaces\Vega_ETX_Display_Firmware_V2\Vega_ETX_Display_Firmware_V2\STM32F105RBTX_FLASH.ld" --specs=nosys.specs -Wl,-Map="Vega_ETX_Display_Firmware_V2.map" -Wl,--gc-sections -static --specs=nano.specs -mfloat-abi=soft -mthumb -Wl,--start-group -lc -lm -Wl,--end-group
Finished building target: Vega_ETX_Display_Firmware_V2.elf
 
arm-none-eabi-size   Vega_ETX_Display_Firmware_V2.elf 
arm-none-eabi-objdump -h -S  Vega_ETX_Display_Firmware_V2.elf  > "Vega_ETX_Display_Firmware_V2.list"
   text	   data	    bss	    dec	    hex	filename
  33872	    828	   2172	  36872	   9008	Vega_ETX_Display_Firmware_V2.elf
Finished building: default.size.stdout
 
Finished building: Vega_ETX_Display_Firmware_V2.list
 
11:08:39 **** Incremental Build of configuration Debug for project Vega_ETX_Display_Firmware_V2 ****
make -j8 all 
arm-none-eabi-size   Vega_ETX_Display_Firmware_V2.elf 
   text	   data	    bss	    dec	    hex	filename
  33872	    828	   2172	  36872	   9008	Vega_ETX_Display_Firmware_V2.elf
Finished building: default.size.stdout
 
11:10:20 **** Incremental Build of configuration Debug for project Vega_ETX_Display_Firmware_V2 ****
make -j8 all 
arm-none-eabi-gcc "../Core/Src/gpio.c" -mcpu=cortex-m3 -std=gnu11 -g3 -DDEBUG -DUSE_HAL_DRIVER -DSTM32F105xC -c -I../Core/Inc -I../Drivers/STM32F1xx_HAL_Driver/Inc/Legacy -I../Drivers/STM32F1xx_HAL_Driver/Inc -I../Drivers/CMSIS/Device/ST/STM32F1xx/Include -I../Drivers/CMSIS/Include -O0 -ffunction-sections -fdata-sections -Wall -fstack-usage -MMD -MP -MF"Core/Src/gpio.d" -MT"Core/Src/gpio.o" --specs=nano.specs -mfloat-abi=soft -mthumb -o "Core/Src/gpio.o"
arm-none-eabi-gcc -o "Vega_ETX_Display_Firmware_V2.elf" @"objects.list"   -mcpu=cortex-m3 -T"D:\Internship\Vega\Projects\Project 1 - Three wheeler CAN bus Communication to meter panel\Display Workspaces\Vega_ETX_Display_Firmware_V2\Vega_ETX_Display_Firmware_V2\STM32F105RBTX_FLASH.ld" --specs=nosys.specs -Wl,-Map="Vega_ETX_Display_Firmware_V2.map" -Wl,--gc-sections -static --specs=nano.specs -mfloat-abi=soft -mthumb -Wl,--start-group -lc -lm -Wl,--end-group
Finished building target: Vega_ETX_Display_Firmware_V2.elf
 
arm-none-eabi-size   Vega_ETX_Display_Firmware_V2.elf 
arm-none-eabi-objdump -h -S  Vega_ETX_Display_Firmware_V2.elf  > "Vega_ETX_Display_Firmware_V2.list"
   text	   data	    bss	    dec	    hex	filename
  33872	    828	   2172	  36872	   9008	Vega_ETX_Display_Firmware_V2.elf
Finished building: default.size.stdout
 
Finished building: Vega_ETX_Display_Firmware_V2.list
 
